Component: ARM Compiler 5.06 update 7 (build 960) Tool: armlink [4d3601]

==============================================================================

Section Cross References

    edisk.o(i.eDisk_Format) refers to flashprogram.o(i.Flash_Erase) for Flash_Erase
    edisk.o(i.eDisk_WriteSector) refers to flashprogram.o(i.Flash_WriteArray) for Flash_WriteArray
    flashprogram.o(i.Flash_Erase) refers to flashprogram.o(i.EraseAddrValid) for EraseAddrValid
    flashprogram.o(i.Flash_Erase) refers to startup_tm4c123.o(.text) for DisableInterrupts
    flashprogram.o(i.Flash_FastWrite) refers to flashprogram.o(i.MassWriteAddrValid) for MassWriteAddrValid
    flashprogram.o(i.Flash_FastWrite) refers to startup_tm4c123.o(.text) for DisableInterrupts
    flashprogram.o(i.Flash_Write) refers to flashprogram.o(i.WriteAddrValid) for WriteAddrValid
    flashprogram.o(i.Flash_Write) refers to startup_tm4c123.o(.text) for DisableInterrupts
    flashprogram.o(i.Flash_WriteArray) refers to flashprogram.o(i.Flash_Write) for Flash_Write
    lab5.o(i.DayViewSetup) refers to day_view.o(i.GetDayView) for GetDayView
    lab5.o(i.DayViewSetup) refers to day_view_controller.o(i.InitDayViewController) for InitDayViewController
    lab5.o(i.DayViewSetup) refers to lab5.o(.data) for dummyDate
    lab5.o(i.DayViewSetup) refers to lab5.o(.bss) for MonthViewController
    lab5.o(i.DrawHLine) refers to bsp.o(i.BSP_LCD_Color565) for BSP_LCD_Color565
    lab5.o(i.DrawHLine) refers to bsp.o(i.BSP_LCD_DrawFastHLine) for BSP_LCD_DrawFastHLine
    lab5.o(i.DrawString) refers to bsp.o(i.BSP_LCD_Color565) for BSP_LCD_Color565
    lab5.o(i.DrawString) refers to bsp.o(i.BSP_LCD_DrawString) for BSP_LCD_DrawString
    lab5.o(i.DrawVLine) refers to bsp.o(i.BSP_LCD_Color565) for BSP_LCD_Color565
    lab5.o(i.DrawVLine) refers to bsp.o(i.BSP_LCD_DrawFastVLine) for BSP_LCD_DrawFastVLine
    lab5.o(i.FillRect) refers to bsp.o(i.BSP_LCD_Color565) for BSP_LCD_Color565
    lab5.o(i.FillRect) refers to bsp.o(i.BSP_LCD_FillRect) for BSP_LCD_FillRect
    lab5.o(i.FillScreen) refers to bsp.o(i.BSP_LCD_Color565) for BSP_LCD_Color565
    lab5.o(i.FillScreen) refers to bsp.o(i.BSP_LCD_FillScreen) for BSP_LCD_FillScreen
    lab5.o(i.GetCurrentCalendarTime) refers to lab5.o(.data) for DummyTime
    lab5.o(i.MonthViewSetup) refers to month_view.o(i.GetMonthView) for GetMonthView
    lab5.o(i.MonthViewSetup) refers to month_view_controller.o(i.InitMonthViewController) for InitMonthViewController
    lab5.o(i.MonthViewSetup) refers to lab5.o(.constdata) for .constdata
    lab5.o(i.MonthViewSetup) refers to lab5.o(.bss) for DayViewController
    lab5.o(i.main) refers to startup_tm4c123.o(.text) for DisableInterrupts
    lab5.o(i.main) refers to bsp.o(i.BSP_Clock_InitFastest) for BSP_Clock_InitFastest
    lab5.o(i.main) refers to profile.o(i.Profile_Init) for Profile_Init
    lab5.o(i.main) refers to bsp.o(i.BSP_Button1_Init) for BSP_Button1_Init
    lab5.o(i.main) refers to bsp.o(i.BSP_Button2_Init) for BSP_Button2_Init
    lab5.o(i.main) refers to bsp.o(i.BSP_LCD_Init) for BSP_LCD_Init
    lab5.o(i.main) refers to bsp.o(i.BSP_LCD_FillScreen) for BSP_LCD_FillScreen
    lab5.o(i.main) refers to lab5.o(i.DayViewSetup) for DayViewSetup
    lab5.o(i.main) refers to lab5.o(i.MonthViewSetup) for MonthViewSetup
    lab5.o(i.main) refers to controller.o(i.ControllerUpdate) for ControllerUpdate
    lab5.o(i.main) refers to lab5.o(.data) for CurrentController
    lab5.o(.data) refers to lab5.o(.bss) for MonthViewController
    efile.o(i.MountDirectory) refers to edisk.o(i.eDisk_ReadSector) for eDisk_ReadSector
    efile.o(i.MountDirectory) refers to efile.o(.data) for bDirectoryLoaded
    efile.o(i.MountDirectory) refers to efile.o(.bss) for Buff
    efile.o(i.OS_File_Append) refers to efile.o(i.MountDirectory) for MountDirectory
    efile.o(i.OS_File_Append) refers to efile.o(i.findfreesector) for findfreesector
    efile.o(i.OS_File_Append) refers to edisk.o(i.eDisk_WriteSector) for eDisk_WriteSector
    efile.o(i.OS_File_Append) refers to efile.o(i.appendfat) for appendfat
    efile.o(i.OS_File_Flush) refers to edisk.o(i.eDisk_WriteSector) for eDisk_WriteSector
    efile.o(i.OS_File_Flush) refers to efile.o(.bss) for Directory
    efile.o(i.OS_File_Format) refers to edisk.o(i.eDisk_Format) for eDisk_Format
    efile.o(i.OS_File_Format) refers to efile.o(.data) for bDirectoryLoaded
    efile.o(i.OS_File_New) refers to efile.o(i.MountDirectory) for MountDirectory
    efile.o(i.OS_File_New) refers to efile.o(.bss) for Directory
    efile.o(i.OS_File_Read) refers to edisk.o(i.eDisk_ReadSector) for eDisk_ReadSector
    efile.o(i.OS_File_Read) refers to efile.o(.bss) for Directory
    efile.o(i.OS_File_Size) refers to efile.o(.bss) for Directory
    efile.o(i.appendfat) refers to efile.o(.bss) for Directory
    efile.o(i.findfreesector) refers to efile.o(i.lastsector) for lastsector
    efile.o(i.findfreesector) refers to efile.o(i.max) for max
[...]
    !!!scatter                               0x00000274   Section       52  __scatter.o(!!!scatter)
    !!dczerorl2                              0x000002a8   Section       90  __dczerorl2.o(!!dczerorl2)
    !!handler_zi                             0x00000304   Section       28  __scatter_zi.o(!!handler_zi)
    .ARM.Collect$$_printf_percent$$00000000  0x00000320   Section        0  _printf_percent.o(.ARM.Collect$$_printf_percent$$00000000)
    .ARM.Collect$$_printf_percent$$00000009  0x00000320   Section        6  _printf_d.o(.ARM.Collect$$_printf_percent$$00000009)
    .ARM.Collect$$_printf_percent$$00000017  0x00000326   Section        4  _printf_percent_end.o(.ARM.Collect$$_printf_percent$$00000017)
    .ARM.Collect$$libinit$$00000000          0x0000032a   Section        2  libinit.o(.ARM.Collect$$libinit$$00000000)
    .ARM.Collect$$libinit$$00000002          0x0000032c   Section        0  libinit2.o(.ARM.Collect$$libinit$$00000002)
    .ARM.Collect$$libinit$$00000004          0x0000032c   Section        0  libinit2.o(.ARM.Collect$$libinit$$00000004)
    .ARM.Collect$$libinit$$00000005          0x0000032c   Section        8  libinit2.o(.ARM.Collect$$libinit$$00000005)
    .ARM.Collect$$libinit$$0000000A          0x00000334   Section        0  libinit2.o(.ARM.Collect$$libinit$$0000000A)
    .ARM.Collect$$libinit$$0000000C          0x00000334   Section        0  libinit2.o(.ARM.Collect$$libinit$$0000000C)
    .ARM.Collect$$libinit$$0000000E          0x00000334   Section        0  libinit2.o(.ARM.Collect$$libinit$$0000000E)
    .ARM.Collect$$libinit$$00000011          0x00000334   Section        0  libinit2.o(.ARM.Collect$$libinit$$00000011)
    .ARM.Collect$$libinit$$00000013          0x00000334   Section        0  libinit2.o(.ARM.Collect$$libinit$$00000013)
    .ARM.Collect$$libinit$$00000015          0x00000334   Section        0  libinit2.o(.ARM.Collect$$libinit$$00000015)
    .ARM.Collect$$libinit$$00000017          0x00000334   Section        0  libinit2.o(.ARM.Collect$$libinit$$00000017)
    .ARM.Collect$$libinit$$00000019          0x00000334   Section        0  libinit2.o(.ARM.Collect$$libinit$$00000019)
    .ARM.Collect$$libinit$$0000001B          0x00000334   Section        0  libinit2.o(.ARM.Collect$$libinit$$0000001B)
    .ARM.Collect$$libinit$$0000001D          0x00000334   Section        0  libinit2.o(.ARM.Collect$$libinit$$0000001D)
    .ARM.Collect$$libinit$$0000001F          0x00000334   Section        0  libinit2.o(.ARM.Collect$$libinit$$0000001F)
    .ARM.Collect$$libinit$$00000021          0x00000334   Section        0  libinit2.o(.ARM.Collect$$libinit$$00000021)
    .ARM.Collect$$libinit$$00000023          0x00000334   Section        0  libinit2.o(.ARM.Collect$$libinit$$00000023)
    .ARM.Collect$$libinit$$00000025          0x00000334   Section        0  libinit2.o(.ARM.Collect$$libinit$$00000025)
    .ARM.Collect$$libinit$$0000002C          0x00000334   Section        0  libinit2.o(.ARM.Collect$$libinit$$0000002C)
    .ARM.Collect$$libinit$$0000002E          0x00000334   Section        0  libinit2.o(.ARM.Collect$$libinit$$0000002E)
    .ARM.Collect$$libinit$$00000030          0x00000334   Section        0  libinit2.o(.ARM.Collect$$libinit$$00000030)
    .ARM.Collect$$libinit$$00000032          0x00000334   Section        0  libinit2.o(.ARM.Collect$$libinit$$00000032)
    .ARM.Collect$$libinit$$00000033          0x00000334   Section        2  libinit2.o(.ARM.Collect$$libinit$$00000033)
    .ARM.Collect$$libshutdown$$00000000      0x00000336   Section        2  libshutdown.o(.ARM.Collect$$libshutdown$$00000000)
    .ARM.Collect$$libshutdown$$00000002      0x00000338   Section        0  libshutdown2.o(.ARM.Collect$$libshutdown$$00000002)
    .ARM.Collect$$libshutdown$$00000004      0x00000338   Section        0  libshutdown2.o(.ARM.Collect$$libshutdown$$00000004)
    .ARM.Collect$$libshutdown$$00000006      0x00000338   Section        0  libshutdown2.o(.ARM.Collect$$libshutdown$$00000006)
    .ARM.Collect$$libshutdown$$00000009      0x00000338   Section        0  libshutdown2.o(.ARM.Collect$$libshutdown$$00000009)
    .ARM.Collect$$libshutdown$$0000000C      0x00000338   Section        0  libshutdown2.o(.ARM.Collect$$libshutdown$$0000000C)
    .ARM.Collect$$libshutdown$$0000000E      0x00000338   Section        0  libshutdown2.o(.ARM.Collect$$libshutdown$$0000000E)
    .ARM.Collect$$libshutdown$$00000011      0x00000338   Section        0  libshutdown2.o(.ARM.Collect$$libshutdown$$00000011)
    .ARM.Collect$$libshutdown$$00000012      0x00000338   Section        2  libshutdown2.o(.ARM.Collect$$libshutdown$$00000012)
    .ARM.Collect$$rtentry$$00000000          0x0000033a   Section        0  __rtentry.o(.ARM.Collect$$rtentry$$00000000)
    .ARM.Collect$$rtentry$$00000002          0x0000033a   Section        0  __rtentry2.o(.ARM.Collect$$rtentry$$00000002)
    .ARM.Collect$$rtentry$$00000004          0x0000033a   Section        6  __rtentry4.o(.ARM.Collect$$rtentry$$00000004)
    .ARM.Collect$$rtentry$$00000009          0x00000340   Section        0  __rtentry2.o(.ARM.Collect$$rtentry$$00000009)
    .ARM.Collect$$rtentry$$0000000A          0x00000340   Section        4  __rtentry2.o(.ARM.Collect$$rtentry$$0000000A)
    .ARM.Collect$$rtentry$$0000000C          0x00000344   Section        0  __rtentry2.o(.ARM.Collect$$rtentry$$0000000C)
    .ARM.Collect$$rtentry$$0000000D          0x00000344   Section        8  __rtentry2.o(.ARM.Collect$$rtentry$$0000000D)
    .ARM.Collect$$rtexit$$00000000           0x0000034c   Section        2  rtexit.o(.ARM.Collect$$rtexit$$00000000)
    .ARM.Collect$$rtexit$$00000002           0x0000034e   Section        0  rtexit2.o(.ARM.Collect$$rtexit$$00000002)
    .ARM.Collect$$rtexit$$00000003           0x0000034e   Section        4  rtexit2.o(.ARM.Collect$$rtexit$$00000003)
    .ARM.Collect$$rtexit$$00000004           0x00000352   Section        6  rtexit2.o(.ARM.Collect$$rtexit$$00000004)
    .emb_text                                0x00000358   Section        6  bsp.o(.emb_text)
    .emb_text                                0x00000360   Section        0  maybetermalloc1.o(.emb_text)
    .text                                    0x00000360   Section      296  startup_tm4c123.o(.text)
    .text                                    0x00000488   Section        0  calloc.o(.text)
    .text                                    0x000004b0   Section        0  h1_free.o(.text)
    .text                                    0x00000500   Section        0  noretval__2sprintf.o(.text)
    .text                                    0x00000528   Section        0  _printf_dec.o(.text)
    .text                                    0x000005a0   Section        0  __printf_wp.o(.text)
    .text                                    0x000006ae   Section      100  rt_memcpy_w.o(.text)
    .text                                    0x00000712   Section       78  rt_memclr_w.o(.text)
    .text                                    0x00000760   Section        0  heapauxi.o(.text)
    .text                                    0x00000768   Section        8  rt_heap_descriptor_intlibspace.o(.text)
    .text                                    0x00000770   Section        0  hguard.o(.text)
    .text                                    0x00000774   Section        0  init_alloc.o(.text)
    .text                                    0x000007fe   Section        0  h1_alloc.o(.text)
    .text                                    0x0000085c   Section        0  _printf_intcommon.o(.text)
    .text                                    0x00000910   Section        0  _printf_char_common.o(.text)
    _printf_input_char                       0x00000911   Thumb Code    10  _printf_char_common.o(.text)
    .text                                    0x00000940   Section        0  _sputc.o(.text)
    .text                                    0x0000094a   Section       68  rt_memclr.o(.text)
    .text                                    0x00000990   Section        8  libspace.o(.text)
    .text                                    0x00000998   Section        0  h1_init.o(.text)
    .text                                    0x000009a6   Section        0  h1_extend.o(.text)
    .text                                    0x000009da   Section        0  defsig_rtmem_outer.o(.text)
    .text                                    0x000009e8   Section       74  sys_stackheap_outer.o(.text)
    .text                                    0x00000a32   Section        0  exit.o(.text)
    .text                                    0x00000a44   Section        0  defsig_exit.o(.text)
    .text                                    0x00000a50   Section        0  defsig_rtmem_inner.o(.text)
    .text                                    0x00000aa0   Section        0  sys_exit.o(.text)
    .text                                    0x00000aac   Section        2  use_no_semi.o(.text)
    .text                                    0x00000aae   Section        0  defsig_general.o(.text)
    .text                                    0x00000aae   Section        0  indicate_semi.o(.text)
    .text                                    0x00000ae0   Section        0  sys_wrch.o(.text)
    i.AddMinsToTimeslot                      0x00000aee   Section        0  date_time_lib.o(i.AddMinsToTimeslot)
    i.BSP_Button1_Init                       0x00000b1c   Section        0  bsp.o(i.BSP_Button1_Init)
    i.BSP_Button2_Init                       0x00000b9c   Section        0  bsp.o(i.BSP_Button2_Init)
    i.BSP_Clock_InitFastest                  0x00000c2c   Section        0  bsp.o(i.BSP_Clock_InitFastest)
    i.BSP_Delay1ms                           0x00000cb8   Section        0  bsp.o(i.BSP_Delay1ms)
    i.BSP_LCD_Color565                       0x00000cce   Section        0  bsp.o(i.BSP_LCD_Color565)
    i.BSP_LCD_DrawChar                       0x00000ce8   Section        0  bsp.o(i.BSP_LCD_DrawChar)
    i.BSP_LCD_DrawFastHLine                  0x00000df8   Section        0  bsp.o(i.BSP_LCD_DrawFastHLine)
    i.BSP_LCD_DrawFastVLine                  0x00000e74   Section        0  bsp.o(i.BSP_LCD_DrawFastVLine)
    i.BSP_LCD_DrawString                     0x00000ef0   Section        0  bsp.o(i.BSP_LCD_DrawString)
    i.BSP_LCD_FillRect                       0x00000f2c   Section        0  bsp.o(i.BSP_LCD_FillRect)
    i.BSP_LCD_FillScreen                     0x00000fd8   Section        0  bsp.o(i.BSP_LCD_FillScreen)
    i.BSP_LCD_Init                           0x00000ffc   Section        0  bsp.o(i.BSP_LCD_Init)
    i.BSP_LCD_SetCursor                      0x00001008   Section        0  bsp.o(i.BSP_LCD_SetCursor)
    i.CalculateDayPosition                   0x00001028   Section        0  month_view.o(i.CalculateDayPosition)
    i.CalculateTimeslots                     0x00001040   Section        0  day_view.o(i.CalculateTimeslots)
    i.ControllerUpdate                       0x00001098   Section        0  controller.o(i.ControllerUpdate)
    i.DayViewDraw                            0x000010d0   Section        0  day_view.o(i.DayViewDraw)
    i.DayViewSetup                           0x0000117c   Section        0  lab5.o(i.DayViewSetup)
    i.DoTimeslotsOverlap                     0x000011b4   Section        0  date_time_lib.o(i.DoTimeslotsOverlap)
    i.DrawCurrentTime                        0x000011f8   Section        0  day_view.o(i.DrawCurrentTime)
    i.DrawDayNumbers                         0x000012a8   Section        0  month_view.o(i.DrawDayNumbers)
    i.DrawDayOfWeekHeader                    0x00001320   Section        0  month_view.o(i.DrawDayOfWeekHeader)
    i.DrawEvents                             0x0000137c   Section        0  day_view.o(i.DrawEvents)
    i.DrawHLine                              0x0000152a   Section        0  lab5.o(i.DrawHLine)
    i.DrawHeaderDayView                      0x00001558   Section        0  day_view.o(i.DrawHeaderDayView)
    i.DrawHeaderMonthView                    0x000015cc   Section        0  month_view.o(i.DrawHeaderMonthView)
    i.DrawMonthGrid                          0x00001638   Section        0  month_view.o(i.DrawMonthGrid)
    i.DrawSelectedDayIndicator               0x0000169c   Section        0  month_view.o(i.DrawSelectedDayIndicator)
    i.DrawString                             0x00001708   Section        0  lab5.o(i.DrawString)
    i.DrawTimeslots                          0x00001734   Section        0  day_view.o(i.DrawTimeslots)
    i.DrawTimeslotsAndEvents                 0x000017c8   Section        0  day_view.o(i.DrawTimeslotsAndEvents)
    i.DrawVLine                              0x0000182c   Section        0  lab5.o(i.DrawVLine)
    i.FillRect                               0x00001858   Section        0  lab5.o(i.FillRect)
    i.FillScreen                             0x0000188a   Section        0  lab5.o(i.FillScreen)
    i.GetCurrentCalendarTime                 0x000018a8   Section        0  lab5.o(i.GetCurrentCalendarTime)
    i.GetDayOfWeek                           0x000018b0   Section        0  date_time_lib.o(i.GetDayOfWeek)
    i.GetDayView                             0x000018ec   Section        0  day_view.o(i.GetDayView)
    i.GetMonthView                           0x00001914   Section        0  month_view.o(i.GetMonthView)
    i.GetNumDaysInMonth                      0x0000193c   Section        0  date_time_lib.o(i.GetNumDaysInMonth)
    i.ImplGetCurrTimeslot                    0x00001964   Section        0  day_view.o(i.ImplGetCurrTimeslot)
    i.ImplGetDate                            0x0000196c   Section        0  day_view.o(i.ImplGetDate)
    i.ImplGetDateMonthView                   0x00001972   Section        0  month_view.o(i.ImplGetDateMonthView)
    i.ImplGetSelectedEvent                   0x00001998   Section        0  day_view.o(i.ImplGetSelectedEvent)
    i.ImplMonthViewDraw                      0x000019b6   Section        0  month_view.o(i.ImplMonthViewDraw)
    i.ImplSelectNextDay                      0x000019d8   Section        0  month_view.o(i.ImplSelectNextDay)
    i.ImplSelectNextEvent                    0x000019f2   Section        0  day_view.o(i.ImplSelectNextEvent)
    i.ImplSelectNextTimeslot                 0x00001a78   Section        0  day_view.o(i.ImplSelectNextTimeslot)
    i.ImplSelectNextWeek                     0x00001a8e   Section        0  month_view.o(i.ImplSelectNextWeek)
    i.ImplSelectPrevDay                      0x00001aa8   Section        0  month_view.o(i.ImplSelectPrevDay)
    i.ImplSelectPrevEvent                    0x00001ac2   Section        0  day_view.o(i.ImplSelectPrevEvent)
    i.ImplSelectPrevTimeslot                 0x00001b46   Section        0  day_view.o(i.ImplSelectPrevTimeslot)
    i.ImplSelectPrevWeek                     0x00001b5c   Section        0  month_view.o(i.ImplSelectPrevWeek)
    i.ImplSetCurrTimeslot                    0x00001b76   Section        0  day_view.o(i.ImplSetCurrTimeslot)
    i.ImplSetDate                            0x00001ba2   Section        0  day_view.o(i.ImplSetDate)
    i.ImplSetEvents                          0x00001bb0   Section        0  day_view.o(i.ImplSetEvents)
    i.ImplSetMonthInfo                       0x00001bba   Section        0  month_view.o(i.ImplSetMonthInfo)
    i.InitDayView                            0x00001bf0   Section        0  day_view.o(i.InitDayView)
    i.InitDayViewController                  0x00001cac   Section        0  day_view_controller.o(i.InitDayViewController)
    i.InitMonthView                          0x00001cc8   Section        0  month_view.o(i.InitMonthView)
    i.InitMonthViewController                0x00001d48   Section        0  month_view_controller.o(i.InitMonthViewController)
    i.IsBackButtonPressed                    0x00001d64   Section        0  lab5.o(i.IsBackButtonPressed)
    i.IsDownButtonPressed                    0x00001d68   Section        0  lab5.o(i.IsDownButtonPressed)
    i.IsLeapYear                             0x00001d6c   Section        0  date_time_lib.o(i.IsLeapYear)
    i.IsLeftButtonPressed                    0x00001da6   Section        0  lab5.o(i.IsLeftButtonPressed)
    i.IsRightButtonPressed                   0x00001daa   Section        0  lab5.o(i.IsRightButtonPressed)
    i.IsSelectButtonPressed                  0x00001dae   Section        0  lab5.o(i.IsSelectButtonPressed)
    i.IsUpButtonPressed                      0x00001db2   Section        0  lab5.o(i.IsUpButtonPressed)
    i.LoadEventsForDay                       0x00001db6   Section        0  lab5.o(i.LoadEventsForDay)
    i.MonthViewSetup                         0x00001dbc   Section        0  lab5.o(i.MonthViewSetup)
    i.PositionToDayOfMonth                   0x00001de8   Section        0  month_view.o(i.PositionToDayOfMonth)
    i.Profile_Init                           0x00001e20   Section        0  profile.o(i.Profile_Init)
    i.RecalculateEventPlacement              0x00001ff4   Section        0  day_view.o(i.RecalculateEventPlacement)
    i.ST7735_InitR                           0x00002118   Section        0  bsp.o(i.ST7735_InitR)
    ST7735_InitR                             0x00002119   Thumb Code    86  bsp.o(i.ST7735_InitR)
    i.SubMinsFromTimeslot                    0x0000218c   Section        0  date_time_lib.o(i.SubMinsFromTimeslot)
    i.TIMER5A_Handler                        0x000021d0   Section        0  texas.o(i.TIMER5A_Handler)
    i.TimeslotStartSplitMins                 0x000021e8   Section        0  date_time_lib.o(i.TimeslotStartSplitMins)
    i.UpdateDayView                          0x00002212   Section        0  day_view_controller.o(i.UpdateDayView)
    i.UpdateMonthView                        0x000022ce   Section        0  month_view_controller.o(i.UpdateMonthView)
    i.WideTimer3A_Handler                    0x00002348   Section        0  bsp.o(i.WideTimer3A_Handler)
    i.WideTimer4A_Handler                    0x00002360   Section        0  bsp.o(i.WideTimer4A_Handler)
    i.WideTimer5A_Handler                    0x00002378   Section        0  bsp.o(i.WideTimer5A_Handler)
    i._is_digit                              0x00002390   Section        0  __printf_wp.o(i._is_digit)
    i.commandList                            0x0000239e   Section        0  bsp.o(i.commandList)
    commandList                              0x0000239f   Thumb Code    86  bsp.o(i.commandList)
    i.commonInit                             0x000023f4   Section        0  bsp.o(i.commonInit)
    commonInit                               0x000023f5   Thumb Code   452  bsp.o(i.commonInit)
    i.determinedaycode                       0x000025f8   Section        0  date_time_lib.o(i.determinedaycode)
    i.main                                   0x00002694   Section        0  lab5.o(i.main)
    i.pushColor                              0x000026d0   Section        0  bsp.o(i.pushColor)
    pushColor                                0x000026d1   Thumb Code    18  bsp.o(i.pushColor)
    i.setAddrWindow                          0x000026e4   Section        0  bsp.o(i.setAddrWindow)
    setAddrWindow                            0x000026e5   Thumb Code   106  bsp.o(i.setAddrWindow)
    i.writecommand                           0x00002758   Section        0  bsp.o(i.writecommand)
    writecommand                             0x00002759   Thumb Code    62  bsp.o(i.writecommand)
    i.writedata                              0x000027a0   Section        0  bsp.o(i.writedata)
    writedata                                0x000027a1   Thumb Code    64  bsp.o(i.writedata)
    x$fpl$dadd                               0x000027e8   Section      336  daddsub_clz.o(x$fpl$dadd)
    _dadd1                                   0x000027f9   Thumb Code     0  daddsub_clz.o(x$fpl$dadd)
    x$fpl$ddiv                               0x00002938   Section      688  ddiv.o(x$fpl$ddiv)
    ddiv_entry                               0x0000293f   Thumb Code     0  ddiv.o(x$fpl$ddiv)
    x$fpl$dfix                               0x00002be8   Section       94  dfix.o(x$fpl$dfix)
    x$fpl$dflt                               0x00002c46   Section       46  dflt_clz.o(x$fpl$dflt)
    x$fpl$dnaninf                            0x00002c74   Section      156  dnaninf.o(x$fpl$dnaninf)
    x$fpl$dretinf                            0x00002d10   Section       12  dretinf.o(x$fpl$dretinf)
    x$fpl$dsub                               0x00002d1c   Section      468  daddsub_clz.o(x$fpl$dsub)
    _dsub1                                   0x00002d2d   Thumb Code     0  daddsub_clz.o(x$fpl$dsub)
    .constdata                               0x00002ef0   Section        4  lab5.o(.constdata)
    x$fpl$usenofp                            0x00002ef0   Section        0  usenofp.o(x$fpl$usenofp)
    .constdata                               0x00002ef4   Section     1403  bsp.o(.constdata)
    Font                                     0x00002ef4   Data        1275  bsp.o(.constdata)
    Rcmd1                                    0x000033ef   Data          59  bsp.o(.constdata)
    Rcmd2green                               0x0000342a   Data          13  bsp.o(.constdata)
    Rcmd2red                                 0x00003437   Data          13  bsp.o(.constdata)
    Rcmd3                                    0x00003444   Data          43  bsp.o(.constdata)
    .constdata                               0x00003470   Section       48  day_view.o(.constdata)
    .conststring                             0x000034a0   Section       18  month_view.o(.conststring)
    .data                                    0x20000000   Section      596  lab5.o(.data)
    events                                   0x20000014   Data         576  lab5.o(.data)
    .data                                    0x20000254   Section       68  bsp.o(.data)
    ClockFrequency                           0x20000254   Data           4  bsp.o(.data)
    PWMCycles                                0x20000258   Data           2  bsp.o(.data)
    ColStart                                 0x20000266   Data           1  bsp.o(.data)
    RowStart                                 0x20000267   Data           1  bsp.o(.data)
    _width                                   0x20000268   Data           2  bsp.o(.data)
    _height                                  0x2000026a   Data           2  bsp.o(.data)
    .data                                    0x20000298   Section       40  day_view.o(.data)
    .data                                    0x200002c0   Section       36  month_view.o(.data)
    dayStrings                               0x200002c8   Data          28  month_view.o(.data)
    .data                                    0x200002e4   Section       48  date_time_lib.o(.data)
    .data                                    0x20000314   Section       24  texas.o(.data)
    .bss                                     0x2000032c   Section       32  lab5.o(.bss)
    .bss                                     0x2000034c   Section      320  day_view.o(.bss)
    eventPlacements                          0x2000034c   Data         320  day_view.o(.bss)
    .bss                                     0x2000048c   Section       96  libspace.o(.bss)
    HEAP                                     0x200004f0   Section     8192  startup_tm4c123.o(HEAP)
    Heap_Mem                                 0x200004f0   Data        8192  startup_tm4c123.o(HEAP)
    STACK                                    0x200024f0   Section     2048  startup_tm4c123.o(STACK)
    Stack_Mem                                0x200024f0   Data        2048  startup_tm4c123.o(STACK)
    __initial_sp                             0x20002cf0   Data           0  startup_tm4c123.o(STACK)

    Global Symbols

    Symbol Name                              Value     Ov Type        Size  Object(Section)

    BuildAttributes$$THM_ISAv4$E$P$D$K$B$S$7EM$PE$A:L22UL41UL21$X:L11$S22US41US21$IEEE1$IW$USESV6$~STKCKD$USESV7$~SHL$OTIME$ROPI$EBA8$UX$STANDARDLIB$REQ8$PRES8$EABIv2 0x00000000   Number         0  anon$$obj.o ABSOLUTE
    __ARM_use_no_argv                        0x00000000   Number         0  lab5.o ABSOLUTE
    __Vectors                                0x00000000   Data           4  startup_tm4c123.o(RESET)
    _printf_flags                            0x00000000   Number         0  printf_stubs.o ABSOLUTE
    _printf_return_value                     0x00000000   Number         0  printf_stubs.o ABSOLUTE
    _printf_sizespec                         0x00000000   Number         0  printf_stubs.o ABSOLUTE
    _printf_widthprec                        0x00000000   Number         0  printf_stubs.o ABSOLUTE
    __ARM_exceptions_init                     - Undefined Weak Reference
    __alloca_initialize                       - Undefined Weak Reference
    __arm_fini_                               - Undefined Weak Reference
    __arm_preinit_                            - Undefined Weak Reference
    __cpp_initialize__aeabi_                  - Undefined Weak Reference
    __cxa_finalize                            - Undefined Weak Reference
    __rt_locale                               - Undefined Weak Reference
    __sigvec_lookup                           - Undefined Weak Reference
    __user_heap_extent                        - Undefined Weak Reference
    _atexit_init                              - Undefined Weak Reference
    _call_atexit_fns                          - Undefined Weak Reference
    _clock_init                               - Undefined Weak Reference
    _fp_trap_init                             - Undefined Weak Reference
    _fp_trap_shutdown                         - Undefined Weak Reference
    _get_lc_collate                           - Undefined Weak Reference
    _get_lc_ctype                             - Undefined Weak Reference
    _get_lc_monetary                          - Undefined Weak Reference
    _get_lc_numeric                           - Undefined Weak Reference
    _get_lc_time                              - Undefined Weak Reference
    _getenv_init                              - Undefined Weak Reference
    _handle_redirection                       - Undefined Weak Reference
    _initio                                   - Undefined Weak Reference
    _mutex_acquire                            - Undefined Weak Reference
    _mutex_free                               - Undefined Weak Reference
    _mutex_release                            - Undefined Weak Reference
    _printf_mbtowc                            - Undefined Weak Reference
    _printf_truncate_signed                   - Undefined Weak Reference
    _printf_truncate_unsigned                 - Undefined Weak Reference
    _rand_init                                - Undefined Weak Reference
    _signal_finish                            - Undefined Weak Reference
    _signal_init                              - Undefined Weak Reference
    _terminateio                              - Undefined Weak Reference
    __Vectors_End                            0x0000026c   Data           0  startup_tm4c123.o(RESET)
    __Vectors_Size                           0x0000026c   Number         0  startup_tm4c123.o ABSOLUTE
    __main                                   0x0000026d   Thumb Code     8  __main.o(!!!main)
    __scatterload                            0x00000275   Thumb Code     0  __scatter.o(!!!scatter)
    __scatterload_rt2                        0x00000275   Thumb Code    44  __scatter.o(!!!scatter)
    __scatterload_rt2_thumb_only             0x00000275   Thumb Code     0  __scatter.o(!!!scatter)
    __scatterload_null                       0x00000283   Thumb Code     0  __scatter.o(!!!scatter)
    __decompress                             0x000002a9   Thumb Code    90  __dczerorl2.o(!!dczerorl2)
    __decompress1                            0x000002a9   Thumb Code     0  __dczerorl2.o(!!dczerorl2)
    __scatterload_zeroinit                   0x00000305   Thumb Code    28  __scatter_zi.o(!!handler_zi)
    _printf_d                                0x00000321   Thumb Code     0  _printf_d.o(.ARM.Collect$$_printf_percent$$00000009)
    _printf_percent                          0x00000321   Thumb Code     0  _printf_percent.o(.ARM.Collect$$_printf_percent$$00000000)
    _printf_percent_end                      0x00000327   Thumb Code     0  _printf_percent_end.o(.ARM.Collect$$_printf_percent$$00000017)
    __rt_lib_init                            0x0000032b   Thumb Code     0  libinit.o(.ARM.Collect$$libinit$$00000000)
    __rt_lib_init_fp_1                       0x0000032d   Thumb Code     0  libinit2.o(.ARM.Collect$$libinit$$00000002)
    __rt_lib_init_heap_2                     0x0000032d   Thumb Code     0  libinit2.o(.ARM.Collect$$libinit$$00000005)
    __rt_lib_init_preinit_1                  0x0000032d   Thumb Code     0  libinit2.o(.ARM.Collect$$libinit$$00000004)
    __rt_lib_init_alloca_1                   0x00000335   Thumb Code     0  libinit2.o(.ARM.Collect$$libinit$$0000002E)
    __rt_lib_init_argv_1                     0x00000335   Thumb Code     0  libinit2.o(.ARM.Collect$$libinit$$0000002C)
    __rt_lib_init_atexit_1                   0x00000335   Thumb Code     0  libinit2.o(.ARM.Collect$$libinit$$0000001B)
    __rt_lib_init_clock_1                    0x00000335   Thumb Code     0  libinit2.o(.ARM.Collect$$libinit$$00000021)
    __rt_lib_init_cpp_1                      0x00000335   Thumb Code     0  libinit2.o(.ARM.Collect$$libinit$$00000032)
    __rt_lib_init_exceptions_1               0x00000335   Thumb Code     0  libinit2.o(.ARM.Collect$$libinit$$00000030)
    __rt_lib_init_fp_trap_1                  0x00000335   Thumb Code     0  libinit2.o(.ARM.Collect$$libinit$$0000001F)
    __rt_lib_init_getenv_1                   0x00000335   Thumb Code     0  libinit2.o(.ARM.Collect$$libinit$$00000023)
    __rt_lib_init_heap_1                     0x00000335   Thumb Code     0  libinit2.o(.ARM.Collect$$libinit$$0000000A)
    __rt_lib_init_lc_collate_1               0x00000335   Thumb Code     0  libinit2.o(.ARM.Collect$$libinit$$00000011)
    __rt_lib_init_lc_ctype_1                 0x00000335   Thumb Code     0  libinit2.o(.ARM.Collect$$libinit$$00000013)
    __rt_lib_init_lc_monetary_1              0x00000335   Thumb Code     0  libinit2.o(.ARM.Collect$$libinit$$00000015)
    __rt_lib_init_lc_numeric_1               0x00000335   Thumb Code     0  libinit2.o(.ARM.Collect$$libinit$$00000017)
    __rt_lib_init_lc_time_1                  0x00000335   Thumb Code     0  libinit2.o(.ARM.Collect$$libinit$$00000019)
    __rt_lib_init_rand_1                     0x00000335   Thumb Code     0  libinit2.o(.ARM.Collect$$libinit$$0000000E)
    __rt_lib_init_return                     0x00000335   Thumb Code     0  libinit2.o(.ARM.Collect$$libinit$$00000033)
    __rt_lib_init_signal_1                   0x00000335   Thumb Code     0  libinit2.o(.ARM.Collect$$libinit$$0000001D)
    __rt_lib_init_stdio_1                    0x00000335   Thumb Code     0  libinit2.o(.ARM.Collect$$libinit$$00000025)
    __rt_lib_init_user_alloc_1               0x00000335   Thumb Code     0  libinit2.o(.ARM.Collect$$libinit$$0000000C)
    __rt_lib_shutdown                        0x00000337   Thumb Code     0  libshutdown.o(.ARM.Collect$$libshutdown$$00000000)
    __rt_lib_shutdown_cpp_1                  0x00000339   Thumb Code     0  libshutdown2.o(.ARM.Collect$$libshutdown$$00000004)
    __rt_lib_shutdown_fini_1                 0x00000339   Thumb Code     0  libshutdown2.o(.ARM.Collect$$libshutdown$$00000002)
    __rt_lib_shutdown_fp_trap_1              0x00000339   Thumb Code     0  libshutdown2.o(.ARM.Collect$$libshutdown$$00000009)
    __rt_lib_shutdown_heap_1                 0x00000339   Thumb Code     0  libshutdown2.o(.ARM.Collect$$libshutdown$$00000011)
    __rt_lib_shutdown_return                 0x00000339   Thumb Code     0  libshutdown2.o(.ARM.Collect$$libshutdown$$00000012)
    __rt_lib_shutdown_signal_1               0x00000339   Thumb Code     0  libshutdown2.o(.ARM.Collect$$libshutdown$$0000000C)
    __rt_lib_shutdown_stdio_1                0x00000339   Thumb Code     0  libshutdown2.o(.ARM.Collect$$libshutdown$$00000006)
    __rt_lib_shutdown_user_alloc_1           0x00000339   Thumb Code     0  libshutdown2.o(.ARM.Collect$$libshutdown$$0000000E)
    __rt_entry                               0x0000033b   Thumb Code     0  __rtentry.o(.ARM.Collect$$rtentry$$00000000)
    __rt_entry_presh_1                       0x0000033b   Thumb Code     0  __rtentry2.o(.ARM.Collect$$rtentry$$00000002)
    __rt_entry_sh                            0x0000033b   Thumb Code     0  __rtentry4.o(.ARM.Collect$$rtentry$$00000004)
    __rt_entry_li                            0x00000341   Thumb Code     0  __rtentry2.o(.ARM.Collect$$rtentry$$0000000A)
    __rt_entry_postsh_1                      0x00000341   Thumb Code     0  __rtentry2.o(.ARM.Collect$$rtentry$$00000009)
    __rt_entry_main                          0x00000345   Thumb Code     0  __rtentry2.o(.ARM.Collect$$rtentry$$0000000D)
    __rt_entry_postli_1                      0x00000345   Thumb Code     0  __rtentry2.o(.ARM.Collect$$rtentry$$0000000C)
    __rt_exit                                0x0000034d   Thumb Code     0  rtexit.o(.ARM.Collect$$rtexit$$00000000)
    __rt_exit_ls                             0x0000034f   Thumb Code     0  rtexit2.o(.ARM.Collect$$rtexit$$00000003)
    __rt_exit_prels_1                        0x0000034f   Thumb Code     0  rtexit2.o(.ARM.Collect$$rtexit$$00000002)
    __rt_exit_exit                           0x00000353   Thumb Code     0  rtexit2.o(.ARM.Collect$$rtexit$$00000004)
    parrotdelay                              0x00000359   Thumb Code     6  bsp.o(.emb_text)
    Reset_Handler                            0x00000361   Thumb Code     4  startup_tm4c123.o(.text)
    _maybe_terminate_alloc                   0x00000361   Thumb Code     0  maybetermalloc1.o(.emb_text)
    NMI_Handler                              0x00000365   Thumb Code     2  startup_tm4c123.o(.text)
    HardFault_Handler                        0x00000367   Thumb Code     2  startup_tm4c123.o(.text)
    MemManage_Handler                        0x00000369   Thumb Code     2  startup_tm4c123.o(.text)
    BusFault_Handler                         0x0000036b   Thumb Code     2  startup_tm4c123.o(.text)
    UsageFault_Handler                       0x0000036d   Thumb Code     2  startup_tm4c123.o(.text)
    SVC_Handler                              0x0000036f   Thumb Code     2  startup_tm4c123.o(.text)
    DebugMon_Handler                         0x00000371   Thumb Code     2  startup_tm4c123.o(.text)
    PendSV_Handler                           0x00000373   Thumb Code     2  startup_tm4c123.o(.text)
    SysTick_Handler                          0x00000375   Thumb Code     2  startup_tm4c123.o(.text)
    GPIOPortA_Handler                        0x00000377   Thumb Code     2  startup_tm4c123.o(.text)
    GPIOPortB_Handler                        0x00000379   Thumb Code     2  startup_tm4c123.o(.text)
    GPIOPortC_Handler                        0x0000037b   Thumb Code     2  startup_tm4c123.o(.text)
    GPIOPortD_Handler                        0x0000037d   Thumb Code     2  startup_tm4c123.o(.text)
    GPIOPortE_Handler                        0x0000037f   Thumb Code     2  startup_tm4c123.o(.text)
    UART0_Handler                            0x00000381   Thumb Code     2  startup_tm4c123.o(.text)
    UART1_Handler                            0x00000383   Thumb Code     2  startup_tm4c123.o(.text)
    SSI0_Handler                             0x00000385   Thumb Code     2  startup_tm4c123.o(.text)
    I2C0_Handler                             0x00000387   Thumb Code     2  startup_tm4c123.o(.text)
    PMW0_FAULT_Handler                       0x00000389   Thumb Code     2  startup_tm4c123.o(.text)
    PWM0Generator0_Handler                   0x0000038b   Thumb Code     2  startup_tm4c123.o(.text)
    PWM0Generator1_Handler                   0x0000038d   Thumb Code     2  startup_tm4c123.o(.text)
    PWM0Generator2_Handler                   0x0000038f   Thumb Code     2  startup_tm4c123.o(.text)
    Quadrature0_Handler                      0x00000391   Thumb Code     2  startup_tm4c123.o(.text)
    ADC0Seq0_Handler                         0x00000393   Thumb Code     2  startup_tm4c123.o(.text)
    ADC0Seq1_Handler                         0x00000395   Thumb Code     2  startup_tm4c123.o(.text)
    ADC0Seq2_Handler                         0x00000397   Thumb Code     2  startup_tm4c123.o(.text)
    ADC0Seq3_Handler                         0x00000399   Thumb Code     2  startup_tm4c123.o(.text)
    WDT_Handler                              0x0000039b   Thumb Code     2  startup_tm4c123.o(.text)
    TIMER0A_Handler                          0x0000039d   Thumb Code     2  startup_tm4c123.o(.text)
    TIMER0B_Handler                          0x0000039f   Thumb Code     2  startup_tm4c123.o(.text)
    TIMER1A_Handler                          0x000003a1   Thumb Code     2  startup_tm4c123.o(.text)
    TIMER1B_Handler                          0x000003a3   Thumb Code     2  startup_tm4c123.o(.text)
    TIMER2A_Handler                          0x000003a5   Thumb Code     2  startup_tm4c123.o(.text)
    TIMER2B_Handler                          0x000003a7   Thumb Code     2  startup_tm4c123.o(.text)
    COMP0_Handler                            0x000003a9   Thumb Code     2  startup_tm4c123.o(.text)
    COMP1_Handler                            0x000003ab   Thumb Code     2  startup_tm4c123.o(.text)
    COMP2_Handler                            0x000003ad   Thumb Code     2  startup_tm4c123.o(.text)
    SYSCTL_Handler                           0x000003af   Thumb Code     2  startup_tm4c123.o(.text)
    FlashCtl_Handler                         0x000003b1   Thumb Code     2  startup_tm4c123.o(.text)
    GPIOPortF_Handler                        0x000003b3   Thumb Code     2  startup_tm4c123.o(.text)
    GPIOPortG_Handler                        0x000003b5   Thumb Code     2  startup_tm4c123.o(.text)
    GPIOPortH_Handler                        0x000003b7   Thumb Code     2  startup_tm4c123.o(.text)
    UART2_Handler                            0x000003b9   Thumb Code     2  startup_tm4c123.o(.text)
    SSI1_Handler                             0x000003bb   Thumb Code     2  startup_tm4c123.o(.text)
    TIMER3A_Handler                          0x000003bd   Thumb Code     2  startup_tm4c123.o(.text)
    TIMER3B_Handler                          0x000003bf   Thumb Code     2  startup_tm4c123.o(.text)
    I2C1_Handler                             0x000003c1   Thumb Code     2  startup_tm4c123.o(.text)
    Quadrature1_Handler                      0x000003c3   Thumb Code     2  startup_tm4c123.o(.text)
    CAN0_Handler                             0x000003c5   Thumb Code     2  startup_tm4c123.o(.text)
    CAN1_Handler                             0x000003c7   Thumb Code     2  startup_tm4c123.o(.text)
    CAN2_Handler                             0x000003c9   Thumb Code     2  startup_tm4c123.o(.text)
    Hibernate_Handler                        0x000003cb   Thumb Code     2  startup_tm4c123.o(.text)
    USB0_Handler                             0x000003cd   Thumb Code     2  startup_tm4c123.o(.text)
    PWM0Generator3_Handler                   0x000003cf   Thumb Code     2  startup_tm4c123.o(.text)
    UDMA_Handler                             0x000003d1   Thumb Code     2  startup_tm4c123.o(.text)
    UDMAERR_Handler                          0x000003d3   Thumb Code     2  startup_tm4c123.o(.text)
    ADC1Seq0_Handler                         0x000003d5   Thumb Code     2  startup_tm4c123.o(.text)
    ADC1Seq1_Handler                         0x000003d7   Thumb Code     2  startup_tm4c123.o(.text)
    ADC1Seq2_Handler                         0x000003d9   Thumb Code     2  startup_tm4c123.o(.text)
    ADC1Seq3_Handler                         0x000003db   Thumb Code     2  startup_tm4c123.o(.text)
    GPIOPortJ_Handler                        0x000003dd   Thumb Code     2  startup_tm4c123.o(.text)
    GPIOPortK_Handler                        0x000003df   Thumb Code     2  startup_tm4c123.o(.text)
    GPIOPortL_Handler                        0x000003e1   Thumb Code     2  startup_tm4c123.o(.text)
    SSI2_Handler                             0x000003e3   Thumb Code     2  startup_tm4c123.o(.text)
    SSI3_Handler                             0x000003e5   Thumb Code     2  startup_tm4c123.o(.text)
    UART3_Handler                            0x000003e7   Thumb Code     2  startup_tm4c123.o(.text)
    UART4_Handler                            0x000003e9   Thumb Code     2  startup_tm4c123.o(.text)
    UART5_Handler                            0x000003eb   Thumb Code     2  startup_tm4c123.o(.text)
    UART6_Handler                            0x000003ed   Thumb Code     2  startup_tm4c123.o(.text)
    UART7_Handler                            0x000003ef   Thumb Code     2  startup_tm4c123.o(.text)
    I2C2_Handler                             0x000003f1   Thumb Code     2  startup_tm4c123.o(.text)
    I2C3_Handler                             0x000003f3   Thumb Code     2  startup_tm4c123.o(.text)
    TIMER4A_Handler                          0x000003f5   Thumb Code     2  startup_tm4c123.o(.text)
    TIMER4B_Handler                          0x000003f7   Thumb Code     2  startup_tm4c123.o(.text)
    TIMER5B_Handler                          0x000003fb   Thumb Code     2  startup_tm4c123.o(.text)
    WideTimer0A_Handler                      0x000003fd   Thumb Code     2  startup_tm4c123.o(.text)
    WideTimer0B_Handler                      0x000003ff   Thumb Code     2  startup_tm4c123.o(.text)
    WideTimer1A_Handler                      0x00000401   Thumb Code     2  startup_tm4c123.o(.text)
    WideTimer1B_Handler                      0x00000403   Thumb Code     2  startup_tm4c123.o(.text)
    WideTimer2A_Handler                      0x00000405   Thumb Code     2  startup_tm4c123.o(.text)
    WideTimer2B_Handler                      0x00000407   Thumb Code     2  startup_tm4c123.o(.text)
    WideTimer3B_Handler                      0x0000040b   Thumb Code     2  startup_tm4c123.o(.text)
    WideTimer4B_Handler                      0x0000040f   Thumb Code     2  startup_tm4c123.o(.text)
    WideTimer5B_Handler                      0x00000413   Thumb Code     2  startup_tm4c123.o(.text)
    FPU_Handler                              0x00000415   Thumb Code     2  startup_tm4c123.o(.text)
    I2C4_Handler                             0x00000417   Thumb Code     2  startup_tm4c123.o(.text)
    I2C5_Handler                             0x00000419   Thumb Code     2  startup_tm4c123.o(.text)
    GPIOPortM_Handler                        0x0000041b   Thumb Code     2  startup_tm4c123.o(.text)
    GPIOPortN_Handler                        0x0000041d   Thumb Code     2  startup_tm4c123.o(.text)
    QEI2_Handler                             0x0000041f   Thumb Code     2  startup_tm4c123.o(.text)
    GPIOPortP0_Handler                       0x00000421   Thumb Code     2  startup_tm4c123.o(.text)
    GPIOPortP1_Handler                       0x00000423   Thumb Code     2  startup_tm4c123.o(.text)
    GPIOPortP2_Handler                       0x00000425   Thumb Code     2  startup_tm4c123.o(.text)
    GPIOPortP3_Handler                       0x00000427   Thumb Code     2  startup_tm4c123.o(.text)
    GPIOPortP4_Handler                       0x00000429   Thumb Code     2  startup_tm4c123.o(.text)
    GPIOPortP5_Handler                       0x0000042b   Thumb Code     2  startup_tm4c123.o(.text)
    GPIOPortP6_Handler                       0x0000042d   Thumb Code     2  startup_tm4c123.o(.text)
    GPIOPortP7_Handler                       0x0000042f   Thumb Code     2  startup_tm4c123.o(.text)
    GPIOPortQ0_Handler                       0x00000431   Thumb Code     2  startup_tm4c123.o(.text)
    GPIOPortQ1_Handler                       0x00000433   Thumb Code     2  startup_tm4c123.o(.text)
    GPIOPortQ2_Handler                       0x00000435   Thumb Code     2  startup_tm4c123.o(.text)
    GPIOPortQ3_Handler                       0x00000437   Thumb Code     2  startup_tm4c123.o(.text)
    GPIOPortQ4_Handler                       0x00000439   Thumb Code     2  startup_tm4c123.o(.text)
    GPIOPortQ5_Handler                       0x0000043b   Thumb Code     2  startup_tm4c123.o(.text)
    GPIOPortQ6_Handler                       0x0000043d   Thumb Code     2  startup_tm4c123.o(.text)
    GPIOPortQ7_Handler                       0x0000043f   Thumb Code     2  startup_tm4c123.o(.text)
    GPIOPortR_Handler                        0x00000441   Thumb Code     2  startup_tm4c123.o(.text)
    GPIOPortS_Handler                        0x00000443   Thumb Code     2  startup_tm4c123.o(.text)
    PWM1Generator0_Handler                   0x00000445   Thumb Code     2  startup_tm4c123.o(.text)
    PWM1Generator1_Handler                   0x00000447   Thumb Code     2  startup_tm4c123.o(.text)
    PWM1Generator2_Handler                   0x00000449   Thumb Code     2  startup_tm4c123.o(.text)
    PWM1Generator3_Handler                   0x0000044b   Thumb Code     2  startup_tm4c123.o(.text)
    PWM1Fault_Handler                        0x0000044d   Thumb Code     2  startup_tm4c123.o(.text)
    DisableInterrupts                        0x00000455   Thumb Code     0  startup_tm4c123.o(.text)
    EnableInterrupts                         0x00000459   Thumb Code     0  startup_tm4c123.o(.text)
    StartCritical                            0x0000045d   Thumb Code     0  startup_tm4c123.o(.text)
    EndCritical                              0x00000465   Thumb Code     0  startup_tm4c123.o(.text)
    WaitForInterrupt                         0x0000046b   Thumb Code     0  startup_tm4c123.o(.text)
    __user_initial_stackheap                 0x0000046f   Thumb Code     0  startup_tm4c123.o(.text)
    calloc                                   0x00000489   Thumb Code    40  calloc.o(.text)
    free                                     0x000004b1   Thumb Code    78  h1_free.o(.text)
    __2sprintf                               0x00000501   Thumb Code    34  noretval__2sprintf.o(.text)
    _printf_int_dec                          0x00000529   Thumb Code   104  _printf_dec.o(.text)
    __printf                                 0x000005a1   Thumb Code   270  __printf_wp.o(.text)
    __aeabi_memcpy4                          0x000006af   Thumb Code     0  rt_memcpy_w.o(.text)
    __aeabi_memcpy8                          0x000006af   Thumb Code     0  rt_memcpy_w.o(.text)
    __rt_memcpy_w                            0x000006af   Thumb Code   100  rt_memcpy_w.o(.text)
    _memcpy_lastbytes_aligned                0x000006f7   Thumb Code     0  rt_memcpy_w.o(.text)
    __aeabi_memclr4                          0x00000713   Thumb Code     0  rt_memclr_w.o(.text)
    __aeabi_memclr8                          0x00000713   Thumb Code     0  rt_memclr_w.o(.text)
    __rt_memclr_w                            0x00000713   Thumb Code    78  rt_memclr_w.o(.text)
    _memset_w                                0x00000717   Thumb Code     0  rt_memclr_w.o(.text)
    __use_two_region_memory                  0x00000761   Thumb Code     2  heapauxi.o(.text)
    __rt_heap_escrow                         0x00000763   Thumb Code     2  heapauxi.o(.text)
    __rt_heap_expand                         0x00000765   Thumb Code     2  heapauxi.o(.text)
    __rt_heap_descriptor                     0x00000769   Thumb Code     8  rt_heap_descriptor_intlibspace.o(.text)
    __use_no_heap                            0x00000771   Thumb Code     2  hguard.o(.text)
    __heap$guard                             0x00000773   Thumb Code     2  hguard.o(.text)
    _terminate_user_alloc                    0x00000775   Thumb Code     2  init_alloc.o(.text)
    _init_user_alloc                         0x00000777   Thumb Code     2  init_alloc.o(.text)
    __Heap_Full                              0x00000779   Thumb Code    34  init_alloc.o(.text)
    __Heap_Broken                            0x0000079b   Thumb Code     6  init_alloc.o(.text)
    _init_alloc                              0x000007a1   Thumb Code    94  init_alloc.o(.text)
    malloc                                   0x000007ff   Thumb Code    94  h1_alloc.o(.text)
    _printf_int_common                       0x0000085d   Thumb Code   178  _printf_intcommon.o(.text)
    _printf_char_common                      0x0000091b   Thumb Code    32  _printf_char_common.o(.text)
    _sputc                                   0x00000941   Thumb Code    10  _sputc.o(.text)
    __aeabi_memclr                           0x0000094b   Thumb Code     0  rt_memclr.o(.text)
    __rt_memclr                              0x0000094b   Thumb Code    68  rt_memclr.o(.text)
    _memset                                  0x0000094f   Thumb Code     0  rt_memclr.o(.text)
    __user_libspace                          0x00000991   Thumb Code     8  libspace.o(.text)
    __user_perproc_libspace                  0x00000991   Thumb Code     0  libspace.o(.text)
    __user_perthread_libspace                0x00000991   Thumb Code     0  libspace.o(.text)
    __Heap_Initialize                        0x00000999   Thumb Code    10  h1_init.o(.text)
    __Heap_DescSize                          0x000009a3   Thumb Code     4  h1_init.o(.text)
    __Heap_ProvideMemory                     0x000009a7   Thumb Code    52  h1_extend.o(.text)
    __rt_SIGRTMEM                            0x000009db   Thumb Code    14  defsig_rtmem_outer.o(.text)
    __user_setup_stackheap                   0x000009e9   Thumb Code    74  sys_stackheap_outer.o(.text)
    exit                                     0x00000a33   Thumb Code    18  exit.o(.text)
    __sig_exit                               0x00000a45   Thumb Code    10  defsig_exit.o(.text)
    __rt_SIGRTMEM_inner                      0x00000a51   Thumb Code    22  defsig_rtmem_inner.o(.text)
    _sys_exit                                0x00000aa1   Thumb Code     8  sys_exit.o(.text)
    __I$use$semihosting                      0x00000aad   Thumb Code     0  use_no_semi.o(.text)
    __use_no_semihosting_swi                 0x00000aad   Thumb Code     2  use_no_semi.o(.text)
    __default_signal_display                 0x00000aaf   Thumb Code    50  defsig_general.o(.text)
    __semihosting_library_function           0x00000aaf   Thumb Code     0  indicate_semi.o(.text)
    _ttywrch                                 0x00000ae1   Thumb Code    14  sys_wrch.o(.text)
    AddMinsToTimeslot                        0x00000aef   Thumb Code    46  date_time_lib.o(i.AddMinsToTimeslot)
    BSP_Button1_Init                         0x00000b1d   Thumb Code   112  bsp.o(i.BSP_Button1_Init)
    BSP_Button2_Init                         0x00000b9d   Thumb Code   124  bsp.o(i.BSP_Button2_Init)
    BSP_Clock_InitFastest                    0x00000c2d   Thumb Code   126  bsp.o(i.BSP_Clock_InitFastest)
    BSP_Delay1ms                             0x00000cb9   Thumb Code    22  bsp.o(i.BSP_Delay1ms)
    BSP_LCD_Color565                         0x00000ccf   Thumb Code    24  bsp.o(i.BSP_LCD_Color565)
    BSP_LCD_DrawChar                         0x00000ce9   Thumb Code   260  bsp.o(i.BSP_LCD_DrawChar)
    BSP_LCD_DrawFastHLine                    0x00000df9   Thumb Code   116  bsp.o(i.BSP_LCD_DrawFastHLine)
    BSP_LCD_DrawFastVLine                    0x00000e75   Thumb Code   116  bsp.o(i.BSP_LCD_DrawFastVLine)
    BSP_LCD_DrawString                       0x00000ef1   Thumb Code    58  bsp.o(i.BSP_LCD_DrawString)
    BSP_LCD_FillRect                         0x00000f2d   Thumb Code   164  bsp.o(i.BSP_LCD_FillRect)
    BSP_LCD_FillScreen                       0x00000fd9   Thumb Code    28  bsp.o(i.BSP_LCD_FillScreen)
    BSP_LCD_Init                             0x00000ffd   Thumb Code    10  bsp.o(i.BSP_LCD_Init)
    BSP_LCD_SetCursor                        0x00001009   Thumb Code    22  bsp.o(i.BSP_LCD_SetCursor)
    CalculateDayPosition                     0x00001029   Thumb Code    24  month_view.o(i.CalculateDayPosition)
    CalculateTimeslots                       0x00001041   Thumb Code    86  day_view.o(i.CalculateTimeslots)
    ControllerUpdate                         0x00001099   Thumb Code    50  controller.o(i.ControllerUpdate)
    DayViewDraw                              0x000010d1   Thumb Code   164  day_view.o(i.DayViewDraw)
    DayViewSetup                             0x0000117d   Thumb Code    38  lab5.o(i.DayViewSetup)
    DoTimeslotsOverlap                       0x000011b5   Thumb Code    68  date_time_lib.o(i.DoTimeslotsOverlap)
    DrawCurrentTime                          0x000011f9   Thumb Code   172  day_view.o(i.DrawCurrentTime)
    DrawDayNumbers                           0x000012a9   Thumb Code   110  month_view.o(i.DrawDayNumbers)
    DrawDayOfWeekHeader                      0x00001321   Thumb Code    80  month_view.o(i.DrawDayOfWeekHeader)
    DrawEvents                               0x0000137d   Thumb Code   430  day_view.o(i.DrawEvents)
    DrawHLine                                0x0000152b   Thumb Code    44  lab5.o(i.DrawHLine)
    DrawHeaderDayView                        0x00001559   Thumb Code    92  day_view.o(i.DrawHeaderDayView)
    DrawHeaderMonthView                      0x000015cd   Thumb Code    88  month_view.o(i.DrawHeaderMonthView)
    DrawMonthGrid                            0x00001639   Thumb Code    96  month_view.o(i.DrawMonthGrid)
    DrawSelectedDayIndicator                 0x0000169d   Thumb Code    98  month_view.o(i.DrawSelectedDayIndicator)
    DrawString                               0x00001709   Thumb Code    44  lab5.o(i.DrawString)
    DrawTimeslots                            0x00001735   Thumb Code   126  day_view.o(i.DrawTimeslots)
    DrawTimeslotsAndEvents                   0x000017c9   Thumb Code    94  day_view.o(i.DrawTimeslotsAndEvents)
    DrawVLine                                0x0000182d   Thumb Code    44  lab5.o(i.DrawVLine)
    FillRect                                 0x00001859   Thumb Code    50  lab5.o(i.FillRect)
    FillScreen                               0x0000188b   Thumb Code    28  lab5.o(i.FillScreen)
    GetCurrentCalendarTime                   0x000018a9   Thumb Code     4  lab5.o(i.GetCurrentCalendarTime)
    GetDayOfWeek                             0x000018b1   Thumb Code    58  date_time_lib.o(i.GetDayOfWeek)
    GetDayView                               0x000018ed   Thumb Code    34  day_view.o(i.GetDayView)
    GetMonthView                             0x00001915   Thumb Code    34  month_view.o(i.GetMonthView)
    GetNumDaysInMonth                        0x0000193d   Thumb Code    36  date_time_lib.o(i.GetNumDaysInMonth)
    ImplGetCurrTimeslot                      0x00001965   Thumb Code     8  day_view.o(i.ImplGetCurrTimeslot)
    ImplGetDate                              0x0000196d   Thumb Code     6  day_view.o(i.ImplGetDate)
    ImplGetDateMonthView                     0x00001973   Thumb Code    38  month_view.o(i.ImplGetDateMonthView)
    ImplGetSelectedEvent                     0x00001999   Thumb Code    30  day_view.o(i.ImplGetSelectedEvent)
    ImplMonthViewDraw                        0x000019b7   Thumb Code    34  month_view.o(i.ImplMonthViewDraw)
    ImplSelectNextDay                        0x000019d9   Thumb Code    26  month_view.o(i.ImplSelectNextDay)
    ImplSelectNextEvent                      0x000019f3   Thumb Code   134  day_view.o(i.ImplSelectNextEvent)
    ImplSelectNextTimeslot                   0x00001a79   Thumb Code    22  day_view.o(i.ImplSelectNextTimeslot)
    ImplSelectNextWeek                       0x00001a8f   Thumb Code    26  month_view.o(i.ImplSelectNextWeek)
    ImplSelectPrevDay                        0x00001aa9   Thumb Code    26  month_view.o(i.ImplSelectPrevDay)
    ImplSelectPrevEvent                      0x00001ac3   Thumb Code   132  day_view.o(i.ImplSelectPrevEvent)
    ImplSelectPrevTimeslot                   0x00001b47   Thumb Code    22  day_view.o(i.ImplSelectPrevTimeslot)
    ImplSelectPrevWeek                       0x00001b5d   Thumb Code    26  month_view.o(i.ImplSelectPrevWeek)
    ImplSetCurrTimeslot                      0x00001b77   Thumb Code    44  day_view.o(i.ImplSetCurrTimeslot)
    ImplSetDate                              0x00001ba3   Thumb Code    14  day_view.o(i.ImplSetDate)
    ImplSetEvents                            0x00001bb1   Thumb Code    10  day_view.o(i.ImplSetEvents)
    ImplSetMonthInfo                         0x00001bbb   Thumb Code    52  month_view.o(i.ImplSetMonthInfo)
    InitDayView                              0x00001bf1   Thumb Code   138  day_view.o(i.InitDayView)
    InitDayViewController                    0x00001cad   Thumb Code    24  day_view_controller.o(i.InitDayViewController)
    InitMonthView                            0x00001cc9   Thumb Code    94  month_view.o(i.InitMonthView)
    InitMonthViewController                  0x00001d49   Thumb Code    24  month_view_controller.o(i.InitMonthViewController)
    IsBackButtonPressed                      0x00001d65   Thumb Code     4  lab5.o(i.IsBackButtonPressed)
    IsDownButtonPressed                      0x00001d69   Thumb Code     4  lab5.o(i.IsDownButtonPressed)
    IsLeapYear                               0x00001d6d   Thumb Code    58  date_time_lib.o(i.IsLeapYear)
    IsLeftButtonPressed                      0x00001da7   Thumb Code     4  lab5.o(i.IsLeftButtonPressed)
    IsRightButtonPressed                     0x00001dab   Thumb Code     4  lab5.o(i.IsRightButtonPressed)
    IsSelectButtonPressed                    0x00001daf   Thumb Code     4  lab5.o(i.IsSelectButtonPressed)
    IsUpButtonPressed                        0x00001db3   Thumb Code     4  lab5.o(i.IsUpButtonPressed)
    LoadEventsForDay                         0x00001db7   Thumb Code     6  lab5.o(i.LoadEventsForDay)
    MonthViewSetup                           0x00001dbd   Thumb Code    32  lab5.o(i.MonthViewSetup)
    PositionToDayOfMonth                     0x00001de9   Thumb Code    54  month_view.o(i.PositionToDayOfMonth)
    Profile_Init                             0x00001e21   Thumb Code   418  profile.o(i.Profile_Init)
    RecalculateEventPlacement                0x00001ff5   Thumb Code   284  day_view.o(i.RecalculateEventPlacement)
    SubMinsFromTimeslot                      0x0000218d   Thumb Code    68  date_time_lib.o(i.SubMinsFromTimeslot)
    TIMER5A_Handler                          0x000021d1   Thumb Code    16  texas.o(i.TIMER5A_Handler)
    TimeslotStartSplitMins                   0x000021e9   Thumb Code    42  date_time_lib.o(i.TimeslotStartSplitMins)
    UpdateDayView                            0x00002213   Thumb Code   188  day_view_controller.o(i.UpdateDayView)
    UpdateMonthView                          0x000022cf   Thumb Code   120  month_view_controller.o(i.UpdateMonthView)
    WideTimer3A_Handler                      0x00002349   Thumb Code    16  bsp.o(i.WideTimer3A_Handler)
    WideTimer4A_Handler                      0x00002361   Thumb Code    16  bsp.o(i.WideTimer4A_Handler)
    WideTimer5A_Handler                      0x00002379   Thumb Code    16  bsp.o(i.WideTimer5A_Handler)
    _is_digit                                0x00002391   Thumb Code    14  __printf_wp.o(i._is_digit)
    determinedaycode                         0x000025f9   Thumb Code   138  date_time_lib.o(i.determinedaycode)
    main                                     0x00002695   Thumb Code    56  lab5.o(i.main)
    __aeabi_dadd                             0x000027e9   Thumb Code     0  daddsub_clz.o(x$fpl$dadd)
    _dadd                                    0x000027e9   Thumb Code   332  daddsub_clz.o(x$fpl$dadd)
    __aeabi_ddiv                             0x00002939   Thumb Code     0  ddiv.o(x$fpl$ddiv)
    _ddiv                                    0x00002939   Thumb Code   552  ddiv.o(x$fpl$ddiv)
    __aeabi_d2iz                             0x00002be9   Thumb Code     0  dfix.o(x$fpl$dfix)
    _dfix                                    0x00002be9   Thumb Code    94  dfix.o(x$fpl$dfix)
    __aeabi_i2d                              0x00002c47   Thumb Code     0  dflt_clz.o(x$fpl$dflt)
    _dflt                                    0x00002c47   Thumb Code    46  dflt_clz.o(x$fpl$dflt)
    __fpl_dnaninf                            0x00002c75   Thumb Code   156  dnaninf.o(x$fpl$dnaninf)
    __fpl_dretinf                            0x00002d11   Thumb Code    12  dretinf.o(x$fpl$dretinf)
    __aeabi_dsub                             0x00002d1d   Thumb Code     0  daddsub_clz.o(x$fpl$dsub)
    _dsub                                    0x00002d1d   Thumb Code   464  daddsub_clz.o(x$fpl$dsub)
    __I$use$fp                               0x00002ef0   Number         0  usenofp.o(x$fpl$usenofp)
    Region$$Table$$Base                      0x000034b4   Number         0  anon$$obj.o(Region$$Table)
    Region$$Table$$Limit                     0x000034d4   Number         0  anon$$obj.o(Region$$Table)
    CurrentController                        0x20000000   Data           4  lab5.o(.data)
    dummyDate                                0x20000004   Data           4  lab5.o(.data)
    BACKGROUND_COLOR                         0x20000008   Data           3  lab5.o(.data)
    TEXT_COLOR                               0x2000000b   Data           3  lab5.o(.data)
    LINE_COLOR                               0x2000000e   Data           3  lab5.o(.data)
    DummyTime                                0x20000011   Data           2  lab5.o(.data)
    StX                                      0x2000025c   Data           4  bsp.o(.data)
    StY                                      0x20000260   Data           4  bsp.o(.data)
    StTextColor                              0x20000264   Data           2  bsp.o(.data)
    Messageindex                             0x2000026c   Data           4  bsp.o(.data)
    TimeIndex                                0x20000270   Data           4  bsp.o(.data)
    Ymax                                     0x20000274   Data           4  bsp.o(.data)
    Ymin                                     0x20000278   Data           4  bsp.o(.data)
    Yrange                                   0x2000027c   Data           4  bsp.o(.data)
    PlotBGColor                              0x20000280   Data           2  bsp.o(.data)
    PeriodicTask                             0x20000284   Data           4  bsp.o(.data)
    PeriodicTaskB                            0x20000288   Data           4  bsp.o(.data)
    PeriodicTaskC                            0x2000028c   Data           4  bsp.o(.data)
    LightBusy                                0x20000290   Data           4  bsp.o(.data)
    TempBusy                                 0x20000294   Data           4  bsp.o(.data)
    EVENT_BASE_COLORS                        0x20000298   Data          18  day_view.o(.data)
    EVENT_SELECTED_COLORS                    0x200002aa   Data          18  day_view.o(.data)
    DayViewSingleton                         0x200002bc   Data           4  day_view.o(.data)
    MonthViewSingleton                       0x200002c0   Data           4  month_view.o(.data)
    SelectedIndicatorColor                   0x200002c4   Data           3  month_view.o(.data)
    days_in_month                            0x200002e4   Data          48  date_time_lib.o(.data)
    LogicData                                0x20000314   Data           1  texas.o(.data)
    Id                                       0x20000318   Data           4  texas.o(.data)
    PeriodicTask2                            0x2000031c   Data           4  texas.o(.data)
    Messageindexb                            0x20000320   Data           4  texas.o(.data)
    Messageb                                 0x20000324   Data           8  texas.o(.data)
    DayViewController                        0x2000032c   Data          16  lab5.o(.bss)
    MonthViewController                      0x2000033c   Data          16  lab5.o(.bss)
    __libspace_start                         0x2000048c   Data          96  libspace.o(.bss)
    __temporary_stack_top$libspace           0x200004ec   Data           0  libspace.o(.bss)



==============================================================================

Memory Map of the image

  Image Entry point : 0x00000361

  Load Region LR_1 (Base: 0x00000000, Size: 0x00003800, Max: 0xffffffff, ABSOLUTE, COMPRESSED[0x00003568])

    Execution Region ER_RO (Exec base: 0x00000000, Load base: 0x00000000, Size: 0x000034d4, Max: 0xffffffff, ABSOLUTE)

    Exec Addr    Load Addr    Size         Type   Attr      Idx    E Section Name        Object

    0x00000000   0x00000000   0x0000026c   Data   RO         1609    RESET               startup_tm4c123.o
    0x0000026c   0x0000026c   0x00000008   Code   RO         1782  * !!!main             c_w.l(__main.o)
    0x00000274   0x00000274   0x00000034   Code   RO         2031    !!!scatter          c_w.l(__scatter.o)
    0x000002a8   0x000002a8   0x0000005a   Code   RO         2029    !!dczerorl2         c_w.l(__dczerorl2.o)
    0x00000302   0x00000302   0x00000002   PAD
    0x00000304   0x00000304   0x0000001c   Code   RO         2033    !!handler_zi        c_w.l(__scatter_zi.o)
    0x00000320   0x00000320   0x00000000   Code   RO         1771    .ARM.Collect$$_printf_percent$$00000000  c_w.l(_printf_percent.o)
    0x00000320   0x00000320   0x00000006   Code   RO         1770    .ARM.Collect$$_printf_percent$$00000009  c_w.l(_printf_d.o)
    0x00000326   0x00000326   0x00000004   Code   RO         1842    .ARM.Collect$$_printf_percent$$00000017  c_w.l(_printf_percent_end.o)
    0x0000032a   0x0000032a   0x00000002   Code   RO         1957    .ARM.Collect$$libinit$$00000000  c_w.l(libinit.o)
    0x0000032c   0x0000032c   0x00000000   Code   RO         1890    .ARM.Collect$$libinit$$00000002  c_w.l(libinit2.o)
    0x0000032c   0x0000032c   0x00000000   Code   RO         1892    .ARM.Collect$$libinit$$00000004  c_w.l(libinit2.o)
    0x0000032c   0x0000032c   0x00000008   Code   RO         1893    .ARM.Collect$$libinit$$00000005  c_w.l(libinit2.o)
    0x00000334   0x00000334   0x00000000   Code   RO         1895    .ARM.Collect$$libinit$$0000000A  c_w.l(libinit2.o)
    0x00000334   0x00000334   0x00000000   Code   RO         1897    .ARM.Collect$$libinit$$0000000C  c_w.l(libinit2.o)
    0x00000334   0x00000334   0x00000000   Code   RO         1899    .ARM.Collect$$libinit$$0000000E  c_w.l(libinit2.o)
    0x00000334   0x00000334   0x00000000   Code   RO         1902    .ARM.Collect$$libinit$$00000011  c_w.l(libinit2.o)
    0x00000334   0x00000334   0x00000000   Code   RO         1904    .ARM.Collect$$libinit$$00000013  c_w.l(libinit2.o)
    0x00000334   0x00000334   0x00000000   Code   RO         1906    .ARM.Collect$$libinit$$00000015  c_w.l(libinit2.o)
    0x00000334   0x00000334   0x00000000   Code   RO         1908    .ARM.Collect$$libinit$$00000017  c_w.l(libinit2.o)
    0x00000334   0x00000334   0x00000000   Code   RO         1910    .ARM.Collect$$libinit$$00000019  c_w.l(libinit2.o)
    0x00000334   0x00000334   0x00000000   Code   RO         1912    .ARM.Collect$$libinit$$0000001B  c_w.l(libinit2.o)
    0x00000334   0x00000334   0x00000000   Code   RO         1914    .ARM.Collect$$libinit$$0000001D  c_w.l(libinit2.o)
    0x00000334   0x00000334   0x00000000   Code   RO         1916    .ARM.Collect$$libinit$$0000001F  c_w.l(libinit2.o)
    0x00000334   0x00000334   0x00000000   Code   RO         1918    .ARM.Collect$$libinit$$00000021  c_w.l(libinit2.o)
    0x00000334   0x00000334   0x00000000   Code   RO         1920    .ARM.Collect$$libinit$$00000023  c_w.l(libinit2.o)
    0x00000334   0x00000334   0x00000000   Code   RO         1922    .ARM.Collect$$libinit$$00000025  c_w.l(libinit2.o)
    0x00000334   0x00000334   0x00000000   Code   RO         1926    .ARM.Collect$$libinit$$0000002C  c_w.l(libinit2.o)
    0x00000334   0x00000334   0x00000000   Code   RO         1928    .ARM.Collect$$libinit$$0000002E  c_w.l(libinit2.o)
    0x00000334   0x00000334   0x00000000   Code   RO         1930    .ARM.Collect$$libinit$$00000030  c_w.l(libinit2.o)
    0x00000334   0x00000334   0x00000000   Code   RO         1932    .ARM.Collect$$libinit$$00000032  c_w.l(libinit2.o)
    0x00000334   0x00000334   0x00000002   Code   RO         1933    .ARM.Collect$$libinit$$00000033  c_w.l(libinit2.o)
    0x00000336   0x00000336   0x00000002   Code   RO         2026    .ARM.Collect$$libshutdown$$00000000  c_w.l(libshutdown.o)
    0x00000338   0x00000338   0x00000000   Code   RO         1980    .ARM.Collect$$libshutdown$$00000002  c_w.l(libshutdown2.o)
    0x00000338   0x00000338   0x00000000   Code   RO         1982    .ARM.Collect$$libshutdown$$00000004  c_w.l(libshutdown2.o)
    0x00000338   0x00000338   0x00000000   Code   RO         1984    .ARM.Collect$$libshutdown$$00000006  c_w.l(libshutdown2.o)
    0x00000338   0x00000338   0x00000000   Code   RO         1987    .ARM.Collect$$libshutdown$$00000009  c_w.l(libshutdown2.o)
    0x00000338   0x00000338   0x00000000   Code   RO         1990    .ARM.Collect$$libshutdown$$0000000C  c_w.l(libshutdown2.o)
    0x00000338   0x00000338   0x00000000   Code   RO         1992    .ARM.Collect$$libshutdown$$0000000E  c_w.l(libshutdown2.o)
    0x00000338   0x00000338   0x00000000   Code   RO         1995    .ARM.Collect$$libshutdown$$00000011  c_w.l(libshutdown2.o)
    0x00000338   0x00000338   0x00000002   Code   RO         1996    .ARM.Collect$$libshutdown$$00000012  c_w.l(libshutdown2.o)
    0x0000033a   0x0000033a   0x00000000   Code   RO         1806    .ARM.Collect$$rtentry$$00000000  c_w.l(__rtentry.o)
    0x0000033a   0x0000033a   0x00000000   Code   RO         1854    .ARM.Collect$$rtentry$$00000002  c_w.l(__rtentry2.o)
    0x0000033a   0x0000033a   0x00000006   Code   RO         1866    .ARM.Collect$$rtentry$$00000004  c_w.l(__rtentry4.o)
    0x00000340   0x00000340   0x00000000   Code   RO         1856    .ARM.Collect$$rtentry$$00000009  c_w.l(__rtentry2.o)
    0x00000340   0x00000340   0x00000004   Code   RO         1857    .ARM.Collect$$rtentry$$0000000A  c_w.l(__rtentry2.o)
    0x00000344   0x00000344   0x00000000   Code   RO         1859    .ARM.Collect$$rtentry$$0000000C  c_w.l(__rtentry2.o)
    0x00000344   0x00000344   0x00000008   Code   RO         1860    .ARM.Collect$$rtentry$$0000000D  c_w.l(__rtentry2.o)
    0x0000034c   0x0000034c   0x00000002   Code   RO         1965    .ARM.Collect$$rtexit$$00000000  c_w.l(rtexit.o)
    0x0000034e   0x0000034e   0x00000000   Code   RO         2000    .ARM.Collect$$rtexit$$00000002  c_w.l(rtexit2.o)
    0x0000034e   0x0000034e   0x00000004   Code   RO         2001    .ARM.Collect$$rtexit$$00000003  c_w.l(rtexit2.o)
    0x00000352   0x00000352   0x00000006   Code   RO         2002    .ARM.Collect$$rtexit$$00000004  c_w.l(rtexit2.o)
    0x00000358   0x00000358   0x00000006   Code   RO          349    .emb_text           bsp.o
    0x0000035e   0x0000035e   0x00000002   PAD
    0x00000360   0x00000360   0x00000000   Code   RO         1868    .emb_text           c_w.l(maybetermalloc1.o)
    0x00000360   0x00000360   0x00000128   Code   RO         1610  * .text               startup_tm4c123.o
    0x00000488   0x00000488   0x00000028   Code   RO         1681    .text               c_w.l(calloc.o)
    0x000004b0   0x000004b0   0x0000004e   Code   RO         1683    .text               c_w.l(h1_free.o)
    0x000004fe   0x000004fe   0x00000002   PAD
    0x00000500   0x00000500   0x00000028   Code   RO         1739    .text               c_w.l(noretval__2sprintf.o)
    0x00000528   0x00000528   0x00000078   Code   RO         1747    .text               c_w.l(_printf_dec.o)
    0x000005a0   0x000005a0   0x0000010e   Code   RO         1757    .text               c_w.l(__printf_wp.o)
    0x000006ae   0x000006ae   0x00000064   Code   RO         1776    .text               c_w.l(rt_memcpy_w.o)
    0x00000712   0x00000712   0x0000004e   Code   RO         1778    .text               c_w.l(rt_memclr_w.o)
    0x00000760   0x00000760   0x00000006   Code   RO         1780    .text               c_w.l(heapauxi.o)
    0x00000766   0x00000766   0x00000002   PAD
    0x00000768   0x00000768   0x00000008   Code   RO         1810    .text               c_w.l(rt_heap_descriptor_intlibspace.o)
    0x00000770   0x00000770   0x00000004   Code   RO         1812    .text               c_w.l(hguard.o)
    0x00000774   0x00000774   0x0000008a   Code   RO         1814    .text               c_w.l(init_alloc.o)
    0x000007fe   0x000007fe   0x0000005e   Code   RO         1820    .text               c_w.l(h1_alloc.o)
    0x0000085c   0x0000085c   0x000000b2   Code   RO         1834    .text               c_w.l(_printf_intcommon.o)
    0x0000090e   0x0000090e   0x00000002   PAD
    0x00000910   0x00000910   0x00000030   Code   RO         1836    .text               c_w.l(_printf_char_common.o)
    0x00000940   0x00000940   0x0000000a   Code   RO         1838    .text               c_w.l(_sputc.o)
    0x0000094a   0x0000094a   0x00000044   Code   RO         1843    .text               c_w.l(rt_memclr.o)
    0x0000098e   0x0000098e   0x00000002   PAD
    0x00000990   0x00000990   0x00000008   Code   RO         1850    .text               c_w.l(libspace.o)
    0x00000998   0x00000998   0x0000000e   Code   RO         1870    .text               c_w.l(h1_init.o)
    0x000009a6   0x000009a6   0x00000034   Code   RO         1872    .text               c_w.l(h1_extend.o)
    0x000009da   0x000009da   0x0000000e   Code   RO         1880    .text               c_w.l(defsig_rtmem_outer.o)
    0x000009e8   0x000009e8   0x0000004a   Code   RO         1936    .text               c_w.l(sys_stackheap_outer.o)
    0x00000a32   0x00000a32   0x00000012   Code   RO         1944    .text               c_w.l(exit.o)
    0x00000a44   0x00000a44   0x0000000a   Code   RO         1946    .text               c_w.l(defsig_exit.o)
    0x00000a4e   0x00000a4e   0x00000002   PAD
    0x00000a50   0x00000a50   0x00000050   Code   RO         1948    .text               c_w.l(defsig_rtmem_inner.o)
    0x00000aa0   0x00000aa0   0x0000000c   Code   RO         1960    .text               c_w.l(sys_exit.o)
    0x00000aac   0x00000aac   0x00000002   Code   RO         1962    .text               c_w.l(use_no_semi.o)
    0x00000aae   0x00000aae   0x00000000   Code   RO         1964    .text               c_w.l(indicate_semi.o)
    0x00000aae   0x00000aae   0x00000032   Code   RO         1973    .text               c_w.l(defsig_general.o)
    0x00000ae0   0x00000ae0   0x0000000e   Code   RO         1997    .text               c_w.l(sys_wrch.o)
    0x00000aee   0x00000aee   0x0000002e   Code   RO         1313    i.AddMinsToTimeslot  date_time_lib.o
    0x00000b1c   0x00000b1c   0x00000080   Code   RO          352    i.BSP_Button1_Init  bsp.o
    0x00000b9c   0x00000b9c   0x00000090   Code   RO          354    i.BSP_Button2_Init  bsp.o
    0x00000c2c   0x00000c2c   0x0000008c   Code   RO          359    i.BSP_Clock_InitFastest  bsp.o
    0x00000cb8   0x00000cb8   0x00000016   Code   RO          360    i.BSP_Delay1ms      bsp.o
    0x00000cce   0x00000cce   0x00000018   Code   RO          363    i.BSP_LCD_Color565  bsp.o
    0x00000ce6   0x00000ce6   0x00000002   PAD
    0x00000ce8   0x00000ce8   0x00000110   Code   RO          365    i.BSP_LCD_DrawChar  bsp.o
    0x00000df8   0x00000df8   0x0000007c   Code   RO          367    i.BSP_LCD_DrawFastHLine  bsp.o
    0x00000e74   0x00000e74   0x0000007c   Code   RO          368    i.BSP_LCD_DrawFastVLine  bsp.o
    0x00000ef0   0x00000ef0   0x0000003a   Code   RO          370    i.BSP_LCD_DrawString  bsp.o
    0x00000f2a   0x00000f2a   0x00000002   PAD
    0x00000f2c   0x00000f2c   0x000000ac   Code   RO          372    i.BSP_LCD_FillRect  bsp.o
    0x00000fd8   0x00000fd8   0x00000024   Code   RO          373    i.BSP_LCD_FillScreen  bsp.o
    0x00000ffc   0x00000ffc   0x0000000a   Code   RO          374    i.BSP_LCD_Init      bsp.o
    0x00001006   0x00001006   0x00000002   PAD
    0x00001008   0x00001008   0x00000020   Code   RO          382    i.BSP_LCD_SetCursor  bsp.o
    0x00001028   0x00001028   0x00000018   Code   RO         1031    i.CalculateDayPosition  month_view.o
    0x00001040   0x00001040   0x00000056   Code   RO          860    i.CalculateTimeslots  day_view.o
    0x00001096   0x00001096   0x00000002   PAD
    0x00001098   0x00001098   0x00000038   Code   RO         1370    i.ControllerUpdate  controller.o
    0x000010d0   0x000010d0   0x000000ac   Code   RO          861    i.DayViewDraw       day_view.o
    0x0000117c   0x0000117c   0x00000038   Code   RO           93    i.DayViewSetup      lab5.o
    0x000011b4   0x000011b4   0x00000044   Code   RO         1314    i.DoTimeslotsOverlap  date_time_lib.o
    0x000011f8   0x000011f8   0x000000b0   Code   RO          862    i.DrawCurrentTime   day_view.o
    0x000012a8   0x000012a8   0x00000078   Code   RO         1032    i.DrawDayNumbers    month_view.o
    0x00001320   0x00001320   0x0000005c   Code   RO         1033    i.DrawDayOfWeekHeader  month_view.o
    0x0000137c   0x0000137c   0x000001ae   Code   RO          863    i.DrawEvents        day_view.o
    0x0000152a   0x0000152a   0x0000002c   Code   RO           95    i.DrawHLine         lab5.o
    0x00001556   0x00001556   0x00000002   PAD
    0x00001558   0x00001558   0x00000074   Code   RO          864    i.DrawHeaderDayView  day_view.o
    0x000015cc   0x000015cc   0x0000006c   Code   RO         1034    i.DrawHeaderMonthView  month_view.o
    0x00001638   0x00001638   0x00000064   Code   RO         1035    i.DrawMonthGrid     month_view.o
    0x0000169c   0x0000169c   0x0000006c   Code   RO         1036    i.DrawSelectedDayIndicator  month_view.o
    0x00001708   0x00001708   0x0000002c   Code   RO           96    i.DrawString        lab5.o
    0x00001734   0x00001734   0x00000094   Code   RO          865    i.DrawTimeslots     day_view.o
    0x000017c8   0x000017c8   0x00000064   Code   RO          866    i.DrawTimeslotsAndEvents  day_view.o
    0x0000182c   0x0000182c   0x0000002c   Code   RO           97    i.DrawVLine         lab5.o
    0x00001858   0x00001858   0x00000032   Code   RO           98    i.FillRect          lab5.o
    0x0000188a   0x0000188a   0x0000001c   Code   RO           99    i.FillScreen        lab5.o
    0x000018a6   0x000018a6   0x00000002   PAD
    0x000018a8   0x000018a8   0x00000008   Code   RO          100    i.GetCurrentCalendarTime  lab5.o
    0x000018b0   0x000018b0   0x0000003a   Code   RO         1315    i.GetDayOfWeek      date_time_lib.o
    0x000018ea   0x000018ea   0x00000002   PAD
    0x000018ec   0x000018ec   0x00000028   Code   RO          867    i.GetDayView        day_view.o
    0x00001914   0x00001914   0x00000028   Code   RO         1037    i.GetMonthView      month_view.o
    0x0000193c   0x0000193c   0x00000028   Code   RO         1316    i.GetNumDaysInMonth  date_time_lib.o
    0x00001964   0x00001964   0x00000008   Code   RO          868    i.ImplGetCurrTimeslot  day_view.o
    0x0000196c   0x0000196c   0x00000006   Code   RO          869    i.ImplGetDate       day_view.o
    0x00001972   0x00001972   0x00000026   Code   RO         1038    i.ImplGetDateMonthView  month_view.o
    0x00001998   0x00001998   0x0000001e   Code   RO          870    i.ImplGetSelectedEvent  day_view.o
    0x000019b6   0x000019b6   0x00000022   Code   RO         1039    i.ImplMonthViewDraw  month_view.o
    0x000019d8   0x000019d8   0x0000001a   Code   RO         1040    i.ImplSelectNextDay  month_view.o
    0x000019f2   0x000019f2   0x00000086   Code   RO          871    i.ImplSelectNextEvent  day_view.o
    0x00001a78   0x00001a78   0x00000016   Code   RO          872    i.ImplSelectNextTimeslot  day_view.o
    0x00001a8e   0x00001a8e   0x0000001a   Code   RO         1041    i.ImplSelectNextWeek  month_view.o
    0x00001aa8   0x00001aa8   0x0000001a   Code   RO         1042    i.ImplSelectPrevDay  month_view.o
    0x00001ac2   0x00001ac2   0x00000084   Code   RO          873    i.ImplSelectPrevEvent  day_view.o
    0x00001b46   0x00001b46   0x00000016   Code   RO          874    i.ImplSelectPrevTimeslot  day_view.o
    0x00001b5c   0x00001b5c   0x0000001a   Code   RO         1043    i.ImplSelectPrevWeek  month_view.o
    0x00001b76   0x00001b76   0x0000002c   Code   RO          875    i.ImplSetCurrTimeslot  day_view.o
    0x00001ba2   0x00001ba2   0x0000000e   Code   RO          876    i.ImplSetDate       day_view.o
    0x00001bb0   0x00001bb0   0x0000000a   Code   RO          877    i.ImplSetEvents     day_view.o
    0x00001bba   0x00001bba   0x00000034   Code   RO         1044    i.ImplSetMonthInfo  month_view.o
    0x00001bee   0x00001bee   0x00000002   PAD
    0x00001bf0   0x00001bf0   0x000000bc   Code   RO          878    i.InitDayView       day_view.o
    0x00001cac   0x00001cac   0x0000001c   Code   RO         1010    i.InitDayViewController  day_view_controller.o
    0x00001cc8   0x00001cc8   0x00000080   Code   RO         1045    i.InitMonthView     month_view.o
    0x00001d48   0x00001d48   0x0000001c   Code   RO         1137    i.InitMonthViewController  month_view_controller.o
    0x00001d64   0x00001d64   0x00000004   Code   RO          101    i.IsBackButtonPressed  lab5.o
    0x00001d68   0x00001d68   0x00000004   Code   RO          102    i.IsDownButtonPressed  lab5.o
    0x00001d6c   0x00001d6c   0x0000003a   Code   RO         1317    i.IsLeapYear        date_time_lib.o
    0x00001da6   0x00001da6   0x00000004   Code   RO          103    i.IsLeftButtonPressed  lab5.o
    0x00001daa   0x00001daa   0x00000004   Code   RO          104    i.IsRightButtonPressed  lab5.o
    0x00001dae   0x00001dae   0x00000004   Code   RO          105    i.IsSelectButtonPressed  lab5.o
    0x00001db2   0x00001db2   0x00000004   Code   RO          106    i.IsUpButtonPressed  lab5.o
    0x00001db6   0x00001db6   0x00000006   Code   RO          107    i.LoadEventsForDay  lab5.o
    0x00001dbc   0x00001dbc   0x0000002c   Code   RO          108    i.MonthViewSetup    lab5.o
    0x00001de8   0x00001de8   0x00000036   Code   RO         1046    i.PositionToDayOfMonth  month_view.o
    0x00001e1e   0x00001e1e   0x00000002   PAD
    0x00001e20   0x00001e20   0x000001d4   Code   RO          843    i.Profile_Init      profile.o
    0x00001ff4   0x00001ff4   0x00000124   Code   RO          879    i.RecalculateEventPlacement  day_view.o
    0x00002118   0x00002118   0x00000074   Code   RO          411    i.ST7735_InitR      bsp.o
    0x0000218c   0x0000218c   0x00000044   Code   RO         1318    i.SubMinsFromTimeslot  date_time_lib.o
    0x000021d0   0x000021d0   0x00000018   Code   RO         1396    i.TIMER5A_Handler   texas.o
    0x000021e8   0x000021e8   0x0000002a   Code   RO         1319    i.TimeslotStartSplitMins  date_time_lib.o
    0x00002212   0x00002212   0x000000bc   Code   RO         1011    i.UpdateDayView     day_view_controller.o
    0x000022ce   0x000022ce   0x00000078   Code   RO         1138    i.UpdateMonthView   month_view_controller.o
    0x00002346   0x00002346   0x00000002   PAD
    0x00002348   0x00002348   0x00000018   Code   RO          412    i.WideTimer3A_Handler  bsp.o
    0x00002360   0x00002360   0x00000018   Code   RO          413    i.WideTimer4A_Handler  bsp.o
    0x00002378   0x00002378   0x00000018   Code   RO          414    i.WideTimer5A_Handler  bsp.o
    0x00002390   0x00002390   0x0000000e   Code   RO         1759    i._is_digit         c_w.l(__printf_wp.o)
    0x0000239e   0x0000239e   0x00000056   Code   RO          416    i.commandList       bsp.o
    0x000023f4   0x000023f4   0x00000204   Code   RO          417    i.commonInit        bsp.o
    0x000025f8   0x000025f8   0x0000009c   Code   RO         1320    i.determinedaycode  date_time_lib.o
    0x00002694   0x00002694   0x0000003c   Code   RO          110    i.main              lab5.o
    0x000026d0   0x000026d0   0x00000012   Code   RO          426    i.pushColor         bsp.o
    0x000026e2   0x000026e2   0x00000002   PAD
    0x000026e4   0x000026e4   0x00000074   Code   RO          427    i.setAddrWindow     bsp.o
    0x00002758   0x00002758   0x00000048   Code   RO          430    i.writecommand      bsp.o
    0x000027a0   0x000027a0   0x00000048   Code   RO          431    i.writedata         bsp.o
    0x000027e8   0x000027e8   0x00000150   Code   RO         1784    x$fpl$dadd          fz_ws.l(daddsub_clz.o)
    0x00002938   0x00002938   0x000002b0   Code   RO         1791    x$fpl$ddiv          fz_ws.l(ddiv.o)
    0x00002be8   0x00002be8   0x0000005e   Code   RO         1794    x$fpl$dfix          fz_ws.l(dfix.o)
    0x00002c46   0x00002c46   0x0000002e   Code   RO         1799    x$fpl$dflt          fz_ws.l(dflt_clz.o)
    0x00002c74   0x00002c74   0x0000009c   Code   RO         1845    x$fpl$dnaninf       fz_ws.l(dnaninf.o)
    0x00002d10   0x00002d10   0x0000000c   Code   RO         1847    x$fpl$dretinf       fz_ws.l(dretinf.o)
    0x00002d1c   0x00002d1c   0x000001d4   Code   RO         1786    x$fpl$dsub          fz_ws.l(daddsub_clz.o)
    0x00002ef0   0x00002ef0   0x00000000   Code   RO         1849    x$fpl$usenofp       fz_ws.l(usenofp.o)
    0x00002ef0   0x00002ef0   0x00000004   Data   RO          112    .constdata          lab5.o
    0x00002ef4   0x00002ef4   0x0000057b   Data   RO          433    .constdata          bsp.o
    0x0000346f   0x0000346f   0x00000001   PAD
    0x00003470   0x00003470   0x00000030   Data   RO          881    .constdata          day_view.o
    0x000034a0   0x000034a0   0x00000012   Data   RO         1047    .conststring        month_view.o
    0x000034b2   0x000034b2   0x00000002   PAD
    0x000034b4   0x000034b4   0x00000020   Data   RO         2027    Region$$Table       anon$$obj.o


    Execution Region ER_RW (Exec base: 0x20000000, Load base: 0x000034d4, Size: 0x0000032c, Max: 0xffffffff, ABSOLUTE, COMPRESSED[0x00000094])

    Exec Addr    Load Addr    Size         Type   Attr      Idx    E Section Name        Object

    0x20000000   COMPRESSED   0x00000254   Data   RW          113    .data               lab5.o
    0x20000254   COMPRESSED   0x00000044   Data   RW          434    .data               bsp.o
    0x20000298   COMPRESSED   0x00000028   Data   RW          882    .data               day_view.o
    0x200002c0   COMPRESSED   0x00000024   Data   RW         1048    .data               month_view.o
    0x200002e4   COMPRESSED   0x00000030   Data   RW         1321    .data               date_time_lib.o
    0x20000314   COMPRESSED   0x00000018   Data   RW         1419    .data               texas.o


    Execution Region ER_ZI (Exec base: 0x2000032c, Load base: 0x00003568, Size: 0x000029c4, Max: 0xffffffff, ABSOLUTE)

    Exec Addr    Load Addr    Size         Type   Attr      Idx    E Section Name        Object

    0x2000032c        -       0x00000020   Zero   RW          111    .bss                lab5.o
    0x2000034c        -       0x00000140   Zero   RW          880    .bss                day_view.o
    0x2000048c        -       0x00000060   Zero   RW         1851    .bss                c_w.l(libspace.o)
    0x200004ec   0x00003568   0x00000004   PAD
    0x200004f0        -       0x00002000   Zero   RW         1608    HEAP                startup_tm4c123.o
    0x200024f0        -       0x00000800   Zero   RW         1607    STACK               startup_tm4c123.o


==============================================================================

Image component sizes


      Code (inc. data)   RO Data    RW Data    ZI Data      Debug   Object Name

      2360        250       1403         68          0      15967   bsp.o
        56          6          0          0          0        567   controller.o
       536         22          0         48          0       5759   date_time_lib.o
      2170        128         48         40        320      16330   day_view.o
       216          4          0          0          0       3200   day_view_controller.o
         0          0          0          0          0       4508   edisk.o
       408         38          4        596         32      13898   lab5.o
      1002         96         18         36          0       9417   month_view.o
       148          4          0          0          0       1780   month_view_controller.o
       468         50          0          0          0        515   profile.o
       296         22        620          0      10240       5664   startup_tm4c123.o
        24          8          0         24          0       4798   texas.o

    ----------------------------------------------------------------------
      7708        628       2128        812      10592      82403   Object Totals
         0          0         32          0          0          0   (incl. Generated)
        24          0          3          0          0          0   (incl. Padding)

    ----------------------------------------------------------------------

      Code (inc. data)   RO Data    RW Data    ZI Data      Debug   Library Member Name

        90          0          0          0          0          0   __dczerorl2.o
         8          0          0          0          0         68   __main.o
       284          0          0          0          0        156   __printf_wp.o
         0          0          0          0          0          0   __rtentry.o
        12          0          0          0          0          0   __rtentry2.o
         6          0          0          0          0          0   __rtentry4.o
        52          8          0          0          0          0   __scatter.o
        28          0          0          0          0          0   __scatter_zi.o
        48          6          0          0          0         96   _printf_char_common.o
         6          0          0          0          0          0   _printf_d.o
       120         16          0          0          0         92   _printf_dec.o
       178          0          0          0          0         88   _printf_intcommon.o
         0          0          0          0          0          0   _printf_percent.o
         4          0          0          0          0          0   _printf_percent_end.o
        10          0          0          0          0         68   _sputc.o
        40          0          0          0          0         80   calloc.o
        10          0          0          0          0         68   defsig_exit.o
        50          0          0          0          0         88   defsig_general.o
        80         58          0          0          0         76   defsig_rtmem_inner.o
        14          0          0          0          0         80   defsig_rtmem_outer.o
        18          0          0          0          0         80   exit.o
        94          0          0          0          0         80   h1_alloc.o
        52          0          0          0          0         68   h1_extend.o
        78          0          0          0          0         80   h1_free.o
        14          0          0          0          0         84   h1_init.o
         6          0          0          0          0        152   heapauxi.o
         4          0          0          0          0        136   hguard.o
         0          0          0          0          0          0   indicate_semi.o
       138          0          0          0          0        168   init_alloc.o
         2          0          0          0          0          0   libinit.o
        10          0          0          0          0          0   libinit2.o
         2          0          0          0          0          0   libshutdown.o
         2          0          0          0          0          0   libshutdown2.o
         8          4          0          0         96         68   libspace.o
         0          0          0          0          0          0   maybetermalloc1.o
        40          6          0          0          0         84   noretval__2sprintf.o
         8          4          0          0          0         68   rt_heap_descriptor_intlibspace.o
        68          0          0          0          0         68   rt_memclr.o
        78          0          0          0          0         80   rt_memclr_w.o
       100          0          0          0          0         80   rt_memcpy_w.o
         2          0          0          0          0          0   rtexit.o
        10          0          0          0          0          0   rtexit2.o
        12          4          0          0          0         68   sys_exit.o
        74          0          0          0          0         80   sys_stackheap_outer.o
        14          0          0          0          0         76   sys_wrch.o
         2          0          0          0          0         68   use_no_semi.o
       804         16          0          0          0        272   daddsub_clz.o
       688        140          0          0          0        208   ddiv.o
        94          4          0          0          0         92   dfix.o
        46          0          0          0          0         68   dflt_clz.o
       156          4          0          0          0         92   dnaninf.o
        12          0          0          0          0         68   dretinf.o
         0          0          0          0          0          0   usenofp.o

    ----------------------------------------------------------------------
      3688        270          0          0        100       3348   Library Totals
        12          0          0          0          4          0   (incl. Padding)

    ----------------------------------------------------------------------

      Code (inc. data)   RO Data    RW Data    ZI Data      Debug   Library Name

      1876        106          0          0         96       2548   c_w.l
      1800        164          0          0          0        800   fz_ws.l

    ----------------------------------------------------------------------
      3688        270          0          0        100       3348   Library Totals

    ----------------------------------------------------------------------

==============================================================================


      Code (inc. data)   RO Data    RW Data    ZI Data      Debug   

     11396        898       2128        812      10692      79455   Grand Totals
     11396        898       2128        148      10692      79455   ELF Image Totals (compressed)
     11396        898       2128        148          0          0   ROM Totals

==============================================================================

    Total RO  Size (Code + RO Data)                13524 (  13.21kB)
    Total RW  Size (RW Data + ZI Data)             11504 (  11.23kB)
    Total ROM Size (Code + RO Data + RW Data)      13672 (  13.35kB)

==============================================================================

