Component: ARM Compiler 5.06 update 7 (build 960) Tool: armlink [4d3601]

==============================================================================

Section Cross References

    edisk.o(i.eDisk_Format) refers to flashprogram.o(i.Flash_Erase) for Flash_Erase
    edisk.o(i.eDisk_WriteSector) refers to flashprogram.o(i.Flash_WriteArray) for Flash_WriteArray
    flashprogram.o(i.Flash_Erase) refers to flashprogram.o(i.EraseAddrValid) for EraseAddrValid
    flashprogram.o(i.Flash_Erase) refers to startup_tm4c123.o(.text) for DisableInterrupts
    flashprogram.o(i.Flash_FastWrite) refers to flashprogram.o(i.MassWriteAddrValid) for MassWriteAddrValid
    flashprogram.o(i.Flash_FastWrite) refers to startup_tm4c123.o(.text) for DisableInterrupts
    flashprogram.o(i.Flash_Write) refers to flashprogram.o(i.WriteAddrValid) for WriteAddrValid
    flashprogram.o(i.Flash_Write) refers to startup_tm4c123.o(.text) for DisableInterrupts
    flashprogram.o(i.Flash_WriteArray) refers to flashprogram.o(i.Flash_Write) for Flash_Write
    lab5.o(i.DayViewSetup) refers to day_view.o(i.GetDayView) for GetDayView
    lab5.o(i.DayViewSetup) refers to day_view_controller.o(i.InitDayViewController) for InitDayViewController
    lab5.o(i.DayViewSetup) refers to lab5.o(.data) for dummyDate
    lab5.o(i.DayViewSetup) refers to lab5.o(.bss) for SchedulerViewController
    lab5.o(i.DrawHLine) refers to bsp.o(i.BSP_LCD_Color565) for BSP_LCD_Color565
    lab5.o(i.DrawHLine) refers to bsp.o(i.BSP_LCD_DrawFastHLine) for BSP_LCD_DrawFastHLine
    lab5.o(i.DrawString) refers to bsp.o(i.BSP_LCD_Color565) for BSP_LCD_Color565
    lab5.o(i.DrawString) refers to bsp.o(i.BSP_LCD_DrawString) for BSP_LCD_DrawString
    lab5.o(i.DrawVLine) refers to bsp.o(i.BSP_LCD_Color565) for BSP_LCD_Color565
    lab5.o(i.DrawVLine) refers to bsp.o(i.BSP_LCD_DrawFastVLine) for BSP_LCD_DrawFastVLine
    lab5.o(i.FillRect) refers to bsp.o(i.BSP_LCD_Color565) for BSP_LCD_Color565
    lab5.o(i.FillRect) refers to bsp.o(i.BSP_LCD_FillRect) for BSP_LCD_FillRect
    lab5.o(i.FillScreen) refers to bsp.o(i.BSP_LCD_Color565) for BSP_LCD_Color565
    lab5.o(i.FillScreen) refers to bsp.o(i.BSP_LCD_FillScreen) for BSP_LCD_FillScreen
    lab5.o(i.GetCurrentCalendarTime) refers to lab5.o(.data) for DummyTime
    lab5.o(i.MonthViewSetup) refers to month_view.o(i.GetMonthView) for GetMonthView
    lab5.o(i.MonthViewSetup) refers to month_view_controller.o(i.InitMonthViewController) for InitMonthViewController
    lab5.o(i.MonthViewSetup) refers to lab5.o(.constdata) for .constdata
    lab5.o(i.MonthViewSetup) refers to lab5.o(.bss) for DayViewController
    lab5.o(i.SchedulerViewSetup) refers to scheduler_view.o(i.GetSchedulerView) for GetSchedulerView
    lab5.o(i.SchedulerViewSetup) refers to scheduler_view_controller.o(i.InitSchedulerViewController) for InitSchedulerViewController
    lab5.o(i.SchedulerViewSetup) refers to lab5.o(.data) for timeslot
    lab5.o(i.SchedulerViewSetup) refers to lab5.o(.bss) for DayViewController
    lab5.o(i.main) refers to startup_tm4c123.o(.text) for DisableInterrupts
    lab5.o(i.main) refers to bsp.o(i.BSP_Clock_InitFastest) for BSP_Clock_InitFastest
    lab5.o(i.main) refers to profile.o(i.Profile_Init) for Profile_Init
    lab5.o(i.main) refers to bsp.o(i.BSP_Button1_Init) for BSP_Button1_Init
    lab5.o(i.main) refers to bsp.o(i.BSP_Button2_Init) for BSP_Button2_Init
    lab5.o(i.main) refers to bsp.o(i.BSP_LCD_Init) for BSP_LCD_Init
    lab5.o(i.main) refers to bsp.o(i.BSP_LCD_FillScreen) for BSP_LCD_FillScreen
    lab5.o(i.main) refers to lab5.o(i.SchedulerViewSetup) for SchedulerViewSetup
    lab5.o(i.main) refers to lab5.o(i.DayViewSetup) for DayViewSetup
    lab5.o(i.main) refers to lab5.o(i.MonthViewSetup) for MonthViewSetup
    lab5.o(i.main) refers to controller.o(i.ControllerUpdate) for ControllerUpdate
    lab5.o(i.main) refers to lab5.o(.data) for CurrentController
    lab5.o(.data) refers to lab5.o(.bss) for SchedulerViewController
    efile.o(i.MountDirectory) refers to edisk.o(i.eDisk_ReadSector) for eDisk_ReadSector
    efile.o(i.MountDirectory) refers to efile.o(.data) for bDirectoryLoaded
    efile.o(i.MountDirectory) refers to efile.o(.bss) for Buff
    efile.o(i.OS_File_Append) refers to efile.o(i.MountDirectory) for MountDirectory
    efile.o(i.OS_File_Append) refers to efile.o(i.findfreesector) for findfreesector
    efile.o(i.OS_File_Append) refers to edisk.o(i.eDisk_WriteSector) for eDisk_WriteSector
    efile.o(i.OS_File_Append) refers to efile.o(i.appendfat) for appendfat
    efile.o(i.OS_File_Flush) refers to edisk.o(i.eDisk_WriteSector) for eDisk_WriteSector
    efile.o(i.OS_File_Flush) refers to efile.o(.bss) for Directory
    efile.o(i.OS_File_Format) refers to edisk.o(i.eDisk_Format) for eDisk_Format
    efile.o(i.OS_File_Format) refers to efile.o(.data) for bDirectoryLoaded
    efile.o(i.OS_File_New) refers to efile.o(i.MountDirectory) for MountDirectory
[...]
    i.ImplMoveFocusDown                      0x000021d8   Section        0  scheduler_view.o(i.ImplMoveFocusDown)
    i.ImplMoveFocusLeft                      0x0000224c   Section        0  scheduler_view.o(i.ImplMoveFocusLeft)
    i.ImplMoveFocusRight                     0x0000226c   Section        0  scheduler_view.o(i.ImplMoveFocusRight)
    i.ImplMoveFocusUp                        0x0000228c   Section        0  scheduler_view.o(i.ImplMoveFocusUp)
    i.ImplSelectCurrElement                  0x000022fc   Section        0  scheduler_view.o(i.ImplSelectCurrElement)
    i.ImplSelectNextDay                      0x00002394   Section        0  month_view.o(i.ImplSelectNextDay)
    i.ImplSelectNextEvent                    0x000023ae   Section        0  day_view.o(i.ImplSelectNextEvent)
    i.ImplSelectNextTimeslot                 0x00002434   Section        0  day_view.o(i.ImplSelectNextTimeslot)
    i.ImplSelectNextWeek                     0x0000244a   Section        0  month_view.o(i.ImplSelectNextWeek)
    i.ImplSelectPrevDay                      0x00002464   Section        0  month_view.o(i.ImplSelectPrevDay)
    i.ImplSelectPrevEvent                    0x0000247e   Section        0  day_view.o(i.ImplSelectPrevEvent)
    i.ImplSelectPrevTimeslot                 0x00002502   Section        0  day_view.o(i.ImplSelectPrevTimeslot)
    i.ImplSelectPrevWeek                     0x00002518   Section        0  month_view.o(i.ImplSelectPrevWeek)
    i.ImplSetCurrTimeslot                    0x00002532   Section        0  day_view.o(i.ImplSetCurrTimeslot)
    i.ImplSetDate                            0x0000255e   Section        0  day_view.o(i.ImplSetDate)
    i.ImplSetEventBaseInfo                   0x0000256c   Section        0  scheduler_view.o(i.ImplSetEventBaseInfo)
    i.ImplSetEvents                          0x00002588   Section        0  day_view.o(i.ImplSetEvents)
    i.ImplSetExistingEventInfo               0x00002592   Section        0  scheduler_view.o(i.ImplSetExistingEventInfo)
    i.ImplSetMonthInfo                       0x000025a4   Section        0  month_view.o(i.ImplSetMonthInfo)
    i.ImplUnselectCurrElement                0x000025d8   Section        0  scheduler_view.o(i.ImplUnselectCurrElement)
    i.InitDayView                            0x000025f8   Section        0  day_view.o(i.InitDayView)
    i.InitDayViewController                  0x000026b4   Section        0  day_view_controller.o(i.InitDayViewController)
    i.InitMonthView                          0x000026d0   Section        0  month_view.o(i.InitMonthView)
    i.InitMonthViewController                0x00002750   Section        0  month_view_controller.o(i.InitMonthViewController)
    i.InitSchedulerView                      0x0000276c   Section        0  scheduler_view.o(i.InitSchedulerView)
    i.InitSchedulerViewController            0x000027e0   Section        0  scheduler_view_controller.o(i.InitSchedulerViewController)
    i.IsBackButtonPressed                    0x000027fc   Section        0  lab5.o(i.IsBackButtonPressed)
    i.IsDownButtonPressed                    0x00002800   Section        0  lab5.o(i.IsDownButtonPressed)
    i.IsLeapYear                             0x00002804   Section        0  date_time_lib.o(i.IsLeapYear)
    i.IsLeftButtonPressed                    0x0000283e   Section        0  lab5.o(i.IsLeftButtonPressed)
    i.IsRightButtonPressed                   0x00002842   Section        0  lab5.o(i.IsRightButtonPressed)
    i.IsSelectButtonPressed                  0x00002846   Section        0  lab5.o(i.IsSelectButtonPressed)
    i.IsUpButtonPressed                      0x0000284a   Section        0  lab5.o(i.IsUpButtonPressed)
    i.LoadEventsForDay                       0x0000284e   Section        0  lab5.o(i.LoadEventsForDay)
    i.MonthViewSetup                         0x00002854   Section        0  lab5.o(i.MonthViewSetup)
    i.PositionToDayOfMonth                   0x00002880   Section        0  month_view.o(i.PositionToDayOfMonth)
    i.Profile_Init                           0x000028b8   Section        0  profile.o(i.Profile_Init)
    i.RecalculateEventPlacement              0x00002a8c   Section        0  day_view.o(i.RecalculateEventPlacement)
    i.ST7735_InitR                           0x00002bb0   Section        0  bsp.o(i.ST7735_InitR)
    ST7735_InitR                             0x00002bb1   Thumb Code    86  bsp.o(i.ST7735_InitR)
    i.SaveEvent                              0x00002c24   Section        0  lab5.o(i.SaveEvent)
    i.Scheduler                              0x00002c28   Section        0  os.o(i.Scheduler)
    i.SchedulerViewDraw                      0x00002c9c   Section        0  scheduler_view.o(i.SchedulerViewDraw)
    i.SchedulerViewSetup                     0x00002cdc   Section        0  lab5.o(i.SchedulerViewSetup)
    i.SubMinsFromTimeslot                    0x00002d08   Section        0  date_time_lib.o(i.SubMinsFromTimeslot)
    i.TIMER5A_Handler                        0x00002d4c   Section        0  texas.o(i.TIMER5A_Handler)
    i.TimeslotStartSplitMins                 0x00002d64   Section        0  date_time_lib.o(i.TimeslotStartSplitMins)
    i.UpdateDayView                          0x00002d8e   Section        0  day_view_controller.o(i.UpdateDayView)
    i.UpdateMonthView                        0x00002e4a   Section        0  month_view_controller.o(i.UpdateMonthView)
    i.UpdateSchedulerView                    0x00002ec2   Section        0  scheduler_view_controller.o(i.UpdateSchedulerView)
    i.WideTimer3A_Handler                    0x00002f58   Section        0  bsp.o(i.WideTimer3A_Handler)
    i.WideTimer4A_Handler                    0x00002f70   Section        0  bsp.o(i.WideTimer4A_Handler)
    i.WideTimer5A_Handler                    0x00002f88   Section        0  bsp.o(i.WideTimer5A_Handler)
    i._is_digit                              0x00002fa0   Section        0  __printf_wp.o(i._is_digit)
    i.commandList                            0x00002fae   Section        0  bsp.o(i.commandList)
    commandList                              0x00002faf   Thumb Code    86  bsp.o(i.commandList)
    i.commonInit                             0x00003004   Section        0  bsp.o(i.commonInit)
    commonInit                               0x00003005   Thumb Code   452  bsp.o(i.commonInit)
    i.determinedaycode                       0x00003208   Section        0  date_time_lib.o(i.determinedaycode)
    i.main                                   0x000032a4   Section        0  lab5.o(i.main)
    i.pushColor                              0x000032e4   Section        0  bsp.o(i.pushColor)
    pushColor                                0x000032e5   Thumb Code    18  bsp.o(i.pushColor)
    i.setAddrWindow                          0x000032f8   Section        0  bsp.o(i.setAddrWindow)
    setAddrWindow                            0x000032f9   Thumb Code   106  bsp.o(i.setAddrWindow)
    i.writecommand                           0x0000336c   Section        0  bsp.o(i.writecommand)
    writecommand                             0x0000336d   Thumb Code    62  bsp.o(i.writecommand)
    i.writedata                              0x000033b4   Section        0  bsp.o(i.writedata)
    writedata                                0x000033b5   Thumb Code    64  bsp.o(i.writedata)
    x$fpl$dadd                               0x000033fc   Section      336  daddsub_clz.o(x$fpl$dadd)
    _dadd1                                   0x0000340d   Thumb Code     0  daddsub_clz.o(x$fpl$dadd)
    x$fpl$ddiv                               0x0000354c   Section      688  ddiv.o(x$fpl$ddiv)
    ddiv_entry                               0x00003553   Thumb Code     0  ddiv.o(x$fpl$ddiv)
    x$fpl$dfix                               0x000037fc   Section       94  dfix.o(x$fpl$dfix)
    x$fpl$dflt                               0x0000385a   Section       46  dflt_clz.o(x$fpl$dflt)
    x$fpl$dnaninf                            0x00003888   Section      156  dnaninf.o(x$fpl$dnaninf)
    x$fpl$dretinf                            0x00003924   Section       12  dretinf.o(x$fpl$dretinf)
    x$fpl$dsub                               0x00003930   Section      468  daddsub_clz.o(x$fpl$dsub)
    _dsub1                                   0x00003941   Thumb Code     0  daddsub_clz.o(x$fpl$dsub)
    .constdata                               0x00003b04   Section        4  lab5.o(.constdata)
    x$fpl$usenofp                            0x00003b04   Section        0  usenofp.o(x$fpl$usenofp)
    .constdata                               0x00003b08   Section     1403  bsp.o(.constdata)
    Font                                     0x00003b08   Data        1275  bsp.o(.constdata)
    Rcmd1                                    0x00004003   Data          59  bsp.o(.constdata)
    Rcmd2green                               0x0000403e   Data          13  bsp.o(.constdata)
    Rcmd2red                                 0x0000404b   Data          13  bsp.o(.constdata)
    Rcmd3                                    0x00004058   Data          43  bsp.o(.constdata)
    .constdata                               0x00004084   Section       48  day_view.o(.constdata)
    .constdata                               0x000040b4   Section        7  scheduler_view.o(.constdata)
    .conststring                             0x000040bc   Section       18  month_view.o(.conststring)
    .conststring                             0x000040d0   Section      126  scheduler_view.o(.conststring)
    .data                                    0x20000000   Section      604  lab5.o(.data)
    date                                     0x20000014   Data           4  lab5.o(.data)
    timeslot                                 0x20000018   Data           4  lab5.o(.data)
    events                                   0x2000001c   Data         576  lab5.o(.data)
    .data                                    0x2000025c   Section       68  bsp.o(.data)
    ClockFrequency                           0x2000025c   Data           4  bsp.o(.data)
    PWMCycles                                0x20000260   Data           2  bsp.o(.data)
    ColStart                                 0x2000026e   Data           1  bsp.o(.data)
    RowStart                                 0x2000026f   Data           1  bsp.o(.data)
    _width                                   0x20000270   Data           2  bsp.o(.data)
    _height                                  0x20000272   Data           2  bsp.o(.data)
    .data                                    0x200002a0   Section       40  day_view.o(.data)
    .data                                    0x200002c8   Section       36  month_view.o(.data)
    dayStrings                               0x200002d0   Data          28  month_view.o(.data)
    .data                                    0x200002ec   Section      152  scheduler_view.o(.data)
    .data                                    0x20000384   Section       48  date_time_lib.o(.data)
    .data                                    0x200003b8   Section       40  os.o(.data)
    .data                                    0x200003e0   Section       24  texas.o(.data)
    .bss                                     0x200003f8   Section       48  lab5.o(.bss)
    .bss                                     0x20000428   Section      320  day_view.o(.bss)
    eventPlacements                          0x20000428   Data         320  day_view.o(.bss)
    .bss                                     0x20000568   Section       96  libspace.o(.bss)
    HEAP                                     0x200005c8   Section     8192  startup_tm4c123.o(HEAP)
    Heap_Mem                                 0x200005c8   Data        8192  startup_tm4c123.o(HEAP)
    STACK                                    0x200025c8   Section     2048  startup_tm4c123.o(STACK)
    Stack_Mem                                0x200025c8   Data        2048  startup_tm4c123.o(STACK)
    __initial_sp                             0x20002dc8   Data           0  startup_tm4c123.o(STACK)

    Global Symbols

    Symbol Name                              Value     Ov Type        Size  Object(Section)

    BuildAttributes$$THM_ISAv4$E$P$D$K$B$S$7EM$PE$A:L22UL41UL21$X:L11$S22US41US21$IEEE1$IW$USESV6$~STKCKD$USESV7$~SHL$OTIME$ROPI$EBA8$UX$STANDARDLIB$REQ8$PRES8$EABIv2 0x00000000   Number         0  anon$$obj.o ABSOLUTE
    __ARM_use_no_argv                        0x00000000   Number         0  lab5.o ABSOLUTE
    __Vectors                                0x00000000   Data           4  startup_tm4c123.o(RESET)
    _printf_flags                            0x00000000   Number         0  printf_stubs.o ABSOLUTE
    _printf_return_value                     0x00000000   Number         0  printf_stubs.o ABSOLUTE
    _printf_sizespec                         0x00000000   Number         0  printf_stubs.o ABSOLUTE
    _printf_widthprec                        0x00000000   Number         0  printf_stubs.o ABSOLUTE
    __ARM_exceptions_init                     - Undefined Weak Reference
    __alloca_initialize                       - Undefined Weak Reference
    __arm_fini_                               - Undefined Weak Reference
    __arm_preinit_                            - Undefined Weak Reference
    __cpp_initialize__aeabi_                  - Undefined Weak Reference
    __cxa_finalize                            - Undefined Weak Reference
    __rt_locale                               - Undefined Weak Reference
    __sigvec_lookup                           - Undefined Weak Reference
    __user_heap_extent                        - Undefined Weak Reference
    _atexit_init                              - Undefined Weak Reference
    _call_atexit_fns                          - Undefined Weak Reference
    _clock_init                               - Undefined Weak Reference
    _fp_trap_init                             - Undefined Weak Reference
    _fp_trap_shutdown                         - Undefined Weak Reference
    _get_lc_collate                           - Undefined Weak Reference
    _get_lc_ctype                             - Undefined Weak Reference
    _get_lc_monetary                          - Undefined Weak Reference
    _get_lc_numeric                           - Undefined Weak Reference
    _get_lc_time                              - Undefined Weak Reference
    _getenv_init                              - Undefined Weak Reference
    _handle_redirection                       - Undefined Weak Reference
    _initio                                   - Undefined Weak Reference
    _mutex_acquire                            - Undefined Weak Reference
    _mutex_free                               - Undefined Weak Reference
    _mutex_release                            - Undefined Weak Reference
    _printf_mbtowc                            - Undefined Weak Reference
    _printf_truncate_signed                   - Undefined Weak Reference
    _printf_truncate_unsigned                 - Undefined Weak Reference
    _rand_init                                - Undefined Weak Reference
    _signal_finish                            - Undefined Weak Reference
    _signal_init                              - Undefined Weak Reference
    _terminateio                              - Undefined Weak Reference
    __Vectors_End                            0x0000026c   Data           0  startup_tm4c123.o(RESET)
    __Vectors_Size                           0x0000026c   Number         0  startup_tm4c123.o ABSOLUTE
    __main                                   0x0000026d   Thumb Code     8  __main.o(!!!main)
    __scatterload                            0x00000275   Thumb Code     0  __scatter.o(!!!scatter)
    __scatterload_rt2                        0x00000275   Thumb Code    44  __scatter.o(!!!scatter)
    __scatterload_rt2_thumb_only             0x00000275   Thumb Code     0  __scatter.o(!!!scatter)
    __scatterload_null                       0x00000283   Thumb Code     0  __scatter.o(!!!scatter)
    __decompress                             0x000002a9   Thumb Code    90  __dczerorl2.o(!!dczerorl2)
    __decompress1                            0x000002a9   Thumb Code     0  __dczerorl2.o(!!dczerorl2)
    __scatterload_zeroinit                   0x00000305   Thumb Code    28  __scatter_zi.o(!!handler_zi)
    _printf_d                                0x00000321   Thumb Code     0  _printf_d.o(.ARM.Collect$$_printf_percent$$00000009)
    _printf_percent                          0x00000321   Thumb Code     0  _printf_percent.o(.ARM.Collect$$_printf_percent$$00000000)
    _printf_s                                0x00000327   Thumb Code     0  _printf_s.o(.ARM.Collect$$_printf_percent$$00000014)
    _printf_percent_end                      0x0000032d   Thumb Code     0  _printf_percent_end.o(.ARM.Collect$$_printf_percent$$00000017)
    __rt_lib_init                            0x00000331   Thumb Code     0  libinit.o(.ARM.Collect$$libinit$$00000000)
    __rt_lib_init_fp_1                       0x00000333   Thumb Code     0  libinit2.o(.ARM.Collect$$libinit$$00000002)
    __rt_lib_init_heap_2                     0x00000333   Thumb Code     0  libinit2.o(.ARM.Collect$$libinit$$00000005)
    __rt_lib_init_preinit_1                  0x00000333   Thumb Code     0  libinit2.o(.ARM.Collect$$libinit$$00000004)
    __rt_lib_init_alloca_1                   0x0000033b   Thumb Code     0  libinit2.o(.ARM.Collect$$libinit$$0000002E)
    __rt_lib_init_argv_1                     0x0000033b   Thumb Code     0  libinit2.o(.ARM.Collect$$libinit$$0000002C)
    __rt_lib_init_atexit_1                   0x0000033b   Thumb Code     0  libinit2.o(.ARM.Collect$$libinit$$0000001B)
    __rt_lib_init_clock_1                    0x0000033b   Thumb Code     0  libinit2.o(.ARM.Collect$$libinit$$00000021)
    __rt_lib_init_cpp_1                      0x0000033b   Thumb Code     0  libinit2.o(.ARM.Collect$$libinit$$00000032)
    __rt_lib_init_exceptions_1               0x0000033b   Thumb Code     0  libinit2.o(.ARM.Collect$$libinit$$00000030)
    __rt_lib_init_fp_trap_1                  0x0000033b   Thumb Code     0  libinit2.o(.ARM.Collect$$libinit$$0000001F)
    __rt_lib_init_getenv_1                   0x0000033b   Thumb Code     0  libinit2.o(.ARM.Collect$$libinit$$00000023)
    __rt_lib_init_heap_1                     0x0000033b   Thumb Code     0  libinit2.o(.ARM.Collect$$libinit$$0000000A)
    __rt_lib_init_lc_collate_1               0x0000033b   Thumb Code     0  libinit2.o(.ARM.Collect$$libinit$$00000011)
    __rt_lib_init_lc_ctype_1                 0x0000033b   Thumb Code     0  libinit2.o(.ARM.Collect$$libinit$$00000013)
    __rt_lib_init_lc_monetary_1              0x0000033b   Thumb Code     0  libinit2.o(.ARM.Collect$$libinit$$00000015)
    __rt_lib_init_lc_numeric_1               0x0000033b   Thumb Code     0  libinit2.o(.ARM.Collect$$libinit$$00000017)
    __rt_lib_init_lc_time_1                  0x0000033b   Thumb Code     0  libinit2.o(.ARM.Collect$$libinit$$00000019)
    __rt_lib_init_rand_1                     0x0000033b   Thumb Code     0  libinit2.o(.ARM.Collect$$libinit$$0000000E)
    __rt_lib_init_return                     0x0000033b   Thumb Code     0  libinit2.o(.ARM.Collect$$libinit$$00000033)
    __rt_lib_init_signal_1                   0x0000033b   Thumb Code     0  libinit2.o(.ARM.Collect$$libinit$$0000001D)
    __rt_lib_init_stdio_1                    0x0000033b   Thumb Code     0  libinit2.o(.ARM.Collect$$libinit$$00000025)
    __rt_lib_init_user_alloc_1               0x0000033b   Thumb Code     0  libinit2.o(.ARM.Collect$$libinit$$0000000C)
    __rt_lib_shutdown                        0x0000033d   Thumb Code     0  libshutdown.o(.ARM.Collect$$libshutdown$$00000000)
    __rt_lib_shutdown_cpp_1                  0x0000033f   Thumb Code     0  libshutdown2.o(.ARM.Collect$$libshutdown$$00000004)
    __rt_lib_shutdown_fini_1                 0x0000033f   Thumb Code     0  libshutdown2.o(.ARM.Collect$$libshutdown$$00000002)
    __rt_lib_shutdown_fp_trap_1              0x0000033f   Thumb Code     0  libshutdown2.o(.ARM.Collect$$libshutdown$$00000009)
    __rt_lib_shutdown_heap_1                 0x0000033f   Thumb Code     0  libshutdown2.o(.ARM.Collect$$libshutdown$$00000011)
    __rt_lib_shutdown_return                 0x0000033f   Thumb Code     0  libshutdown2.o(.ARM.Collect$$libshutdown$$00000012)
    __rt_lib_shutdown_signal_1               0x0000033f   Thumb Code     0  libshutdown2.o(.ARM.Collect$$libshutdown$$0000000C)
    __rt_lib_shutdown_stdio_1                0x0000033f   Thumb Code     0  libshutdown2.o(.ARM.Collect$$libshutdown$$00000006)
    __rt_lib_shutdown_user_alloc_1           0x0000033f   Thumb Code     0  libshutdown2.o(.ARM.Collect$$libshutdown$$0000000E)
    __rt_entry                               0x00000341   Thumb Code     0  __rtentry.o(.ARM.Collect$$rtentry$$00000000)
    __rt_entry_presh_1                       0x00000341   Thumb Code     0  __rtentry2.o(.ARM.Collect$$rtentry$$00000002)
    __rt_entry_sh                            0x00000341   Thumb Code     0  __rtentry4.o(.ARM.Collect$$rtentry$$00000004)
    __rt_entry_li                            0x00000347   Thumb Code     0  __rtentry2.o(.ARM.Collect$$rtentry$$0000000A)
    __rt_entry_postsh_1                      0x00000347   Thumb Code     0  __rtentry2.o(.ARM.Collect$$rtentry$$00000009)
    __rt_entry_main                          0x0000034b   Thumb Code     0  __rtentry2.o(.ARM.Collect$$rtentry$$0000000D)
    __rt_entry_postli_1                      0x0000034b   Thumb Code     0  __rtentry2.o(.ARM.Collect$$rtentry$$0000000C)
    __rt_exit                                0x00000353   Thumb Code     0  rtexit.o(.ARM.Collect$$rtexit$$00000000)
    __rt_exit_ls                             0x00000355   Thumb Code     0  rtexit2.o(.ARM.Collect$$rtexit$$00000003)
    __rt_exit_prels_1                        0x00000355   Thumb Code     0  rtexit2.o(.ARM.Collect$$rtexit$$00000002)
    __rt_exit_exit                           0x00000359   Thumb Code     0  rtexit2.o(.ARM.Collect$$rtexit$$00000004)
    parrotdelay                              0x00000361   Thumb Code     6  bsp.o(.emb_text)
    SysTick_Handler                          0x00000369   Thumb Code     0  osasm.o(.text)
    _maybe_terminate_alloc                   0x00000369   Thumb Code     0  maybetermalloc1.o(.emb_text)
    StartOS                                  0x0000038f   Thumb Code     0  osasm.o(.text)
    Reset_Handler                            0x000003b1   Thumb Code     4  startup_tm4c123.o(.text)
    NMI_Handler                              0x000003b5   Thumb Code     2  startup_tm4c123.o(.text)
    HardFault_Handler                        0x000003b7   Thumb Code     2  startup_tm4c123.o(.text)
    MemManage_Handler                        0x000003b9   Thumb Code     2  startup_tm4c123.o(.text)
    BusFault_Handler                         0x000003bb   Thumb Code     2  startup_tm4c123.o(.text)
    UsageFault_Handler                       0x000003bd   Thumb Code     2  startup_tm4c123.o(.text)
    SVC_Handler                              0x000003bf   Thumb Code     2  startup_tm4c123.o(.text)
    DebugMon_Handler                         0x000003c1   Thumb Code     2  startup_tm4c123.o(.text)
    PendSV_Handler                           0x000003c3   Thumb Code     2  startup_tm4c123.o(.text)
    GPIOPortA_Handler                        0x000003c7   Thumb Code     2  startup_tm4c123.o(.text)
    GPIOPortB_Handler                        0x000003c9   Thumb Code     2  startup_tm4c123.o(.text)
    GPIOPortC_Handler                        0x000003cb   Thumb Code     2  startup_tm4c123.o(.text)
    GPIOPortD_Handler                        0x000003cd   Thumb Code     2  startup_tm4c123.o(.text)
    GPIOPortE_Handler                        0x000003cf   Thumb Code     2  startup_tm4c123.o(.text)
    UART0_Handler                            0x000003d1   Thumb Code     2  startup_tm4c123.o(.text)
    UART1_Handler                            0x000003d3   Thumb Code     2  startup_tm4c123.o(.text)
    SSI0_Handler                             0x000003d5   Thumb Code     2  startup_tm4c123.o(.text)
    I2C0_Handler                             0x000003d7   Thumb Code     2  startup_tm4c123.o(.text)
    PMW0_FAULT_Handler                       0x000003d9   Thumb Code     2  startup_tm4c123.o(.text)
    PWM0Generator0_Handler                   0x000003db   Thumb Code     2  startup_tm4c123.o(.text)
    PWM0Generator1_Handler                   0x000003dd   Thumb Code     2  startup_tm4c123.o(.text)
    PWM0Generator2_Handler                   0x000003df   Thumb Code     2  startup_tm4c123.o(.text)
    Quadrature0_Handler                      0x000003e1   Thumb Code     2  startup_tm4c123.o(.text)
    ADC0Seq0_Handler                         0x000003e3   Thumb Code     2  startup_tm4c123.o(.text)
    ADC0Seq1_Handler                         0x000003e5   Thumb Code     2  startup_tm4c123.o(.text)
    ADC0Seq2_Handler                         0x000003e7   Thumb Code     2  startup_tm4c123.o(.text)
    ADC0Seq3_Handler                         0x000003e9   Thumb Code     2  startup_tm4c123.o(.text)
    WDT_Handler                              0x000003eb   Thumb Code     2  startup_tm4c123.o(.text)
    TIMER0A_Handler                          0x000003ed   Thumb Code     2  startup_tm4c123.o(.text)
    TIMER0B_Handler                          0x000003ef   Thumb Code     2  startup_tm4c123.o(.text)
    TIMER1A_Handler                          0x000003f1   Thumb Code     2  startup_tm4c123.o(.text)
    TIMER1B_Handler                          0x000003f3   Thumb Code     2  startup_tm4c123.o(.text)
    TIMER2A_Handler                          0x000003f5   Thumb Code     2  startup_tm4c123.o(.text)
    TIMER2B_Handler                          0x000003f7   Thumb Code     2  startup_tm4c123.o(.text)
    COMP0_Handler                            0x000003f9   Thumb Code     2  startup_tm4c123.o(.text)
    COMP1_Handler                            0x000003fb   Thumb Code     2  startup_tm4c123.o(.text)
    COMP2_Handler                            0x000003fd   Thumb Code     2  startup_tm4c123.o(.text)
    SYSCTL_Handler                           0x000003ff   Thumb Code     2  startup_tm4c123.o(.text)
    FlashCtl_Handler                         0x00000401   Thumb Code     2  startup_tm4c123.o(.text)
    GPIOPortF_Handler                        0x00000403   Thumb Code     2  startup_tm4c123.o(.text)
    GPIOPortG_Handler                        0x00000405   Thumb Code     2  startup_tm4c123.o(.text)
    GPIOPortH_Handler                        0x00000407   Thumb Code     2  startup_tm4c123.o(.text)
    UART2_Handler                            0x00000409   Thumb Code     2  startup_tm4c123.o(.text)
    SSI1_Handler                             0x0000040b   Thumb Code     2  startup_tm4c123.o(.text)
    TIMER3A_Handler                          0x0000040d   Thumb Code     2  startup_tm4c123.o(.text)
    TIMER3B_Handler                          0x0000040f   Thumb Code     2  startup_tm4c123.o(.text)
    I2C1_Handler                             0x00000411   Thumb Code     2  startup_tm4c123.o(.text)
    Quadrature1_Handler                      0x00000413   Thumb Code     2  startup_tm4c123.o(.text)
    CAN0_Handler                             0x00000415   Thumb Code     2  startup_tm4c123.o(.text)
    CAN1_Handler                             0x00000417   Thumb Code     2  startup_tm4c123.o(.text)
    CAN2_Handler                             0x00000419   Thumb Code     2  startup_tm4c123.o(.text)
    Hibernate_Handler                        0x0000041b   Thumb Code     2  startup_tm4c123.o(.text)
    USB0_Handler                             0x0000041d   Thumb Code     2  startup_tm4c123.o(.text)
    PWM0Generator3_Handler                   0x0000041f   Thumb Code     2  startup_tm4c123.o(.text)
    UDMA_Handler                             0x00000421   Thumb Code     2  startup_tm4c123.o(.text)
    UDMAERR_Handler                          0x00000423   Thumb Code     2  startup_tm4c123.o(.text)
    ADC1Seq0_Handler                         0x00000425   Thumb Code     2  startup_tm4c123.o(.text)
    ADC1Seq1_Handler                         0x00000427   Thumb Code     2  startup_tm4c123.o(.text)
    ADC1Seq2_Handler                         0x00000429   Thumb Code     2  startup_tm4c123.o(.text)
    ADC1Seq3_Handler                         0x0000042b   Thumb Code     2  startup_tm4c123.o(.text)
    GPIOPortJ_Handler                        0x0000042d   Thumb Code     2  startup_tm4c123.o(.text)
    GPIOPortK_Handler                        0x0000042f   Thumb Code     2  startup_tm4c123.o(.text)
    GPIOPortL_Handler                        0x00000431   Thumb Code     2  startup_tm4c123.o(.text)
    SSI2_Handler                             0x00000433   Thumb Code     2  startup_tm4c123.o(.text)
    SSI3_Handler                             0x00000435   Thumb Code     2  startup_tm4c123.o(.text)
    UART3_Handler                            0x00000437   Thumb Code     2  startup_tm4c123.o(.text)
    UART4_Handler                            0x00000439   Thumb Code     2  startup_tm4c123.o(.text)
    UART5_Handler                            0x0000043b   Thumb Code     2  startup_tm4c123.o(.text)
    UART6_Handler                            0x0000043d   Thumb Code     2  startup_tm4c123.o(.text)
    UART7_Handler                            0x0000043f   Thumb Code     2  startup_tm4c123.o(.text)
    I2C2_Handler                             0x00000441   Thumb Code     2  startup_tm4c123.o(.text)
    I2C3_Handler                             0x00000443   Thumb Code     2  startup_tm4c123.o(.text)
    TIMER4A_Handler                          0x00000445   Thumb Code     2  startup_tm4c123.o(.text)
    TIMER4B_Handler                          0x00000447   Thumb Code     2  startup_tm4c123.o(.text)
    TIMER5B_Handler                          0x0000044b   Thumb Code     2  startup_tm4c123.o(.text)
    WideTimer0A_Handler                      0x0000044d   Thumb Code     2  startup_tm4c123.o(.text)
    WideTimer0B_Handler                      0x0000044f   Thumb Code     2  startup_tm4c123.o(.text)
    WideTimer1A_Handler                      0x00000451   Thumb Code     2  startup_tm4c123.o(.text)
    WideTimer1B_Handler                      0x00000453   Thumb Code     2  startup_tm4c123.o(.text)
    WideTimer2A_Handler                      0x00000455   Thumb Code     2  startup_tm4c123.o(.text)
    WideTimer2B_Handler                      0x00000457   Thumb Code     2  startup_tm4c123.o(.text)
    WideTimer3B_Handler                      0x0000045b   Thumb Code     2  startup_tm4c123.o(.text)
    WideTimer4B_Handler                      0x0000045f   Thumb Code     2  startup_tm4c123.o(.text)
    WideTimer5B_Handler                      0x00000463   Thumb Code     2  startup_tm4c123.o(.text)
    FPU_Handler                              0x00000465   Thumb Code     2  startup_tm4c123.o(.text)
    I2C4_Handler                             0x00000467   Thumb Code     2  startup_tm4c123.o(.text)
    I2C5_Handler                             0x00000469   Thumb Code     2  startup_tm4c123.o(.text)
    GPIOPortM_Handler                        0x0000046b   Thumb Code     2  startup_tm4c123.o(.text)
    GPIOPortN_Handler                        0x0000046d   Thumb Code     2  startup_tm4c123.o(.text)
    QEI2_Handler                             0x0000046f   Thumb Code     2  startup_tm4c123.o(.text)
    GPIOPortP0_Handler                       0x00000471   Thumb Code     2  startup_tm4c123.o(.text)
    GPIOPortP1_Handler                       0x00000473   Thumb Code     2  startup_tm4c123.o(.text)
    GPIOPortP2_Handler                       0x00000475   Thumb Code     2  startup_tm4c123.o(.text)
    GPIOPortP3_Handler                       0x00000477   Thumb Code     2  startup_tm4c123.o(.text)
    GPIOPortP4_Handler                       0x00000479   Thumb Code     2  startup_tm4c123.o(.text)
    GPIOPortP5_Handler                       0x0000047b   Thumb Code     2  startup_tm4c123.o(.text)
    GPIOPortP6_Handler                       0x0000047d   Thumb Code     2  startup_tm4c123.o(.text)
    GPIOPortP7_Handler                       0x0000047f   Thumb Code     2  startup_tm4c123.o(.text)
    GPIOPortQ0_Handler                       0x00000481   Thumb Code     2  startup_tm4c123.o(.text)
    GPIOPortQ1_Handler                       0x00000483   Thumb Code     2  startup_tm4c123.o(.text)
    GPIOPortQ2_Handler                       0x00000485   Thumb Code     2  startup_tm4c123.o(.text)
    GPIOPortQ3_Handler                       0x00000487   Thumb Code     2  startup_tm4c123.o(.text)
    GPIOPortQ4_Handler                       0x00000489   Thumb Code     2  startup_tm4c123.o(.text)
    GPIOPortQ5_Handler                       0x0000048b   Thumb Code     2  startup_tm4c123.o(.text)
    GPIOPortQ6_Handler                       0x0000048d   Thumb Code     2  startup_tm4c123.o(.text)
    GPIOPortQ7_Handler                       0x0000048f   Thumb Code     2  startup_tm4c123.o(.text)
    GPIOPortR_Handler                        0x00000491   Thumb Code     2  startup_tm4c123.o(.text)
    GPIOPortS_Handler                        0x00000493   Thumb Code     2  startup_tm4c123.o(.text)
    PWM1Generator0_Handler                   0x00000495   Thumb Code     2  startup_tm4c123.o(.text)
    PWM1Generator1_Handler                   0x00000497   Thumb Code     2  startup_tm4c123.o(.text)
    PWM1Generator2_Handler                   0x00000499   Thumb Code     2  startup_tm4c123.o(.text)
    PWM1Generator3_Handler                   0x0000049b   Thumb Code     2  startup_tm4c123.o(.text)
    PWM1Fault_Handler                        0x0000049d   Thumb Code     2  startup_tm4c123.o(.text)
    DisableInterrupts                        0x000004a5   Thumb Code     0  startup_tm4c123.o(.text)
    EnableInterrupts                         0x000004a9   Thumb Code     0  startup_tm4c123.o(.text)
    StartCritical                            0x000004ad   Thumb Code     0  startup_tm4c123.o(.text)
    EndCritical                              0x000004b5   Thumb Code     0  startup_tm4c123.o(.text)
    WaitForInterrupt                         0x000004bb   Thumb Code     0  startup_tm4c123.o(.text)
    __user_initial_stackheap                 0x000004bf   Thumb Code     0  startup_tm4c123.o(.text)
    calloc                                   0x000004d9   Thumb Code    40  calloc.o(.text)
    free                                     0x00000501   Thumb Code    78  h1_free.o(.text)
    __aeabi_uldivmod                         0x0000054f   Thumb Code     0  lludivv7m.o(.text)
    _ll_udiv                                 0x0000054f   Thumb Code   238  lludivv7m.o(.text)
    __2sprintf                               0x0000063d   Thumb Code    34  noretval__2sprintf.o(.text)
    _printf_pre_padding                      0x00000665   Thumb Code    44  _printf_pad.o(.text)
    _printf_post_padding                     0x00000691   Thumb Code    34  _printf_pad.o(.text)
    _printf_str                              0x000006b3   Thumb Code    82  _printf_str.o(.text)
    _printf_int_dec                          0x00000705   Thumb Code   104  _printf_dec.o(.text)
    __printf                                 0x0000077d   Thumb Code   270  __printf_wp.o(.text)
    strlen                                   0x0000088b   Thumb Code    62  strlen.o(.text)
    __aeabi_memcpy                           0x000008c9   Thumb Code     0  rt_memcpy_v6.o(.text)
    __rt_memcpy                              0x000008c9   Thumb Code   138  rt_memcpy_v6.o(.text)
    _memcpy_lastbytes                        0x0000092f   Thumb Code     0  rt_memcpy_v6.o(.text)
    __aeabi_memcpy4                          0x00000953   Thumb Code     0  rt_memcpy_w.o(.text)
    __aeabi_memcpy8                          0x00000953   Thumb Code     0  rt_memcpy_w.o(.text)
    __rt_memcpy_w                            0x00000953   Thumb Code   100  rt_memcpy_w.o(.text)
    _memcpy_lastbytes_aligned                0x0000099b   Thumb Code     0  rt_memcpy_w.o(.text)
    __aeabi_memclr4                          0x000009b7   Thumb Code     0  rt_memclr_w.o(.text)
    __aeabi_memclr8                          0x000009b7   Thumb Code     0  rt_memclr_w.o(.text)
    __rt_memclr_w                            0x000009b7   Thumb Code    78  rt_memclr_w.o(.text)
    _memset_w                                0x000009bb   Thumb Code     0  rt_memclr_w.o(.text)
    __use_two_region_memory                  0x00000a05   Thumb Code     2  heapauxi.o(.text)
    __rt_heap_escrow                         0x00000a07   Thumb Code     2  heapauxi.o(.text)
    __rt_heap_expand                         0x00000a09   Thumb Code     2  heapauxi.o(.text)
    __rt_heap_descriptor                     0x00000a0d   Thumb Code     8  rt_heap_descriptor_intlibspace.o(.text)
    __use_no_heap                            0x00000a15   Thumb Code     2  hguard.o(.text)
    __heap$guard                             0x00000a17   Thumb Code     2  hguard.o(.text)
    _terminate_user_alloc                    0x00000a19   Thumb Code     2  init_alloc.o(.text)
    _init_user_alloc                         0x00000a1b   Thumb Code     2  init_alloc.o(.text)
    __Heap_Full                              0x00000a1d   Thumb Code    34  init_alloc.o(.text)
    __Heap_Broken                            0x00000a3f   Thumb Code     6  init_alloc.o(.text)
    _init_alloc                              0x00000a45   Thumb Code    94  init_alloc.o(.text)
    malloc                                   0x00000aa3   Thumb Code    94  h1_alloc.o(.text)
    _printf_int_common                       0x00000b01   Thumb Code   178  _printf_intcommon.o(.text)
    _printf_char_common                      0x00000bbf   Thumb Code    32  _printf_char_common.o(.text)
    _sputc                                   0x00000be5   Thumb Code    10  _sputc.o(.text)
    _printf_cs_common                        0x00000bef   Thumb Code    20  _printf_char.o(.text)
    _printf_char                             0x00000c03   Thumb Code    16  _printf_char.o(.text)
    _printf_string                           0x00000c13   Thumb Code     8  _printf_char.o(.text)
    __aeabi_memclr                           0x00000c1b   Thumb Code     0  rt_memclr.o(.text)
    __rt_memclr                              0x00000c1b   Thumb Code    68  rt_memclr.o(.text)
    _memset                                  0x00000c1f   Thumb Code     0  rt_memclr.o(.text)
    __user_libspace                          0x00000c61   Thumb Code     8  libspace.o(.text)
    __user_perproc_libspace                  0x00000c61   Thumb Code     0  libspace.o(.text)
    __user_perthread_libspace                0x00000c61   Thumb Code     0  libspace.o(.text)
    __Heap_Initialize                        0x00000c69   Thumb Code    10  h1_init.o(.text)
    __Heap_DescSize                          0x00000c73   Thumb Code     4  h1_init.o(.text)
    __Heap_ProvideMemory                     0x00000c77   Thumb Code    52  h1_extend.o(.text)
    __rt_SIGRTMEM                            0x00000cab   Thumb Code    14  defsig_rtmem_outer.o(.text)
    __user_setup_stackheap                   0x00000cb9   Thumb Code    74  sys_stackheap_outer.o(.text)
    exit                                     0x00000d03   Thumb Code    18  exit.o(.text)
    __sig_exit                               0x00000d15   Thumb Code    10  defsig_exit.o(.text)
    __rt_SIGRTMEM_inner                      0x00000d21   Thumb Code    22  defsig_rtmem_inner.o(.text)
    _sys_exit                                0x00000d71   Thumb Code     8  sys_exit.o(.text)
    __I$use$semihosting                      0x00000d7d   Thumb Code     0  use_no_semi.o(.text)
    __use_no_semihosting_swi                 0x00000d7d   Thumb Code     2  use_no_semi.o(.text)
    __default_signal_display                 0x00000d7f   Thumb Code    50  defsig_general.o(.text)
    __semihosting_library_function           0x00000d7f   Thumb Code     0  indicate_semi.o(.text)
    _ttywrch                                 0x00000db1   Thumb Code    14  sys_wrch.o(.text)
    AddMinsToTimeslot                        0x00000dbf   Thumb Code    46  date_time_lib.o(i.AddMinsToTimeslot)
    BSP_Button1_Init                         0x00000ded   Thumb Code   112  bsp.o(i.BSP_Button1_Init)
    BSP_Button2_Init                         0x00000e6d   Thumb Code   124  bsp.o(i.BSP_Button2_Init)
    BSP_Clock_InitFastest                    0x00000efd   Thumb Code   126  bsp.o(i.BSP_Clock_InitFastest)
    BSP_Delay1ms                             0x00000f89   Thumb Code    22  bsp.o(i.BSP_Delay1ms)
    BSP_LCD_Color565                         0x00000f9f   Thumb Code    24  bsp.o(i.BSP_LCD_Color565)
    BSP_LCD_DrawChar                         0x00000fb9   Thumb Code   260  bsp.o(i.BSP_LCD_DrawChar)
    BSP_LCD_DrawFastHLine                    0x000010c9   Thumb Code   116  bsp.o(i.BSP_LCD_DrawFastHLine)
    BSP_LCD_DrawFastVLine                    0x00001145   Thumb Code   116  bsp.o(i.BSP_LCD_DrawFastVLine)
    BSP_LCD_DrawString                       0x000011c1   Thumb Code    58  bsp.o(i.BSP_LCD_DrawString)
    BSP_LCD_FillRect                         0x000011fd   Thumb Code   164  bsp.o(i.BSP_LCD_FillRect)
    BSP_LCD_FillScreen                       0x000012a9   Thumb Code    28  bsp.o(i.BSP_LCD_FillScreen)
    BSP_LCD_Init                             0x000012cd   Thumb Code    10  bsp.o(i.BSP_LCD_Init)
    BSP_LCD_SetCursor                        0x000012d9   Thumb Code    22  bsp.o(i.BSP_LCD_SetCursor)
    CalculateDayPosition                     0x000012f9   Thumb Code    24  month_view.o(i.CalculateDayPosition)
    CalculateTimeslots                       0x00001311   Thumb Code    86  day_view.o(i.CalculateTimeslots)
    ControllerUpdate                         0x00001369   Thumb Code    50  controller.o(i.ControllerUpdate)
    DayViewDraw                              0x000013a1   Thumb Code   164  day_view.o(i.DayViewDraw)
    DayViewSetup                             0x0000144d   Thumb Code    38  lab5.o(i.DayViewSetup)
    DeleteEvent                              0x00001489   Thumb Code     2  lab5.o(i.DeleteEvent)
    DoTimeslotsOverlap                       0x0000148b   Thumb Code    68  date_time_lib.o(i.DoTimeslotsOverlap)
    DrawCurrentTime                          0x000014d1   Thumb Code   172  day_view.o(i.DrawCurrentTime)
    DrawDayNumbers                           0x00001581   Thumb Code   110  month_view.o(i.DrawDayNumbers)
    DrawDayOfWeekHeader                      0x000015f9   Thumb Code    80  month_view.o(i.DrawDayOfWeekHeader)
    DrawEventEndtime                         0x00001655   Thumb Code   136  scheduler_view.o(i.DrawEventEndtime)
    DrawEventName                            0x000016fd   Thumb Code   106  scheduler_view.o(i.DrawEventName)
    DrawEventStartTime                       0x00001785   Thumb Code   108  scheduler_view.o(i.DrawEventStartTime)
    DrawEvents                               0x00001815   Thumb Code   430  day_view.o(i.DrawEvents)
    DrawHLine                                0x000019c3   Thumb Code    44  lab5.o(i.DrawHLine)
    DrawHeaderDayView                        0x000019f1   Thumb Code    92  day_view.o(i.DrawHeaderDayView)
    DrawHeaderMonthView                      0x00001a65   Thumb Code    88  month_view.o(i.DrawHeaderMonthView)
    DrawHeaderSchedulerView                  0x00001ad1   Thumb Code    90  scheduler_view.o(i.DrawHeaderSchedulerView)
    DrawKeyBoardIfNeeded                     0x00001b45   Thumb Code   214  scheduler_view.o(i.DrawKeyBoardIfNeeded)
    DrawMonthGrid                            0x00001c35   Thumb Code    96  month_view.o(i.DrawMonthGrid)
    DrawSaveAndDeleteButtons                 0x00001c99   Thumb Code   174  scheduler_view.o(i.DrawSaveAndDeleteButtons)
    DrawSelectedDayIndicator                 0x00001d6d   Thumb Code    98  month_view.o(i.DrawSelectedDayIndicator)
    DrawSelectionBullet                      0x00001dd9   Thumb Code    36  scheduler_view.o(i.DrawSelectionBullet)
    DrawSelectionBulletIfNeeded              0x00001dfd   Thumb Code   204  scheduler_view.o(i.DrawSelectionBulletIfNeeded)
    DrawString                               0x00001ed1   Thumb Code    44  lab5.o(i.DrawString)
    DrawTimeslots                            0x00001efd   Thumb Code   126  day_view.o(i.DrawTimeslots)
    DrawTimeslotsAndEvents                   0x00001f91   Thumb Code    94  day_view.o(i.DrawTimeslotsAndEvents)
    DrawVLine                                0x00001ff5   Thumb Code    44  lab5.o(i.DrawVLine)
    FillRect                                 0x00002021   Thumb Code    50  lab5.o(i.FillRect)
    FillScreen                               0x00002053   Thumb Code    28  lab5.o(i.FillScreen)
    GetCurrentCalendarTime                   0x00002071   Thumb Code     4  lab5.o(i.GetCurrentCalendarTime)
    GetDayOfWeek                             0x00002079   Thumb Code    58  date_time_lib.o(i.GetDayOfWeek)
    GetDayView                               0x000020b5   Thumb Code    34  day_view.o(i.GetDayView)
    GetMonthView                             0x000020dd   Thumb Code    34  month_view.o(i.GetMonthView)
    GetNumDaysInMonth                        0x00002105   Thumb Code    36  date_time_lib.o(i.GetNumDaysInMonth)
    GetSchedulerView                         0x0000212d   Thumb Code    34  scheduler_view.o(i.GetSchedulerView)
    ImplCopyScheduledEvent                   0x00002155   Thumb Code     6  scheduler_view.o(i.ImplCopyScheduledEvent)
    ImplGetCurrTimeslot                      0x0000215b   Thumb Code     8  day_view.o(i.ImplGetCurrTimeslot)
    ImplGetDate                              0x00002163   Thumb Code     6  day_view.o(i.ImplGetDate)
    ImplGetDateMonthView                     0x00002169   Thumb Code    38  month_view.o(i.ImplGetDateMonthView)
    ImplGetSchedulerViewState                0x0000218f   Thumb Code     8  scheduler_view.o(i.ImplGetSchedulerViewState)
    ImplGetSelectedEvent                     0x00002197   Thumb Code    30  day_view.o(i.ImplGetSelectedEvent)
    ImplMonthViewDraw                        0x000021b5   Thumb Code    34  month_view.o(i.ImplMonthViewDraw)
    ImplMoveFocusDown                        0x000021d9   Thumb Code   110  scheduler_view.o(i.ImplMoveFocusDown)
    ImplMoveFocusLeft                        0x0000224d   Thumb Code    26  scheduler_view.o(i.ImplMoveFocusLeft)
    ImplMoveFocusRight                       0x0000226d   Thumb Code    26  scheduler_view.o(i.ImplMoveFocusRight)
    ImplMoveFocusUp                          0x0000228d   Thumb Code   108  scheduler_view.o(i.ImplMoveFocusUp)
    ImplSelectCurrElement                    0x000022fd   Thumb Code   140  scheduler_view.o(i.ImplSelectCurrElement)
    ImplSelectNextDay                        0x00002395   Thumb Code    26  month_view.o(i.ImplSelectNextDay)
    ImplSelectNextEvent                      0x000023af   Thumb Code   134  day_view.o(i.ImplSelectNextEvent)
    ImplSelectNextTimeslot                   0x00002435   Thumb Code    22  day_view.o(i.ImplSelectNextTimeslot)
    ImplSelectNextWeek                       0x0000244b   Thumb Code    26  month_view.o(i.ImplSelectNextWeek)
    ImplSelectPrevDay                        0x00002465   Thumb Code    26  month_view.o(i.ImplSelectPrevDay)
    ImplSelectPrevEvent                      0x0000247f   Thumb Code   132  day_view.o(i.ImplSelectPrevEvent)
    ImplSelectPrevTimeslot                   0x00002503   Thumb Code    22  day_view.o(i.ImplSelectPrevTimeslot)
    ImplSelectPrevWeek                       0x00002519   Thumb Code    26  month_view.o(i.ImplSelectPrevWeek)
    ImplSetCurrTimeslot                      0x00002533   Thumb Code    44  day_view.o(i.ImplSetCurrTimeslot)
    ImplSetDate                              0x0000255f   Thumb Code    14  day_view.o(i.ImplSetDate)
    ImplSetEventBaseInfo                     0x0000256d   Thumb Code    28  scheduler_view.o(i.ImplSetEventBaseInfo)
    ImplSetEvents                            0x00002589   Thumb Code    10  day_view.o(i.ImplSetEvents)
    ImplSetExistingEventInfo                 0x00002593   Thumb Code    18  scheduler_view.o(i.ImplSetExistingEventInfo)
    ImplSetMonthInfo                         0x000025a5   Thumb Code    52  month_view.o(i.ImplSetMonthInfo)
    ImplUnselectCurrElement                  0x000025d9   Thumb Code    22  scheduler_view.o(i.ImplUnselectCurrElement)
    InitDayView                              0x000025f9   Thumb Code   138  day_view.o(i.InitDayView)
    InitDayViewController                    0x000026b5   Thumb Code    24  day_view_controller.o(i.InitDayViewController)
    InitMonthView                            0x000026d1   Thumb Code    94  month_view.o(i.InitMonthView)
    InitMonthViewController                  0x00002751   Thumb Code    24  month_view_controller.o(i.InitMonthViewController)
    InitSchedulerView                        0x0000276d   Thumb Code    72  scheduler_view.o(i.InitSchedulerView)
    InitSchedulerViewController              0x000027e1   Thumb Code    24  scheduler_view_controller.o(i.InitSchedulerViewController)
    IsBackButtonPressed                      0x000027fd   Thumb Code     4  lab5.o(i.IsBackButtonPressed)
    IsDownButtonPressed                      0x00002801   Thumb Code     4  lab5.o(i.IsDownButtonPressed)
    IsLeapYear                               0x00002805   Thumb Code    58  date_time_lib.o(i.IsLeapYear)
    IsLeftButtonPressed                      0x0000283f   Thumb Code     4  lab5.o(i.IsLeftButtonPressed)
    IsRightButtonPressed                     0x00002843   Thumb Code     4  lab5.o(i.IsRightButtonPressed)
    IsSelectButtonPressed                    0x00002847   Thumb Code     4  lab5.o(i.IsSelectButtonPressed)
    IsUpButtonPressed                        0x0000284b   Thumb Code     4  lab5.o(i.IsUpButtonPressed)
    LoadEventsForDay                         0x0000284f   Thumb Code     6  lab5.o(i.LoadEventsForDay)
    MonthViewSetup                           0x00002855   Thumb Code    32  lab5.o(i.MonthViewSetup)
    PositionToDayOfMonth                     0x00002881   Thumb Code    54  month_view.o(i.PositionToDayOfMonth)
    Profile_Init                             0x000028b9   Thumb Code   418  profile.o(i.Profile_Init)
    RecalculateEventPlacement                0x00002a8d   Thumb Code   284  day_view.o(i.RecalculateEventPlacement)
    SaveEvent                                0x00002c25   Thumb Code     2  lab5.o(i.SaveEvent)
    Scheduler                                0x00002c29   Thumb Code    90  os.o(i.Scheduler)
    SchedulerViewDraw                        0x00002c9d   Thumb Code    62  scheduler_view.o(i.SchedulerViewDraw)
    SchedulerViewSetup                       0x00002cdd   Thumb Code    28  lab5.o(i.SchedulerViewSetup)
    SubMinsFromTimeslot                      0x00002d09   Thumb Code    68  date_time_lib.o(i.SubMinsFromTimeslot)
    TIMER5A_Handler                          0x00002d4d   Thumb Code    16  texas.o(i.TIMER5A_Handler)
    TimeslotStartSplitMins                   0x00002d65   Thumb Code    42  date_time_lib.o(i.TimeslotStartSplitMins)
    UpdateDayView                            0x00002d8f   Thumb Code   188  day_view_controller.o(i.UpdateDayView)
    UpdateMonthView                          0x00002e4b   Thumb Code   120  month_view_controller.o(i.UpdateMonthView)
    UpdateSchedulerView                      0x00002ec3   Thumb Code   148  scheduler_view_controller.o(i.UpdateSchedulerView)
    WideTimer3A_Handler                      0x00002f59   Thumb Code    16  bsp.o(i.WideTimer3A_Handler)
    WideTimer4A_Handler                      0x00002f71   Thumb Code    16  bsp.o(i.WideTimer4A_Handler)
    WideTimer5A_Handler                      0x00002f89   Thumb Code    16  bsp.o(i.WideTimer5A_Handler)
    _is_digit                                0x00002fa1   Thumb Code    14  __printf_wp.o(i._is_digit)
    determinedaycode                         0x00003209   Thumb Code   138  date_time_lib.o(i.determinedaycode)
    main                                     0x000032a5   Thumb Code    60  lab5.o(i.main)
    __aeabi_dadd                             0x000033fd   Thumb Code     0  daddsub_clz.o(x$fpl$dadd)
    _dadd                                    0x000033fd   Thumb Code   332  daddsub_clz.o(x$fpl$dadd)
    __aeabi_ddiv                             0x0000354d   Thumb Code     0  ddiv.o(x$fpl$ddiv)
    _ddiv                                    0x0000354d   Thumb Code   552  ddiv.o(x$fpl$ddiv)
    __aeabi_d2iz                             0x000037fd   Thumb Code     0  dfix.o(x$fpl$dfix)
    _dfix                                    0x000037fd   Thumb Code    94  dfix.o(x$fpl$dfix)
    __aeabi_i2d                              0x0000385b   Thumb Code     0  dflt_clz.o(x$fpl$dflt)
    _dflt                                    0x0000385b   Thumb Code    46  dflt_clz.o(x$fpl$dflt)
    __fpl_dnaninf                            0x00003889   Thumb Code   156  dnaninf.o(x$fpl$dnaninf)
    __fpl_dretinf                            0x00003925   Thumb Code    12  dretinf.o(x$fpl$dretinf)
    __aeabi_dsub                             0x00003931   Thumb Code     0  daddsub_clz.o(x$fpl$dsub)
    _dsub                                    0x00003931   Thumb Code   464  daddsub_clz.o(x$fpl$dsub)
    __I$use$fp                               0x00003b04   Number         0  usenofp.o(x$fpl$usenofp)
    Region$$Table$$Base                      0x00004150   Number         0  anon$$obj.o(Region$$Table)
    Region$$Table$$Limit                     0x00004170   Number         0  anon$$obj.o(Region$$Table)
    CurrentController                        0x20000000   Data           4  lab5.o(.data)
    dummyDate                                0x20000004   Data           4  lab5.o(.data)
    BACKGROUND_COLOR                         0x20000008   Data           3  lab5.o(.data)
    TEXT_COLOR                               0x2000000b   Data           3  lab5.o(.data)
    LINE_COLOR                               0x2000000e   Data           3  lab5.o(.data)
    DummyTime                                0x20000011   Data           2  lab5.o(.data)
    StX                                      0x20000264   Data           4  bsp.o(.data)
    StY                                      0x20000268   Data           4  bsp.o(.data)
    StTextColor                              0x2000026c   Data           2  bsp.o(.data)
    Messageindex                             0x20000274   Data           4  bsp.o(.data)
    TimeIndex                                0x20000278   Data           4  bsp.o(.data)
    Ymax                                     0x2000027c   Data           4  bsp.o(.data)
    Ymin                                     0x20000280   Data           4  bsp.o(.data)
    Yrange                                   0x20000284   Data           4  bsp.o(.data)
    PlotBGColor                              0x20000288   Data           2  bsp.o(.data)
    PeriodicTask                             0x2000028c   Data           4  bsp.o(.data)
    PeriodicTaskB                            0x20000290   Data           4  bsp.o(.data)
    PeriodicTaskC                            0x20000294   Data           4  bsp.o(.data)
    LightBusy                                0x20000298   Data           4  bsp.o(.data)
    TempBusy                                 0x2000029c   Data           4  bsp.o(.data)
    EVENT_BASE_COLORS                        0x200002a0   Data          18  day_view.o(.data)
    EVENT_SELECTED_COLORS                    0x200002b2   Data          18  day_view.o(.data)
    DayViewSingleton                         0x200002c4   Data           4  day_view.o(.data)
    MonthViewSingleton                       0x200002c8   Data           4  month_view.o(.data)
    SelectedIndicatorColor                   0x200002cc   Data           3  month_view.o(.data)
    FocusedTextColor                         0x200002ec   Data           3  scheduler_view.o(.data)
    SaveButtonColor                          0x200002ef   Data           3  scheduler_view.o(.data)
    SaveButtonSelectedColor                  0x200002f2   Data           3  scheduler_view.o(.data)
    DeleteButtonColor                        0x200002f5   Data           3  scheduler_view.o(.data)
    DeleteButtonSelectedColor                0x200002f8   Data           3  scheduler_view.o(.data)
    selectedKeyIdx                           0x200002fb   Data           1  scheduler_view.o(.data)
    selectedKeyJdx                           0x200002fc   Data           1  scheduler_view.o(.data)
    keyboard                                 0x20000300   Data         128  scheduler_view.o(.data)
    SchedulerViewSingleton                   0x20000380   Data           4  scheduler_view.o(.data)
    days_in_month                            0x20000384   Data          48  date_time_lib.o(.data)
    RunPt                                    0x200003b8   Data           4  os.o(.data)
    periodic1Rate                            0x200003bc   Data           4  os.o(.data)
    periodic2Rate                            0x200003c0   Data           4  os.o(.data)
    periodic1Task                            0x200003c4   Data           4  os.o(.data)
    periodic2Task                            0x200003c8   Data           4  os.o(.data)
    Ticks                                    0x200003d0   Data           8  os.o(.data)
    Mail                                     0x200003d8   Data           4  os.o(.data)
    MailData                                 0x200003dc   Data           4  os.o(.data)
    LogicData                                0x200003e0   Data           1  texas.o(.data)
    Id                                       0x200003e4   Data           4  texas.o(.data)
    PeriodicTask2                            0x200003e8   Data           4  texas.o(.data)
    Messageindexb                            0x200003ec   Data           4  texas.o(.data)
    Messageb                                 0x200003f0   Data           8  texas.o(.data)
    SchedulerViewController                  0x200003f8   Data          16  lab5.o(.bss)
    DayViewController                        0x20000408   Data          16  lab5.o(.bss)
    MonthViewController                      0x20000418   Data          16  lab5.o(.bss)
    __libspace_start                         0x20000568   Data          96  libspace.o(.bss)
    __temporary_stack_top$libspace           0x200005c8   Data           0  libspace.o(.bss)



==============================================================================

Memory Map of the image

  Image Entry point : 0x000003b1

  Load Region LR_1 (Base: 0x00000000, Size: 0x00004568, Max: 0xffffffff, ABSOLUTE, COMPRESSED[0x00004274])

    Execution Region ER_RO (Exec base: 0x00000000, Load base: 0x00000000, Size: 0x00004170, Max: 0xffffffff, ABSOLUTE)

    Exec Addr    Load Addr    Size         Type   Attr      Idx    E Section Name        Object

    0x00000000   0x00000000   0x0000026c   Data   RO         1709    RESET               startup_tm4c123.o
    0x0000026c   0x0000026c   0x00000008   Code   RO         1884  * !!!main             c_w.l(__main.o)
    0x00000274   0x00000274   0x00000034   Code   RO         2143    !!!scatter          c_w.l(__scatter.o)
    0x000002a8   0x000002a8   0x0000005a   Code   RO         2141    !!dczerorl2         c_w.l(__dczerorl2.o)
    0x00000302   0x00000302   0x00000002   PAD
    0x00000304   0x00000304   0x0000001c   Code   RO         2145    !!handler_zi        c_w.l(__scatter_zi.o)
    0x00000320   0x00000320   0x00000000   Code   RO         1873    .ARM.Collect$$_printf_percent$$00000000  c_w.l(_printf_percent.o)
    0x00000320   0x00000320   0x00000006   Code   RO         1872    .ARM.Collect$$_printf_percent$$00000009  c_w.l(_printf_d.o)
    0x00000326   0x00000326   0x00000006   Code   RO         1871    .ARM.Collect$$_printf_percent$$00000014  c_w.l(_printf_s.o)
    0x0000032c   0x0000032c   0x00000004   Code   RO         1948    .ARM.Collect$$_printf_percent$$00000017  c_w.l(_printf_percent_end.o)
    0x00000330   0x00000330   0x00000002   Code   RO         2069    .ARM.Collect$$libinit$$00000000  c_w.l(libinit.o)
    0x00000332   0x00000332   0x00000000   Code   RO         1998    .ARM.Collect$$libinit$$00000002  c_w.l(libinit2.o)
    0x00000332   0x00000332   0x00000000   Code   RO         2000    .ARM.Collect$$libinit$$00000004  c_w.l(libinit2.o)
    0x00000332   0x00000332   0x00000008   Code   RO         2001    .ARM.Collect$$libinit$$00000005  c_w.l(libinit2.o)
    0x0000033a   0x0000033a   0x00000000   Code   RO         2003    .ARM.Collect$$libinit$$0000000A  c_w.l(libinit2.o)
    0x0000033a   0x0000033a   0x00000000   Code   RO         2005    .ARM.Collect$$libinit$$0000000C  c_w.l(libinit2.o)
    0x0000033a   0x0000033a   0x00000000   Code   RO         2007    .ARM.Collect$$libinit$$0000000E  c_w.l(libinit2.o)
    0x0000033a   0x0000033a   0x00000000   Code   RO         2010    .ARM.Collect$$libinit$$00000011  c_w.l(libinit2.o)
    0x0000033a   0x0000033a   0x00000000   Code   RO         2012    .ARM.Collect$$libinit$$00000013  c_w.l(libinit2.o)
    0x0000033a   0x0000033a   0x00000000   Code   RO         2014    .ARM.Collect$$libinit$$00000015  c_w.l(libinit2.o)
    0x0000033a   0x0000033a   0x00000000   Code   RO         2016    .ARM.Collect$$libinit$$00000017  c_w.l(libinit2.o)
    0x0000033a   0x0000033a   0x00000000   Code   RO         2018    .ARM.Collect$$libinit$$00000019  c_w.l(libinit2.o)
    0x0000033a   0x0000033a   0x00000000   Code   RO         2020    .ARM.Collect$$libinit$$0000001B  c_w.l(libinit2.o)
    0x0000033a   0x0000033a   0x00000000   Code   RO         2022    .ARM.Collect$$libinit$$0000001D  c_w.l(libinit2.o)
    0x0000033a   0x0000033a   0x00000000   Code   RO         2024    .ARM.Collect$$libinit$$0000001F  c_w.l(libinit2.o)
    0x0000033a   0x0000033a   0x00000000   Code   RO         2026    .ARM.Collect$$libinit$$00000021  c_w.l(libinit2.o)
    0x0000033a   0x0000033a   0x00000000   Code   RO         2028    .ARM.Collect$$libinit$$00000023  c_w.l(libinit2.o)
    0x0000033a   0x0000033a   0x00000000   Code   RO         2030    .ARM.Collect$$libinit$$00000025  c_w.l(libinit2.o)
    0x0000033a   0x0000033a   0x00000000   Code   RO         2034    .ARM.Collect$$libinit$$0000002C  c_w.l(libinit2.o)
    0x0000033a   0x0000033a   0x00000000   Code   RO         2036    .ARM.Collect$$libinit$$0000002E  c_w.l(libinit2.o)
    0x0000033a   0x0000033a   0x00000000   Code   RO         2038    .ARM.Collect$$libinit$$00000030  c_w.l(libinit2.o)
    0x0000033a   0x0000033a   0x00000000   Code   RO         2040    .ARM.Collect$$libinit$$00000032  c_w.l(libinit2.o)
    0x0000033a   0x0000033a   0x00000002   Code   RO         2041    .ARM.Collect$$libinit$$00000033  c_w.l(libinit2.o)
    0x0000033c   0x0000033c   0x00000002   Code   RO         2138    .ARM.Collect$$libshutdown$$00000000  c_w.l(libshutdown.o)
    0x0000033e   0x0000033e   0x00000000   Code   RO         2094    .ARM.Collect$$libshutdown$$00000002  c_w.l(libshutdown2.o)
    0x0000033e   0x0000033e   0x00000000   Code   RO         2096    .ARM.Collect$$libshutdown$$00000004  c_w.l(libshutdown2.o)
    0x0000033e   0x0000033e   0x00000000   Code   RO         2098    .ARM.Collect$$libshutdown$$00000006  c_w.l(libshutdown2.o)
    0x0000033e   0x0000033e   0x00000000   Code   RO         2101    .ARM.Collect$$libshutdown$$00000009  c_w.l(libshutdown2.o)
    0x0000033e   0x0000033e   0x00000000   Code   RO         2104    .ARM.Collect$$libshutdown$$0000000C  c_w.l(libshutdown2.o)
    0x0000033e   0x0000033e   0x00000000   Code   RO         2106    .ARM.Collect$$libshutdown$$0000000E  c_w.l(libshutdown2.o)
    0x0000033e   0x0000033e   0x00000000   Code   RO         2109    .ARM.Collect$$libshutdown$$00000011  c_w.l(libshutdown2.o)
    0x0000033e   0x0000033e   0x00000002   Code   RO         2110    .ARM.Collect$$libshutdown$$00000012  c_w.l(libshutdown2.o)
    0x00000340   0x00000340   0x00000000   Code   RO         1908    .ARM.Collect$$rtentry$$00000000  c_w.l(__rtentry.o)
    0x00000340   0x00000340   0x00000000   Code   RO         1960    .ARM.Collect$$rtentry$$00000002  c_w.l(__rtentry2.o)
    0x00000340   0x00000340   0x00000006   Code   RO         1972    .ARM.Collect$$rtentry$$00000004  c_w.l(__rtentry4.o)
    0x00000346   0x00000346   0x00000000   Code   RO         1962    .ARM.Collect$$rtentry$$00000009  c_w.l(__rtentry2.o)
    0x00000346   0x00000346   0x00000004   Code   RO         1963    .ARM.Collect$$rtentry$$0000000A  c_w.l(__rtentry2.o)
    0x0000034a   0x0000034a   0x00000000   Code   RO         1965    .ARM.Collect$$rtentry$$0000000C  c_w.l(__rtentry2.o)
    0x0000034a   0x0000034a   0x00000008   Code   RO         1966    .ARM.Collect$$rtentry$$0000000D  c_w.l(__rtentry2.o)
    0x00000352   0x00000352   0x00000002   Code   RO         2077    .ARM.Collect$$rtexit$$00000000  c_w.l(rtexit.o)
    0x00000354   0x00000354   0x00000000   Code   RO         2114    .ARM.Collect$$rtexit$$00000002  c_w.l(rtexit2.o)
    0x00000354   0x00000354   0x00000004   Code   RO         2115    .ARM.Collect$$rtexit$$00000003  c_w.l(rtexit2.o)
    0x00000358   0x00000358   0x00000006   Code   RO         2116    .ARM.Collect$$rtexit$$00000004  c_w.l(rtexit2.o)
    0x0000035e   0x0000035e   0x00000002   PAD
    0x00000360   0x00000360   0x00000006   Code   RO          358    .emb_text           bsp.o
    0x00000366   0x00000366   0x00000002   PAD
    0x00000368   0x00000368   0x00000000   Code   RO         1976    .emb_text           c_w.l(maybetermalloc1.o)
    0x00000368   0x00000368   0x00000048   Code   RO         1479    .text               osasm.o
    0x000003b0   0x000003b0   0x00000128   Code   RO         1710  * .text               startup_tm4c123.o
    0x000004d8   0x000004d8   0x00000028   Code   RO         1781    .text               c_w.l(calloc.o)
    0x00000500   0x00000500   0x0000004e   Code   RO         1783    .text               c_w.l(h1_free.o)
    0x0000054e   0x0000054e   0x000000ee   Code   RO         1837    .text               c_w.l(lludivv7m.o)
    0x0000063c   0x0000063c   0x00000028   Code   RO         1841    .text               c_w.l(noretval__2sprintf.o)
    0x00000664   0x00000664   0x0000004e   Code   RO         1845    .text               c_w.l(_printf_pad.o)
    0x000006b2   0x000006b2   0x00000052   Code   RO         1847    .text               c_w.l(_printf_str.o)
    0x00000704   0x00000704   0x00000078   Code   RO         1849    .text               c_w.l(_printf_dec.o)
    0x0000077c   0x0000077c   0x0000010e   Code   RO         1859    .text               c_w.l(__printf_wp.o)
    0x0000088a   0x0000088a   0x0000003e   Code   RO         1874    .text               c_w.l(strlen.o)
    0x000008c8   0x000008c8   0x0000008a   Code   RO         1876    .text               c_w.l(rt_memcpy_v6.o)
    0x00000952   0x00000952   0x00000064   Code   RO         1878    .text               c_w.l(rt_memcpy_w.o)
    0x000009b6   0x000009b6   0x0000004e   Code   RO         1880    .text               c_w.l(rt_memclr_w.o)
    0x00000a04   0x00000a04   0x00000006   Code   RO         1882    .text               c_w.l(heapauxi.o)
    0x00000a0a   0x00000a0a   0x00000002   PAD
    0x00000a0c   0x00000a0c   0x00000008   Code   RO         1916    .text               c_w.l(rt_heap_descriptor_intlibspace.o)
    0x00000a14   0x00000a14   0x00000004   Code   RO         1918    .text               c_w.l(hguard.o)
    0x00000a18   0x00000a18   0x0000008a   Code   RO         1920    .text               c_w.l(init_alloc.o)
    0x00000aa2   0x00000aa2   0x0000005e   Code   RO         1926    .text               c_w.l(h1_alloc.o)
    0x00000b00   0x00000b00   0x000000b2   Code   RO         1940    .text               c_w.l(_printf_intcommon.o)
    0x00000bb2   0x00000bb2   0x00000002   PAD
    0x00000bb4   0x00000bb4   0x00000030   Code   RO         1942    .text               c_w.l(_printf_char_common.o)
    0x00000be4   0x00000be4   0x0000000a   Code   RO         1944    .text               c_w.l(_sputc.o)
    0x00000bee   0x00000bee   0x0000002c   Code   RO         1946    .text               c_w.l(_printf_char.o)
    0x00000c1a   0x00000c1a   0x00000044   Code   RO         1949    .text               c_w.l(rt_memclr.o)
    0x00000c5e   0x00000c5e   0x00000002   PAD
    0x00000c60   0x00000c60   0x00000008   Code   RO         1956    .text               c_w.l(libspace.o)
    0x00000c68   0x00000c68   0x0000000e   Code   RO         1978    .text               c_w.l(h1_init.o)
    0x00000c76   0x00000c76   0x00000034   Code   RO         1980    .text               c_w.l(h1_extend.o)
    0x00000caa   0x00000caa   0x0000000e   Code   RO         1988    .text               c_w.l(defsig_rtmem_outer.o)
    0x00000cb8   0x00000cb8   0x0000004a   Code   RO         2044    .text               c_w.l(sys_stackheap_outer.o)
    0x00000d02   0x00000d02   0x00000012   Code   RO         2052    .text               c_w.l(exit.o)
    0x00000d14   0x00000d14   0x0000000a   Code   RO         2054    .text               c_w.l(defsig_exit.o)
    0x00000d1e   0x00000d1e   0x00000002   PAD
    0x00000d20   0x00000d20   0x00000050   Code   RO         2060    .text               c_w.l(defsig_rtmem_inner.o)
    0x00000d70   0x00000d70   0x0000000c   Code   RO         2072    .text               c_w.l(sys_exit.o)
    0x00000d7c   0x00000d7c   0x00000002   Code   RO         2074    .text               c_w.l(use_no_semi.o)
    0x00000d7e   0x00000d7e   0x00000000   Code   RO         2076    .text               c_w.l(indicate_semi.o)
    0x00000d7e   0x00000d7e   0x00000032   Code   RO         2085    .text               c_w.l(defsig_general.o)
    0x00000db0   0x00000db0   0x0000000e   Code   RO         2111    .text               c_w.l(sys_wrch.o)
    0x00000dbe   0x00000dbe   0x0000002e   Code   RO         1319    i.AddMinsToTimeslot  date_time_lib.o
    0x00000dec   0x00000dec   0x00000080   Code   RO          361    i.BSP_Button1_Init  bsp.o
    0x00000e6c   0x00000e6c   0x00000090   Code   RO          363    i.BSP_Button2_Init  bsp.o
    0x00000efc   0x00000efc   0x0000008c   Code   RO          368    i.BSP_Clock_InitFastest  bsp.o
    0x00000f88   0x00000f88   0x00000016   Code   RO          369    i.BSP_Delay1ms      bsp.o
    0x00000f9e   0x00000f9e   0x00000018   Code   RO          372    i.BSP_LCD_Color565  bsp.o
    0x00000fb6   0x00000fb6   0x00000002   PAD
    0x00000fb8   0x00000fb8   0x00000110   Code   RO          374    i.BSP_LCD_DrawChar  bsp.o
    0x000010c8   0x000010c8   0x0000007c   Code   RO          376    i.BSP_LCD_DrawFastHLine  bsp.o
    0x00001144   0x00001144   0x0000007c   Code   RO          377    i.BSP_LCD_DrawFastVLine  bsp.o
    0x000011c0   0x000011c0   0x0000003a   Code   RO          379    i.BSP_LCD_DrawString  bsp.o
    0x000011fa   0x000011fa   0x00000002   PAD
    0x000011fc   0x000011fc   0x000000ac   Code   RO          381    i.BSP_LCD_FillRect  bsp.o
    0x000012a8   0x000012a8   0x00000024   Code   RO          382    i.BSP_LCD_FillScreen  bsp.o
    0x000012cc   0x000012cc   0x0000000a   Code   RO          383    i.BSP_LCD_Init      bsp.o
    0x000012d6   0x000012d6   0x00000002   PAD
    0x000012d8   0x000012d8   0x00000020   Code   RO          391    i.BSP_LCD_SetCursor  bsp.o
    0x000012f8   0x000012f8   0x00000018   Code   RO         1037    i.CalculateDayPosition  month_view.o
    0x00001310   0x00001310   0x00000056   Code   RO          869    i.CalculateTimeslots  day_view.o
    0x00001366   0x00001366   0x00000002   PAD
    0x00001368   0x00001368   0x00000038   Code   RO         1376    i.ControllerUpdate  controller.o
    0x000013a0   0x000013a0   0x000000ac   Code   RO          870    i.DayViewDraw       day_view.o
    0x0000144c   0x0000144c   0x0000003c   Code   RO           93    i.DayViewSetup      lab5.o
    0x00001488   0x00001488   0x00000002   Code   RO           94    i.DeleteEvent       lab5.o
    0x0000148a   0x0000148a   0x00000044   Code   RO         1320    i.DoTimeslotsOverlap  date_time_lib.o
    0x000014ce   0x000014ce   0x00000002   PAD
    0x000014d0   0x000014d0   0x000000b0   Code   RO          871    i.DrawCurrentTime   day_view.o
    0x00001580   0x00001580   0x00000078   Code   RO         1038    i.DrawDayNumbers    month_view.o
    0x000015f8   0x000015f8   0x0000005c   Code   RO         1039    i.DrawDayOfWeekHeader  month_view.o
    0x00001654   0x00001654   0x000000a8   Code   RO         1161    i.DrawEventEndtime  scheduler_view.o
    0x000016fc   0x000016fc   0x00000088   Code   RO         1162    i.DrawEventName     scheduler_view.o
    0x00001784   0x00001784   0x00000090   Code   RO         1163    i.DrawEventStartTime  scheduler_view.o
    0x00001814   0x00001814   0x000001ae   Code   RO          872    i.DrawEvents        day_view.o
    0x000019c2   0x000019c2   0x0000002c   Code   RO           95    i.DrawHLine         lab5.o
    0x000019ee   0x000019ee   0x00000002   PAD
    0x000019f0   0x000019f0   0x00000074   Code   RO          873    i.DrawHeaderDayView  day_view.o
    0x00001a64   0x00001a64   0x0000006c   Code   RO         1040    i.DrawHeaderMonthView  month_view.o
    0x00001ad0   0x00001ad0   0x00000074   Code   RO         1164    i.DrawHeaderSchedulerView  scheduler_view.o
    0x00001b44   0x00001b44   0x000000f0   Code   RO         1165    i.DrawKeyBoardIfNeeded  scheduler_view.o
    0x00001c34   0x00001c34   0x00000064   Code   RO         1041    i.DrawMonthGrid     month_view.o
    0x00001c98   0x00001c98   0x000000d4   Code   RO         1166    i.DrawSaveAndDeleteButtons  scheduler_view.o
    0x00001d6c   0x00001d6c   0x0000006c   Code   RO         1042    i.DrawSelectedDayIndicator  month_view.o
    0x00001dd8   0x00001dd8   0x00000024   Code   RO         1167    i.DrawSelectionBullet  scheduler_view.o
    0x00001dfc   0x00001dfc   0x000000d4   Code   RO         1168    i.DrawSelectionBulletIfNeeded  scheduler_view.o
    0x00001ed0   0x00001ed0   0x0000002c   Code   RO           96    i.DrawString        lab5.o
    0x00001efc   0x00001efc   0x00000094   Code   RO          874    i.DrawTimeslots     day_view.o
    0x00001f90   0x00001f90   0x00000064   Code   RO          875    i.DrawTimeslotsAndEvents  day_view.o
    0x00001ff4   0x00001ff4   0x0000002c   Code   RO           97    i.DrawVLine         lab5.o
    0x00002020   0x00002020   0x00000032   Code   RO           98    i.FillRect          lab5.o
    0x00002052   0x00002052   0x0000001c   Code   RO           99    i.FillScreen        lab5.o
    0x0000206e   0x0000206e   0x00000002   PAD
    0x00002070   0x00002070   0x00000008   Code   RO          100    i.GetCurrentCalendarTime  lab5.o
    0x00002078   0x00002078   0x0000003a   Code   RO         1321    i.GetDayOfWeek      date_time_lib.o
    0x000020b2   0x000020b2   0x00000002   PAD
    0x000020b4   0x000020b4   0x00000028   Code   RO          876    i.GetDayView        day_view.o
    0x000020dc   0x000020dc   0x00000028   Code   RO         1043    i.GetMonthView      month_view.o
    0x00002104   0x00002104   0x00000028   Code   RO         1322    i.GetNumDaysInMonth  date_time_lib.o
    0x0000212c   0x0000212c   0x00000028   Code   RO         1169    i.GetSchedulerView  scheduler_view.o
    0x00002154   0x00002154   0x00000006   Code   RO         1170    i.ImplCopyScheduledEvent  scheduler_view.o
    0x0000215a   0x0000215a   0x00000008   Code   RO          877    i.ImplGetCurrTimeslot  day_view.o
    0x00002162   0x00002162   0x00000006   Code   RO          878    i.ImplGetDate       day_view.o
    0x00002168   0x00002168   0x00000026   Code   RO         1044    i.ImplGetDateMonthView  month_view.o
    0x0000218e   0x0000218e   0x00000008   Code   RO         1171    i.ImplGetSchedulerViewState  scheduler_view.o
    0x00002196   0x00002196   0x0000001e   Code   RO          879    i.ImplGetSelectedEvent  day_view.o
    0x000021b4   0x000021b4   0x00000022   Code   RO         1045    i.ImplMonthViewDraw  month_view.o
    0x000021d6   0x000021d6   0x00000002   PAD
    0x000021d8   0x000021d8   0x00000074   Code   RO         1172    i.ImplMoveFocusDown  scheduler_view.o
    0x0000224c   0x0000224c   0x00000020   Code   RO         1173    i.ImplMoveFocusLeft  scheduler_view.o
    0x0000226c   0x0000226c   0x00000020   Code   RO         1174    i.ImplMoveFocusRight  scheduler_view.o
    0x0000228c   0x0000228c   0x00000070   Code   RO         1175    i.ImplMoveFocusUp   scheduler_view.o
    0x000022fc   0x000022fc   0x00000098   Code   RO         1176    i.ImplSelectCurrElement  scheduler_view.o
    0x00002394   0x00002394   0x0000001a   Code   RO         1046    i.ImplSelectNextDay  month_view.o
    0x000023ae   0x000023ae   0x00000086   Code   RO          880    i.ImplSelectNextEvent  day_view.o
    0x00002434   0x00002434   0x00000016   Code   RO          881    i.ImplSelectNextTimeslot  day_view.o
    0x0000244a   0x0000244a   0x0000001a   Code   RO         1047    i.ImplSelectNextWeek  month_view.o
    0x00002464   0x00002464   0x0000001a   Code   RO         1048    i.ImplSelectPrevDay  month_view.o
    0x0000247e   0x0000247e   0x00000084   Code   RO          882    i.ImplSelectPrevEvent  day_view.o
    0x00002502   0x00002502   0x00000016   Code   RO          883    i.ImplSelectPrevTimeslot  day_view.o
    0x00002518   0x00002518   0x0000001a   Code   RO         1049    i.ImplSelectPrevWeek  month_view.o
    0x00002532   0x00002532   0x0000002c   Code   RO          884    i.ImplSetCurrTimeslot  day_view.o
    0x0000255e   0x0000255e   0x0000000e   Code   RO          885    i.ImplSetDate       day_view.o
    0x0000256c   0x0000256c   0x0000001c   Code   RO         1177    i.ImplSetEventBaseInfo  scheduler_view.o
    0x00002588   0x00002588   0x0000000a   Code   RO          886    i.ImplSetEvents     day_view.o
    0x00002592   0x00002592   0x00000012   Code   RO         1178    i.ImplSetExistingEventInfo  scheduler_view.o
    0x000025a4   0x000025a4   0x00000034   Code   RO         1050    i.ImplSetMonthInfo  month_view.o
    0x000025d8   0x000025d8   0x00000020   Code   RO         1179    i.ImplUnselectCurrElement  scheduler_view.o
    0x000025f8   0x000025f8   0x000000bc   Code   RO          887    i.InitDayView       day_view.o
    0x000026b4   0x000026b4   0x0000001c   Code   RO         1019    i.InitDayViewController  day_view_controller.o
    0x000026d0   0x000026d0   0x00000080   Code   RO         1051    i.InitMonthView     month_view.o
    0x00002750   0x00002750   0x0000001c   Code   RO         1143    i.InitMonthViewController  month_view_controller.o
    0x0000276c   0x0000276c   0x00000074   Code   RO         1180    i.InitSchedulerView  scheduler_view.o
    0x000027e0   0x000027e0   0x0000001c   Code   RO         1298    i.InitSchedulerViewController  scheduler_view_controller.o
    0x000027fc   0x000027fc   0x00000004   Code   RO          101    i.IsBackButtonPressed  lab5.o
    0x00002800   0x00002800   0x00000004   Code   RO          102    i.IsDownButtonPressed  lab5.o
    0x00002804   0x00002804   0x0000003a   Code   RO         1323    i.IsLeapYear        date_time_lib.o
    0x0000283e   0x0000283e   0x00000004   Code   RO          103    i.IsLeftButtonPressed  lab5.o
    0x00002842   0x00002842   0x00000004   Code   RO          104    i.IsRightButtonPressed  lab5.o
    0x00002846   0x00002846   0x00000004   Code   RO          105    i.IsSelectButtonPressed  lab5.o
    0x0000284a   0x0000284a   0x00000004   Code   RO          106    i.IsUpButtonPressed  lab5.o
    0x0000284e   0x0000284e   0x00000006   Code   RO          107    i.LoadEventsForDay  lab5.o
    0x00002854   0x00002854   0x0000002c   Code   RO          108    i.MonthViewSetup    lab5.o
    0x00002880   0x00002880   0x00000036   Code   RO         1052    i.PositionToDayOfMonth  month_view.o
    0x000028b6   0x000028b6   0x00000002   PAD
    0x000028b8   0x000028b8   0x000001d4   Code   RO          852    i.Profile_Init      profile.o
    0x00002a8c   0x00002a8c   0x00000124   Code   RO          888    i.RecalculateEventPlacement  day_view.o
    0x00002bb0   0x00002bb0   0x00000074   Code   RO          420    i.ST7735_InitR      bsp.o
    0x00002c24   0x00002c24   0x00000002   Code   RO          109    i.SaveEvent         lab5.o
    0x00002c26   0x00002c26   0x00000002   PAD
    0x00002c28   0x00002c28   0x00000074   Code   RO         1399    i.Scheduler         os.o
    0x00002c9c   0x00002c9c   0x0000003e   Code   RO         1181    i.SchedulerViewDraw  scheduler_view.o
    0x00002cda   0x00002cda   0x00000002   PAD
    0x00002cdc   0x00002cdc   0x0000002c   Code   RO          110    i.SchedulerViewSetup  lab5.o
    0x00002d08   0x00002d08   0x00000044   Code   RO         1324    i.SubMinsFromTimeslot  date_time_lib.o
    0x00002d4c   0x00002d4c   0x00000018   Code   RO         1496    i.TIMER5A_Handler   texas.o
    0x00002d64   0x00002d64   0x0000002a   Code   RO         1325    i.TimeslotStartSplitMins  date_time_lib.o
    0x00002d8e   0x00002d8e   0x000000bc   Code   RO         1020    i.UpdateDayView     day_view_controller.o
    0x00002e4a   0x00002e4a   0x00000078   Code   RO         1144    i.UpdateMonthView   month_view_controller.o
    0x00002ec2   0x00002ec2   0x00000094   Code   RO         1299    i.UpdateSchedulerView  scheduler_view_controller.o
    0x00002f56   0x00002f56   0x00000002   PAD
    0x00002f58   0x00002f58   0x00000018   Code   RO          421    i.WideTimer3A_Handler  bsp.o
    0x00002f70   0x00002f70   0x00000018   Code   RO          422    i.WideTimer4A_Handler  bsp.o
    0x00002f88   0x00002f88   0x00000018   Code   RO          423    i.WideTimer5A_Handler  bsp.o
    0x00002fa0   0x00002fa0   0x0000000e   Code   RO         1861    i._is_digit         c_w.l(__printf_wp.o)
    0x00002fae   0x00002fae   0x00000056   Code   RO          425    i.commandList       bsp.o
    0x00003004   0x00003004   0x00000204   Code   RO          426    i.commonInit        bsp.o
    0x00003208   0x00003208   0x0000009c   Code   RO         1326    i.determinedaycode  date_time_lib.o
    0x000032a4   0x000032a4   0x00000040   Code   RO          111    i.main              lab5.o
    0x000032e4   0x000032e4   0x00000012   Code   RO          435    i.pushColor         bsp.o
    0x000032f6   0x000032f6   0x00000002   PAD
    0x000032f8   0x000032f8   0x00000074   Code   RO          436    i.setAddrWindow     bsp.o
    0x0000336c   0x0000336c   0x00000048   Code   RO          439    i.writecommand      bsp.o
    0x000033b4   0x000033b4   0x00000048   Code   RO          440    i.writedata         bsp.o
    0x000033fc   0x000033fc   0x00000150   Code   RO         1886    x$fpl$dadd          fz_ws.l(daddsub_clz.o)
    0x0000354c   0x0000354c   0x000002b0   Code   RO         1893    x$fpl$ddiv          fz_ws.l(ddiv.o)
    0x000037fc   0x000037fc   0x0000005e   Code   RO         1896    x$fpl$dfix          fz_ws.l(dfix.o)
    0x0000385a   0x0000385a   0x0000002e   Code   RO         1901    x$fpl$dflt          fz_ws.l(dflt_clz.o)
    0x00003888   0x00003888   0x0000009c   Code   RO         1951    x$fpl$dnaninf       fz_ws.l(dnaninf.o)
    0x00003924   0x00003924   0x0000000c   Code   RO         1953    x$fpl$dretinf       fz_ws.l(dretinf.o)
    0x00003930   0x00003930   0x000001d4   Code   RO         1888    x$fpl$dsub          fz_ws.l(daddsub_clz.o)
    0x00003b04   0x00003b04   0x00000000   Code   RO         1955    x$fpl$usenofp       fz_ws.l(usenofp.o)
    0x00003b04   0x00003b04   0x00000004   Data   RO          113    .constdata          lab5.o
    0x00003b08   0x00003b08   0x0000057b   Data   RO          442    .constdata          bsp.o
    0x00004083   0x00004083   0x00000001   PAD
    0x00004084   0x00004084   0x00000030   Data   RO          890    .constdata          day_view.o
    0x000040b4   0x000040b4   0x00000007   Data   RO         1182    .constdata          scheduler_view.o
    0x000040bb   0x000040bb   0x00000001   PAD
    0x000040bc   0x000040bc   0x00000012   Data   RO         1053    .conststring        month_view.o
    0x000040ce   0x000040ce   0x00000002   PAD
    0x000040d0   0x000040d0   0x0000007e   Data   RO         1183    .conststring        scheduler_view.o
    0x0000414e   0x0000414e   0x00000002   PAD
    0x00004150   0x00004150   0x00000020   Data   RO         2139    Region$$Table       anon$$obj.o


    Execution Region ER_RW (Exec base: 0x20000000, Load base: 0x00004170, Size: 0x000003f8, Max: 0xffffffff, ABSOLUTE, COMPRESSED[0x00000104])

    Exec Addr    Load Addr    Size         Type   Attr      Idx    E Section Name        Object

    0x20000000   COMPRESSED   0x0000025c   Data   RW          114    .data               lab5.o
    0x2000025c   COMPRESSED   0x00000044   Data   RW          443    .data               bsp.o
    0x200002a0   COMPRESSED   0x00000028   Data   RW          891    .data               day_view.o
    0x200002c8   COMPRESSED   0x00000024   Data   RW         1054    .data               month_view.o
    0x200002ec   COMPRESSED   0x00000098   Data   RW         1184    .data               scheduler_view.o
    0x20000384   COMPRESSED   0x00000030   Data   RW         1327    .data               date_time_lib.o
    0x200003b4   COMPRESSED   0x00000004   PAD
    0x200003b8   COMPRESSED   0x00000028   Data   RW         1402    .data               os.o
    0x200003e0   COMPRESSED   0x00000018   Data   RW         1519    .data               texas.o


    Execution Region ER_ZI (Exec base: 0x200003f8, Load base: 0x00004274, Size: 0x000029d0, Max: 0xffffffff, ABSOLUTE)

    Exec Addr    Load Addr    Size         Type   Attr      Idx    E Section Name        Object

    0x200003f8        -       0x00000030   Zero   RW          112    .bss                lab5.o
    0x20000428        -       0x00000140   Zero   RW          889    .bss                day_view.o
    0x20000568        -       0x00000060   Zero   RW         1957    .bss                c_w.l(libspace.o)
    0x200005c8        -       0x00002000   Zero   RW         1708    HEAP                startup_tm4c123.o
    0x200025c8        -       0x00000800   Zero   RW         1707    STACK               startup_tm4c123.o


==============================================================================

Image component sizes


      Code (inc. data)   RO Data    RW Data    ZI Data      Debug   Object Name

      2360        250       1403         68          0      15967   bsp.o
        56          6          0          0          0        567   controller.o
       536         22          0         48          0       5759   date_time_lib.o
      2170        128         48         40        320      16330   day_view.o
       216          4          0          0          0       1956   day_view_controller.o
         0          0          0          0          0       4508   edisk.o
       464         58          4        604         48      16949   lab5.o
      1002         96         18         36          0       9417   month_view.o
       148          4          0          0          0       1780   month_view_controller.o
       116         26          0         40          0       1596   os.o
        72          4          0          0          0        228   osasm.o
       468         50          0          0          0        515   profile.o
      2018        290        133        152          0      13104   scheduler_view.o
       176          4          0          0          0       1756   scheduler_view_controller.o
       296         22        620          0      10240       5664   startup_tm4c123.o
        24          8          0         24          0       4798   texas.o

    ----------------------------------------------------------------------
     10152        972       2264       1016      10608     100894   Object Totals
         0          0         32          0          0          0   (incl. Generated)
        30          0          6          4          0          0   (incl. Padding)

    ----------------------------------------------------------------------

      Code (inc. data)   RO Data    RW Data    ZI Data      Debug   Library Member Name

        90          0          0          0          0          0   __dczerorl2.o
         8          0          0          0          0         68   __main.o
       284          0          0          0          0        156   __printf_wp.o
         0          0          0          0          0          0   __rtentry.o
        12          0          0          0          0          0   __rtentry2.o
         6          0          0          0          0          0   __rtentry4.o
        52          8          0          0          0          0   __scatter.o
        28          0          0          0          0          0   __scatter_zi.o
        44          0          0          0          0        108   _printf_char.o
        48          6          0          0          0         96   _printf_char_common.o
         6          0          0          0          0          0   _printf_d.o
       120         16          0          0          0         92   _printf_dec.o
       178          0          0          0          0         88   _printf_intcommon.o
        78          0          0          0          0        108   _printf_pad.o
         0          0          0          0          0          0   _printf_percent.o
         4          0          0          0          0          0   _printf_percent_end.o
         6          0          0          0          0          0   _printf_s.o
        82          0          0          0          0         80   _printf_str.o
        10          0          0          0          0         68   _sputc.o
        40          0          0          0          0         80   calloc.o
        10          0          0          0          0         68   defsig_exit.o
        50          0          0          0          0         88   defsig_general.o
        80         58          0          0          0         76   defsig_rtmem_inner.o
        14          0          0          0          0         80   defsig_rtmem_outer.o
        18          0          0          0          0         80   exit.o
        94          0          0          0          0         80   h1_alloc.o
        52          0          0          0          0         68   h1_extend.o
        78          0          0          0          0         80   h1_free.o
        14          0          0          0          0         84   h1_init.o
         6          0          0          0          0        152   heapauxi.o
         4          0          0          0          0        136   hguard.o
         0          0          0          0          0          0   indicate_semi.o
       138          0          0          0          0        168   init_alloc.o
         2          0          0          0          0          0   libinit.o
        10          0          0          0          0          0   libinit2.o
         2          0          0          0          0          0   libshutdown.o
         2          0          0          0          0          0   libshutdown2.o
         8          4          0          0         96         68   libspace.o
       238          0          0          0          0        100   lludivv7m.o
         0          0          0          0          0          0   maybetermalloc1.o
        40          6          0          0          0         84   noretval__2sprintf.o
         8          4          0          0          0         68   rt_heap_descriptor_intlibspace.o
        68          0          0          0          0         68   rt_memclr.o
        78          0          0          0          0         80   rt_memclr_w.o
       138          0          0          0          0         68   rt_memcpy_v6.o
       100          0          0          0          0         80   rt_memcpy_w.o
         2          0          0          0          0          0   rtexit.o
        10          0          0          0          0          0   rtexit2.o
        62          0          0          0          0         76   strlen.o
        12          4          0          0          0         68   sys_exit.o
        74          0          0          0          0         80   sys_stackheap_outer.o
        14          0          0          0          0         76   sys_wrch.o
         2          0          0          0          0         68   use_no_semi.o
       804         16          0          0          0        272   daddsub_clz.o
       688        140          0          0          0        208   ddiv.o
        94          4          0          0          0         92   dfix.o
        46          0          0          0          0         68   dflt_clz.o
       156          4          0          0          0         92   dnaninf.o
        12          0          0          0          0         68   dretinf.o
         0          0          0          0          0          0   usenofp.o

    ----------------------------------------------------------------------
      4336        270          0          0         96       3888   Library Totals
        12          0          0          0          0          0   (incl. Padding)

    ----------------------------------------------------------------------

      Code (inc. data)   RO Data    RW Data    ZI Data      Debug   Library Name

      2524        106          0          0         96       3088   c_w.l
      1800        164          0          0          0        800   fz_ws.l

    ----------------------------------------------------------------------
      4336        270          0          0         96       3888   Library Totals

    ----------------------------------------------------------------------

==============================================================================


      Code (inc. data)   RO Data    RW Data    ZI Data      Debug   

     14488       1242       2264       1016      10704      96770   Grand Totals
     14488       1242       2264        260      10704      96770   ELF Image Totals (compressed)
     14488       1242       2264        260          0          0   ROM Totals

==============================================================================

    Total RO  Size (Code + RO Data)                16752 (  16.36kB)
    Total RW  Size (RW Data + ZI Data)             11720 (  11.45kB)
    Total ROM Size (Code + RO Data + RW Data)      17012 (  16.61kB)

==============================================================================

